[    0.000000] Initializing cgroup subsys cpuset
[    0.000000] Initializing cgroup subsys cpu
[    0.000000] Initializing cgroup subsys cpuacct
[    0.000000] Linux version 4.4.0-141-generic (buildd@lcy01-amd64-006) (gcc version 5.4.0 20160609 (Ubuntu 5.4.0-6ubuntu1~16.04.10) ) #167-Ubuntu SMP Wed Dec 5 10:40:15 UTC 2018 (Ubuntu 4.4.0-141.167-generic 4.4.162)
[    0.000000] Command line: BOOT_IMAGE=/boot/vmlinuz-4.4.0-141-generic root=LABEL=cloudimg-rootfs ro console=tty1 console=ttyS0
[    0.000000] KERNEL supported cpus:
[    0.000000]   Intel GenuineIntel
[    0.000000]   AMD AuthenticAMD
[    0.000000]   Centaur CentaurHauls
[    0.000000] x86/fpu: xstate_offset[2]:  576, xstate_sizes[2]:  256
[    0.000000] x86/fpu: Supporting XSAVE feature 0x01: 'x87 floating point registers'
[    0.000000] x86/fpu: Supporting XSAVE feature 0x02: 'SSE registers'
[    0.000000] x86/fpu: Supporting XSAVE feature 0x04: 'AVX registers'
[    0.000000] x86/fpu: Enabled xstate features 0x7, context size is 832 bytes, using 'standard' format.
[    0.000000] e820: BIOS-provided physical RAM map:
[    0.000000] BIOS-e820: [mem 0x0000000000000000-0x000000000009fbff] usable
[    0.000000] BIOS-e820: [mem 0x000000000009fc00-0x000000000009ffff] reserved
[    0.000000] BIOS-e820: [mem 0x00000000000f0000-0x00000000000fffff] reserved
[    0.000000] BIOS-e820: [mem 0x0000000000100000-0x000000007ffeffff] usable
[    0.000000] BIOS-e820: [mem 0x000000007fff0000-0x000000007fffffff] ACPI data
[    0.000000] BIOS-e820: [mem 0x00000000fec00000-0x00000000fec00fff] reserved
[    0.000000] BIOS-e820: [mem 0x00000000fee00000-0x00000000fee00fff] reserved
[    0.000000] BIOS-e820: [mem 0x00000000fffc0000-0x00000000ffffffff] reserved
[    0.000000] NX (Execute Disable) protection: active
[    0.000000] SMBIOS 2.5 present.
[    0.000000] Hypervisor detected: KVM
[    0.000000] e820: last_pfn = 0x7fff0 max_arch_pfn = 0x400000000
[    0.000000] MTRR: Disabled
[    0.000000] x86/PAT: MTRRs disabled, skipping PAT initialization too.
[    0.000000] CPU MTRRs all blank - virtualized system.
[    0.000000] x86/PAT: Configuration [0-7]: WB  WT  UC- UC  WB  WT  UC- UC  
[    0.000000] found SMP MP-table at [mem 0x0009fff0-0x0009ffff] mapped at [ffff88000009fff0]
[    0.000000] Scanning 1 areas for low memory corruption
[    0.000000] RAMDISK: [mem 0x361ec000-0x370edfff]
[    0.000000] ACPI: Early table checksum verification disabled
[    0.000000] ACPI: RSDP 0x00000000000E0000 000024 (v02 VBOX  )
[    0.000000] ACPI: XSDT 0x000000007FFF0030 00003C (v01 VBOX   VBOXXSDT 00000001 ASL  00000061)
[    0.000000] ACPI: FACP 0x000000007FFF00F0 0000F4 (v04 VBOX   VBOXFACP 00000001 ASL  00000061)
[    0.000000] ACPI: DSDT 0x000000007FFF0470 0022EA (v02 VBOX   VBOXBIOS 00000002 INTL 20100528)
[    0.000000] ACPI: FACS 0x000000007FFF0200 000040
[    0.000000] ACPI: FACS 0x000000007FFF0200 000040
[    0.000000] ACPI: APIC 0x000000007FFF0240 00005C (v02 VBOX   VBOXAPIC 00000001 ASL  00000061)
[    0.000000] ACPI: SSDT 0x000000007FFF02A0 0001CC (v01 VBOX   VBOXCPUT 00000002 INTL 20100528)
[    0.000000] No NUMA configuration found
[    0.000000] Faking a node at [mem 0x0000000000000000-0x000000007ffeffff]
[    0.000000] NODE_DATA(0) allocated [mem 0x7ffeb000-0x7ffeffff]
[    0.000000] kvm-clock: Using msrs 4b564d01 and 4b564d00
[    0.000000] kvm-clock: cpu 0, msr 0:7ffe3001, primary cpu clock
[    0.000000] kvm-clock: using sched offset of 8169435176 cycles
[    0.000000] clocksource: kvm-clock: mask: 0xffffffffffffffff max_cycles: 0x1cd42e4dffb, max_idle_ns: 881590591483 ns
[    0.000000] Zone ranges:
[    0.000000]   DMA      [mem 0x0000000000001000-0x0000000000ffffff]
[    0.000000]   DMA32    [mem 0x0000000001000000-0x000000007ffeffff]
[    0.000000]   Normal   empty
[    0.000000]   Device   empty
[    0.000000] Movable zone start for each node
[    0.000000] Early memory node ranges
[    0.000000]   node   0: [mem 0x0000000000001000-0x000000000009efff]
[    0.000000]   node   0: [mem 0x0000000000100000-0x000000007ffeffff]
[    0.000000] Initmem setup node 0 [mem 0x0000000000001000-0x000000007ffeffff]
[    0.000000] ACPI: PM-Timer IO Port: 0x4008
[    0.000000] IOAPIC[0]: apic_id 2, version 32, address 0xfec00000, GSI 0-23
[    0.000000] ACPI: INT_SRC_OVR (bus 0 bus_irq 0 global_irq 2 dfl dfl)
[    0.000000] ACPI: INT_SRC_OVR (bus 0 bus_irq 9 global_irq 9 low level)
[    0.000000] Using ACPI (MADT) for SMP configuration information
[    0.000000] smpboot: Allowing 2 CPUs, 0 hotplug CPUs
[    0.000000] PM: Registered nosave memory: [mem 0x00000000-0x00000fff]
[    0.000000] PM: Registered nosave memory: [mem 0x0009f000-0x0009ffff]
[    0.000000] PM: Registered nosave memory: [mem 0x000a0000-0x000effff]
[    0.000000] PM: Registered nosave memory: [mem 0x000f0000-0x000fffff]
[    0.000000] e820: [mem 0x80000000-0xfebfffff] available for PCI devices
[    0.000000] Booting paravirtualized kernel on KVM
[    0.000000] clocksource: refined-jiffies: mask: 0xffffffff max_cycles: 0xffffffff, max_idle_ns: 7645519600211568 ns
[    0.000000] setup_percpu: NR_CPUS:512 nr_cpumask_bits:512 nr_cpu_ids:2 nr_node_ids:1
[    0.000000] PERCPU: Embedded 34 pages/cpu @ffff88007fc00000 s99608 r8192 d31464 u1048576
[    0.000000] PV qspinlock hash table entries: 256 (order: 0, 4096 bytes)
[    0.000000] Built 1 zonelists in Node order, mobility grouping on.  Total pages: 515960
[    0.000000] Policy zone: DMA32
[    0.000000] Kernel command line: BOOT_IMAGE=/boot/vmlinuz-4.4.0-141-generic root=LABEL=cloudimg-rootfs ro console=tty1 console=ttyS0
[    0.000000] PID hash table entries: 4096 (order: 3, 32768 bytes)
[    0.000000] Memory: 2029328K/2096696K available (8568K kernel code, 1314K rwdata, 4008K rodata, 1528K init, 1316K bss, 67368K reserved, 0K cma-reserved)
[    0.000000] SLUB: HWalign=64, Order=0-3, MinObjects=0, CPUs=2, Nodes=1
[    0.000000] Kernel/User page tables isolation: enabled
[    0.000000] Hierarchical RCU implementation.
[    0.000000] 	Build-time adjustment of leaf fanout to 64.
[    0.000000] 	RCU restricting CPUs from NR_CPUS=512 to nr_cpu_ids=2.
[    0.000000] RCU: Adjusting geometry for rcu_fanout_leaf=64, nr_cpu_ids=2
[    0.000000] NR_IRQS:33024 nr_irqs:440 16
[    0.000000] Console: colour VGA+ 80x25
[    0.000000] console [tty1] enabled
[    0.000000] console [ttyS0] enabled
[    0.000000] tsc: Detected 2292.562 MHz processor
[    0.955133] Calibrating delay loop (skipped) preset value.. 4585.12 BogoMIPS (lpj=9170248)
[    0.964383] pid_max: default: 32768 minimum: 301
[    0.969774] ACPI: Core revision 20150930
[    0.985945] ACPI: 2 ACPI AML tables successfully acquired and loaded
[    0.993941] Security Framework initialized
[    0.999668] Yama: becoming mindful.
[    1.004459] AppArmor: AppArmor initialized
[    1.015317] Dentry cache hash table entries: 262144 (order: 9, 2097152 bytes)
[    1.027386] Inode-cache hash table entries: 131072 (order: 8, 1048576 bytes)
[    1.039561] Mount-cache hash table entries: 4096 (order: 3, 32768 bytes)
[    1.046693] Mountpoint-cache hash table entries: 4096 (order: 3, 32768 bytes)
[    1.053167] Initializing cgroup subsys io
[    1.057042] Initializing cgroup subsys memory
[    1.062589] Initializing cgroup subsys devices
[    1.067432] Initializing cgroup subsys freezer
[    1.072520] Initializing cgroup subsys net_cls
[    1.078613] Initializing cgroup subsys perf_event
[    1.083486] Initializing cgroup subsys net_prio
[    1.088611] Initializing cgroup subsys hugetlb
[    1.093243] Initializing cgroup subsys pids
[    1.099400] mce: CPU supports 0 MCE banks
[    1.104226] Last level iTLB entries: 4KB 512, 2MB 8, 4MB 8
[    1.110693] Last level dTLB entries: 4KB 512, 2MB 32, 4MB 32, 1GB 0
[    1.117404] Spectre V2 : Mitigation: Full generic retpoline
[    1.123449] Spectre V2 : Spectre v2 mitigation: Speculation control IBPB not-supported IBRS not-supported
[    1.132896] Spectre V2 : Spectre v2 / SpectreRSB mitigation: Filling RSB on context switch
[    1.143544] Speculative Store Bypass: Vulnerable
[    1.163569] Freeing SMP alternatives memory: 32K
[    1.216105] ftrace: allocating 32291 entries in 127 pages
[    1.513711] smpboot: APIC(0) Converting physical 0 to logical package 0
[    1.520637] smpboot: Max logical packages: 1
[    1.527307] x2apic enabled
[    1.533334] Switched APIC routing to physical x2apic.
[    1.544750] ..TIMER: vector=0x30 apic1=0 pin1=2 apic2=-1 pin2=-1
[    1.658059] smpboot: CPU0: Intel(R) Core(TM) i3-2350M CPU @ 2.30GHz (family: 0x6, model: 0x2a, stepping: 0x7)
[    1.670257] Performance Events: unsupported p6 CPU model 42 no PMU driver, software events only.
[    1.679657] KVM setup paravirtual spinlock
[    1.688732] x86: Booting SMP configuration:
[    1.693301] .... node  #0, CPUs:      #1
[    1.697223] kvm-clock: cpu 1, msr 0:7ffe3041, secondary cpu clock
[    1.702384] mce: CPU supports 0 MCE banks
[    1.707636] x86: Booted up 1 node, 2 CPUs
[    1.712892] smpboot: Total of 2 processors activated (9170.24 BogoMIPS)
[    1.721741] devtmpfs: initialized
[    1.758161] evm: security.selinux
[    1.761647] evm: security.SMACK64
[    1.765993] evm: security.SMACK64EXEC
[    1.770174] evm: security.SMACK64TRANSMUTE
[    1.775396] evm: security.SMACK64MMAP
[    1.779624] evm: security.ima
[    1.783297] evm: security.capability
[    1.788463] clocksource: jiffies: mask: 0xffffffff max_cycles: 0xffffffff, max_idle_ns: 7645041785100000 ns
[    1.800176] futex hash table entries: 512 (order: 3, 32768 bytes)
[    1.806924] pinctrl core: initialized pinctrl subsystem
[    1.812926] RTC time: 20:59:50, date: 01/14/19
[    1.818602] NET: Registered protocol family 16
[    1.836580] cpuidle: using governor ladder
[    1.856154] cpuidle: using governor menu
[    1.861345] PCCT header not found.
[    1.866851] ACPI: bus type PCI registered
[    1.872471] acpiphp: ACPI Hot Plug PCI Controller Driver version: 0.5
[    1.881076] PCI: Using configuration type 1 for base access
[    1.907052] ACPI: Added _OSI(Module Device)
[    1.911678] ACPI: Added _OSI(Processor Device)
[    1.917060] ACPI: Added _OSI(3.0 _SCP Extensions)
[    1.922480] ACPI: Added _OSI(Processor Aggregator Device)
[    1.932686] ACPI: Executed 1 blocks of module-level executable AML code
[    1.953823] ACPI: Interpreter enabled
[    1.957985] ACPI: (supports S0 S5)
[    1.962305] ACPI: Using IOAPIC for interrupt routing
[    1.968268] PCI: Using host bridge windows from ACPI; if necessary, use "pci=nocrs" and report a bug
[    2.005828] ACPI: PCI Root Bridge [PCI0] (domain 0000 [bus 00-ff])
[    2.012134] acpi PNP0A03:00: _OSC: OS supports [ASPM ClockPM Segments MSI]
[    2.022397] acpi PNP0A03:00: _OSC: not requesting OS control; OS requires [ExtendedConfig ASPM ClockPM MSI]
[    2.035338] acpi PNP0A03:00: fail to add MMCONFIG information, can't access extended PCI configuration space under this bridge.
[    2.051950] PCI host bridge to bus 0000:00
[    2.056780] pci_bus 0000:00: root bus resource [io  0x0000-0x0cf7 window]
[    2.064224] pci_bus 0000:00: root bus resource [io  0x0d00-0xffff window]
[    2.071847] pci_bus 0000:00: root bus resource [mem 0x000a0000-0x000bffff window]
[    2.083776] pci_bus 0000:00: root bus resource [mem 0x80000000-0xfdffffff window]
[    2.093548] pci_bus 0000:00: root bus resource [bus 00-ff]
[    2.107963] pci 0000:00:01.1: legacy IDE quirk: reg 0x10: [io  0x01f0-0x01f7]
[    2.115383] pci 0000:00:01.1: legacy IDE quirk: reg 0x14: [io  0x03f6]
[    2.124811] pci 0000:00:01.1: legacy IDE quirk: reg 0x18: [io  0x0170-0x0177]
[    2.138483] pci 0000:00:01.1: legacy IDE quirk: reg 0x1c: [io  0x0376]
[    2.303045] pci 0000:00:07.0: quirk: [io  0x4000-0x403f] claimed by PIIX4 ACPI
[    2.312433] pci 0000:00:07.0: quirk: [io  0x4100-0x410f] claimed by PIIX4 SMB
[    2.383585] ACPI: PCI Interrupt Link [LNKA] (IRQs 5 9 10 *11)
[    2.393743] ACPI: PCI Interrupt Link [LNKB] (IRQs 5 9 *10 11)
[    2.402188] ACPI: PCI Interrupt Link [LNKC] (IRQs 5 *9 10 11)
[    2.411178] ACPI: PCI Interrupt Link [LNKD] (IRQs 5 9 10 *11)
[    2.423847] ACPI: Enabled 2 GPEs in block 00 to 07
[    2.439353] vgaarb: setting as boot device: PCI:0000:00:02.0
[    2.445685] vgaarb: device added: PCI:0000:00:02.0,decodes=io+mem,owns=io+mem,locks=none
[    2.455618] vgaarb: loaded
[    2.459635] vgaarb: bridge control possible 0000:00:02.0
[    2.466887] SCSI subsystem initialized
[    2.472501] ACPI: bus type USB registered
[    2.478083] usbcore: registered new interface driver usbfs
[    2.484324] usbcore: registered new interface driver hub
[    2.490854] usbcore: registered new device driver usb
[    2.496967] PCI: Using ACPI for IRQ routing
[    2.503393] NetLabel: Initializing
[    2.507755] NetLabel:  domain hash size = 128
[    2.512540] NetLabel:  protocols = UNLABELED CIPSOv4
[    2.517991] NetLabel:  unlabeled traffic allowed by default
[    2.524940] amd_nb: Cannot enumerate AMD northbridges
[    2.531005] clocksource: Switched to clocksource kvm-clock
[    2.583472] AppArmor: AppArmor Filesystem Enabled
[    2.588566] pnp: PnP ACPI init
[    2.596411] pnp: PnP ACPI: found 3 devices
[    2.623738] clocksource: acpi_pm: mask: 0xffffff max_cycles: 0xffffff, max_idle_ns: 2085701024 ns
[    2.633995] NET: Registered protocol family 2
[    2.638897] TCP established hash table entries: 16384 (order: 5, 131072 bytes)
[    2.645937] TCP bind hash table entries: 16384 (order: 6, 262144 bytes)
[    2.650867] TCP: Hash tables configured (established 16384 bind 16384)
[    2.657107] UDP hash table entries: 1024 (order: 3, 32768 bytes)
[    2.662953] UDP-Lite hash table entries: 1024 (order: 3, 32768 bytes)
[    2.668709] NET: Registered protocol family 1
[    2.673200] pci 0000:00:00.0: Limiting direct PCI/PCI transfers
[    2.679549] pci 0000:00:01.0: Activating ISA DMA hang workarounds
[    2.684760] Unpacking initramfs...
[    3.733551] Freeing initrd memory: 15368K
[    3.737764] RAPL PMU detected, API unit is 2^-32 Joules, 3 fixed counters 10737418240 ms ovfl timer
[    3.745464] hw unit of domain pp0-core 2^-0 Joules
[    3.749492] hw unit of domain package 2^-0 Joules
[    3.754111] hw unit of domain pp1-gpu 2^-0 Joules
[    3.758519] platform rtc_cmos: registered platform RTC device (no PNP device found)
[    3.765471] Scanning for low memory corruption every 60 seconds
[    3.770822] audit: initializing netlink subsys (disabled)
[    3.775094] audit: type=2000 audit(1547499601.262:1): initialized
[    3.781423] Initialise system trusted keyring
[    3.786982] HugeTLB registered 2 MB page size, pre-allocated 0 pages
[    3.801417] zbud: loaded
[    3.806663] VFS: Disk quotas dquot_6.6.0
[    3.811402] VFS: Dquot-cache hash table entries: 512 (order 0, 4096 bytes)
[    3.822052] squashfs: version 4.0 (2009/01/31) Phillip Lougher
[    3.830619] fuse init (API version 7.23)
[    3.836941] Key type big_key registered
[    3.842006] Allocating IMA MOK and blacklist keyrings.
[    3.852173] Key type asymmetric registered
[    3.858213] Asymmetric key parser 'x509' registered
[    3.864258] Block layer SCSI generic (bsg) driver version 0.4 loaded (major 249)
[    3.871993] io scheduler noop registered
[    3.876047] io scheduler deadline registered (default)
[    3.881318] io scheduler cfq registered
[    3.885259] pci_hotplug: PCI Hot Plug PCI Core version: 0.5
[    3.889927] pciehp: PCI Express Hot Plug Controller Driver version: 0.4
[    3.899341] ACPI: AC Adapter [AC] (on-line)
[    3.905118] input: Power Button as /devices/LNXSYSTM:00/LNXPWRBN:00/input/input0
[    3.915390] ACPI: Power Button [PWRF]
[    3.920304] input: Sleep Button as /devices/LNXSYSTM:00/LNXSLPBN:00/input/input1
[    3.926467] ACPI: Sleep Button [SLPF]
[    3.931215] GHES: HEST is not enabled!
[    3.933108] ACPI: Battery Slot [BAT0] (battery present)
[    3.940500] Serial: 8250/16550 driver, 32 ports, IRQ sharing enabled
 	
 !"#$%&'()*+,-./0123456789:;<=>?@ABCDEFGHIJKLMNOPQRSTUVWXYZ[\]^_`abcdefghijklmnopqrstuvwxyz{|}~ÄÅÇÉÑÖÜáàâäãåçéèêëíìîïñóòôöõúùûü†°¢£§•¶ß®©™´¨≠ÆØ∞±≤≥¥µ∂∑∏π∫ªºΩæø¿¡¬√ƒ≈∆«»… ÀÃÕŒœ–—“”‘’÷◊ÿŸ⁄€‹›ﬁﬂ‡·‚„‰ÂÊÁËÈÍÎÏÌÓÔÒÚÛÙıˆ˜¯˘˙˚¸˝˛ˇ[    3.972673] 00:02: ttyS0 at I/O 0x3f8 (irq = 4, base_baud = 115200) is a 16550A
[    3.994267] Linux agpgart interface v0.103
[    4.004101] loop: module loaded
[    4.009067] scsi host0: ata_piix
[    4.012376] scsi host1: ata_piix
[    4.015286] ata1: PATA max UDMA/33 cmd 0x1f0 ctl 0x3f6 bmdma 0xd000 irq 14
[    4.020298] ata2: PATA max UDMA/33 cmd 0x170 ctl 0x376 bmdma 0xd008 irq 15
[    4.025102] libphy: Fixed MDIO Bus: probed
[    4.028875] tun: Universal TUN/TAP device driver, 1.6
[    4.032484] tun: (C) 1999-2004 Max Krasnyansky <maxk@qualcomm.com>
[    4.036891] PPP generic driver version 2.4.2
[    4.040756] ehci_hcd: USB 2.0 'Enhanced' Host Controller (EHCI) Driver
[    4.045480] ehci-pci: EHCI PCI platform driver
[    4.049102] ehci-platform: EHCI generic platform driver
[    4.053261] ohci_hcd: USB 1.1 'Open' Host Controller (OHCI) Driver
[    4.057674] ohci-pci: OHCI PCI platform driver
[    4.061912] ohci-platform: OHCI generic platform driver
[    4.066200] uhci_hcd: USB Universal Host Controller Interface driver
[    4.071783] i8042: PNP: PS/2 Controller [PNP0303:PS2K,PNP0f03:PS2M] at 0x60,0x64 irq 1,12
[    4.082129] serio: i8042 KBD port at 0x60,0x64 irq 1
[    4.087113] serio: i8042 AUX port at 0x60,0x64 irq 12
[    4.092481] mousedev: PS/2 mouse device common for all mice
[    4.099090] input: AT Translated Set 2 keyboard as /devices/platform/i8042/serio0/input/input2
[    4.100597] rtc_cmos rtc_cmos: rtc core: registered rtc_cmos as rtc0
[    4.101021] rtc_cmos rtc_cmos: alarms up to one day, 114 bytes nvram
[    4.101059] i2c /dev entries driver
[    4.101393] device-mapper: uevent: version 1.0.3
[    4.101781] device-mapper: ioctl: 4.34.0-ioctl (2015-10-28) initialised: dm-devel@redhat.com
[    4.101876] ledtrig-cpu: registered to indicate activity on CPUs
[    4.103591] NET: Registered protocol family 10
[    4.104228] NET: Registered protocol family 17
[    4.104267] Key type dns_resolver registered
[    4.105363] registered taskstats version 1
[    4.105414] Loading compiled-in X.509 certificates
[    4.108423] Loaded X.509 cert 'Build time autogenerated kernel key: 7c9fb337b82e5a343493fe891c556beae1895c7c'
[    4.108511] zswap: loaded using pool lzo/zbud
[    4.115739] Key type trusted registered
[    4.127877] Key type encrypted registered
[    4.127891] AppArmor: AppArmor sha1 policy hashing enabled
[    4.127899] ima: No TPM chip found, activating TPM-bypass!
[    4.127910] ima: Allocated hash algorithm: sha1
[    4.127946] evm: HMAC attrs: 0x1
[    4.129527]   Magic number: 3:585:1003
[    4.129578] input input0: hash matches
[    4.129601] vc vcs: hash matches
[    4.130364] rtc_cmos rtc_cmos: setting system clock to 2019-01-14 20:59:53 UTC (1547499593)
[    4.130717] BIOS EDD facility v0.16 2004-Jun-25, 0 devices found
[    4.130719] EDD information not available.
[    4.231052] Freeing unused kernel memory: 1528K
[    4.247268] Write protecting the kernel read-only data: 14336k
[    4.254658] Freeing unused kernel memory: 1660K
[    4.258725] Freeing unused kernel memory: 88K
Loading, please wait...
starting version 229
[    4.309212] random: systemd-udevd: uninitialized urandom read (16 bytes read, 3 bits of entropy available)
[    4.314333] random: udevadm: uninitialized urandom read (16 bytes read, 3 bits of entropy available)
[    4.314436] random: udevadm: uninitialized urandom read (16 bytes read, 3 bits of entropy available)
[    4.343581] random: systemd-udevd: uninitialized urandom read (16 bytes read, 3 bits of entropy available)
[    4.372251] random: systemd-udevd: uninitialized urandom read (16 bytes read, 3 bits of entropy available)
[    4.386488] random: systemd-udevd: uninitialized urandom read (16 bytes read, 3 bits of entropy available)
[    4.394762] random: udevadm: uninitialized urandom read (16 bytes read, 3 bits of entropy available)
[    4.395614] random: udevadm: uninitialized urandom read (16 bytes read, 3 bits of entropy available)
[    4.396684] random: udevadm: uninitialized urandom read (16 bytes read, 3 bits of entropy available)
[    4.397042] random: udevadm: uninitialized urandom read (16 bytes read, 3 bits of entropy available)
[    4.755589] clocksource: tsc: mask: 0xffffffffffffffff max_cycles: 0x210bc2d5df0, max_idle_ns: 440795309435 ns
[    4.791685] e1000: Intel(R) PRO/1000 Network Driver - version 7.3.21-k8-NAPI
[    4.805806] e1000: Copyright (c) 1999-2006 Intel Corporation.
[    4.829337] Fusion MPT base driver 3.04.20
[    4.834747] Copyright (c) 1999-2008 LSI Corporation
[    4.874677] Fusion MPT SPI Host driver 3.04.20
[    5.060037] input: ImExPS/2 Generic Explorer Mouse as /devices/platform/i8042/serio1/input/input4
[    5.804248] e1000 0000:00:03.0 eth0: (PCI:33MHz:32-bit) 02:6c:72:8e:02:ff
[    5.812652] e1000 0000:00:03.0 eth0: Intel(R) PRO/1000 Network Connection
[    5.841821] mptbase: ioc0: Initiating bringup
[    5.908814] ioc0: LSI53C1030 A0: Capabilities={Initiator}
[    6.089202] scsi host2: ioc0: LSI53C1030 A0, FwRev=00000000h, Ports=1, MaxQ=256, IRQ=20
[    6.213222] scsi 2:0:0:0: Direct-Access     VBOX     HARDDISK         1.0  PQ: 0 ANSI: 5
[    6.227625] scsi target2:0:0: Beginning Domain Validation
[    6.245883] scsi target2:0:0: Domain Validation skipping write tests
[    6.255653] scsi target2:0:0: Ending Domain Validation
[    6.269680] scsi target2:0:0: asynchronous
[    6.283234] scsi 2:0:1:0: Direct-Access     VBOX     HARDDISK         1.0  PQ: 0 ANSI: 5
[    6.398251] scsi target2:0:1: Beginning Domain Validation
[    6.415398] scsi target2:0:1: Domain Validation skipping write tests
[    6.432725] scsi target2:0:1: Ending Domain Validation
[    6.440503] scsi target2:0:1: asynchronous
[    6.485958] sd 2:0:0:0: Attached scsi generic sg0 type 0
[    6.495534] sd 2:0:0:0: [sda] 20971520 512-byte logical blocks: (10.7 GB/10.0 GiB)
[    6.509889] sd 2:0:1:0: Attached scsi generic sg1 type 0
[    6.526379] sd 2:0:1:0: [sdb] 20480 512-byte logical blocks: (10.5 MB/10.0 MiB)
[    6.538618] sd 2:0:1:0: [sdb] Write Protect is off
[    6.544826] sd 2:0:0:0: [sda] Write Protect is off
[    6.552877] sd 2:0:1:0: [sdb] Incomplete mode parameter data
[    6.559844] sd 2:0:1:0: [sdb] Assuming drive cache: write through
[    6.568179] sd 2:0:0:0: [sda] Incomplete mode parameter data
[    6.574568] sd 2:0:0:0: [sda] Assuming drive cache: write through
[    6.630016]  sda: sda1
[    6.647168] sd 2:0:1:0: [sdb] Attached SCSI disk
[    6.660740] sd 2:0:0:0: [sda] Attached SCSI disk
[    7.413102] e1000 0000:00:08.0 eth1: (PCI:33MHz:32-bit) 08:00:27:fc:b3:b9
[    7.424675] e1000 0000:00:08.0 eth1: Intel(R) PRO/1000 Network Connection
[    8.837688] e1000 0000:00:09.0 eth2: (PCI:33MHz:32-bit) 08:00:27:9d:7c:d8
[    8.843124] e1000 0000:00:09.0 eth2: Intel(R) PRO/1000 Network Connection
[    8.851054] e1000 0000:00:03.0 enp0s3: renamed from eth0
[    8.871364] e1000 0000:00:09.0 enp0s9: renamed from eth2
[    8.894622] e1000 0000:00:08.0 enp0s8: renamed from eth1
Begin: Loading essential drivers ... [   11.926828] md: linear personality registered for level -1
[   11.941233] md: multipath personality registered for level -4
[   11.959853] md: raid0 personality registered for level 0
[   11.978646] md: raid1 personality registered for level 1
[   12.067753] raid6: sse2x1   gen()  1168 MB/s
[   12.139033] raid6: sse2x1   xor()   849 MB/s
[   12.207305] raid6: sse2x2   gen()  2065 MB/s
[   12.279608] raid6: sse2x2   xor()  1329 MB/s
[   12.347810] raid6: sse2x4   gen()  3178 MB/s
[   12.423479] raid6: sse2x4   xor()  1663 MB/s
[   12.427648] raid6: using algorithm sse2x4 gen() 3178 MB/s
[   12.432073] raid6: .... xor() 1663 MB/s, rmw enabled
[   12.436074] raid6: using ssse3x2 recovery algorithm
[   12.445028] xor: automatically using best checksumming function:
[   12.487478]    avx       :  6857.000 MB/sec
[   12.497718] async_tx: api initialized (async)
[   12.535610] md: raid6 personality registered for level 6
[   12.543107] md: raid5 personality registered for level 5
[   12.549930] md: raid4 personality registered for level 4
[   12.581604] md: raid10 personality registered for level 10
done.
Begin: Running /scripts/init-premount ... done.
Begin: Mounting root file system ... Begin: Running /scripts/local-top ... done.
Begin: Running /scripts/local-premount ... [   12.784866] Btrfs loaded
Scanning for Btrfs filesystems
done.
Warning: fsck not present, so skipping root file system
[   12.983510] EXT4-fs (sda1): mounted filesystem with ordered data mode. Opts: (null)
done.
Begin: Running /scripts/local-bottom ... done.
Begin: Running /scripts/init-bottom ... done.
[   13.863032] random: nonblocking pool is initialized
[   14.445616] systemd[1]: systemd 229 running in system mode. (+PAM +AUDIT +SELINUX +IMA +APPARMOR +SMACK +SYSVINIT +UTMP +LIBCRYPTSETUP +GCRYPT +GNUTLS +ACL +XZ -LZ4 +SECCOMP +BLKID +ELFUTILS +KMOD -IDN)
[   14.462449] systemd[1]: Detected virtualization oracle.
[   14.467179] systemd[1]: Detected architecture x86-64.

Welcome to [1mUbuntu 16.04.5 LTS[0m!

[   14.593792] systemd[1]: Set hostname to <gnet-web>.
[   16.937517] systemd[1]: Started Forward Password Requests to Wall Directory Watch.
[[0;32m  OK  [0m] Started Forward Password Requests to Wall Directory Watch.
[   16.949926] systemd[1]: Listening on Device-mapper event daemon FIFOs.
[[0;32m  OK  [0m] Listening on Device-mapper event daemon FIFOs.
[   16.968353] systemd[1]: Started Trigger resolvconf update for networkd DNS.
[[0;32m  OK  [0m] Started Trigger resolvconf update for networkd DNS.
[   16.976895] systemd[1]: Listening on udev Kernel Socket.
[[0;32m  OK  [0m] Listening on udev Kernel Socket.
[   16.984105] systemd[1]: Listening on Journal Audit Socket.
[[0;32m  OK  [0m] Listening on Journal Audit Socket.
[   16.991801] systemd[1]: Reached target System Time Synchronized.
[[0;32m  OK  [0m] Reached target System Time Synchronized.
[   16.999113] systemd[1]: Listening on Syslog Socket.
[[0;32m  OK  [0m] Listening on Syslog Socket.
[   17.012211] systemd[1]: Reached target User and Group Name Lookups.
[[0;32m  OK  [0m] Reached target User and Group Name Lookups.
[   17.023693] systemd[1]: Listening on LVM2 poll daemon socket.
[[0;32m  OK  [0m] Listening on LVM2 poll daemon socket.
[   17.030367] systemd[1]: Set up automount Arbitrary Executable File Formats File System Automount Point.
[[0;32m  OK  [0m] Set up automount Arbitrary Executab...ats File System Automount Point.
[   17.040258] systemd[1]: Listening on Journal Socket.
[[0;32m  OK  [0m] Listening on Journal Socket.
[   17.047916] systemd[1]: Created slice System Slice.
[[0;32m  OK  [0m] Created slice System Slice.
[   17.067589] systemd[1]: Mounting Debug File System...
         Mounting Debug File System...
[   17.076005] systemd[1]: Starting Uncomplicated firewall...
         Starting Uncomplicated firewall...
[   17.084497] systemd[1]: Starting Create list of required static device nodes for the current kernel...
         Starting Create list of required st... nodes for the current kernel...
[   17.096387] systemd[1]: Starting Set console keymap...
         Starting Set console keymap...
[   17.104238] systemd[1]: Mounting Huge Pages File System...
         Mounting Huge Pages File System...
[   17.112473] systemd[1]: Starting Nameserver information manager...
         Starting Nameserver information manager...
[   17.126307] systemd[1]: Created slice system-serial\x2dgetty.slice.
[[0;32m  OK  [0m] Created slice system-serial\x2dgetty.slice.
[   17.168543] systemd[1]: Starting Remount Root and Kernel File Systems...
         Starting Remount Root and Kernel File Systems...
[   17.229984] systemd[1]: Reached target Encrypted Volumes.
[[0;32m  OK  [0m] Reached target Encrypted Volumes.
[   17.243543] systemd[1]: Listening on udev Control Socket.
[[0;32m  OK  [0m] Listening on udev Control Socket.
[   17.288340] systemd[1]: Starting Load Kernel Modules...
         Starting Load Kernel Modules...
[   17.297240] systemd[1]: Mounting POSIX Message Queue File System...
         Mounting POSIX Message Queue File System...
[   17.307366] systemd[1]: Listening on Journal Socket (/dev/log).
[   17.307689] EXT4-fs (sda1): re-mounted. Opts: (null)
[[0;32m  OK  [0m] Listening on Journal Socket (/dev/log).
[   17.325521] systemd[1]: Starting Journal Service...
         Starting Journal Service...
[   17.340315] systemd[1]: Listening on /dev/initctl Compatibility Named Pipe.
[[0;32m  OK  [0m] Listening on /dev/initctl Compatibility Named Pipe.
[   17.346425] systemd[1]: Reached target Swap.
[[0;32m  OK  [0m] Reached target Swap.
[   17.351141] systemd[1]: Listening on LVM2 metadata daemon socket.
[[0;32m  OK  [0m] Listening on LVM2 metadata daemon socket.
[   17.372925] systemd[1]: Starting Monitoring of LVM2 mirrors, snapshots etc. using dmeventd or progress polling...
         Starting Monitoring of LVM2 mirrors... dmeventd or progress polling...
[   17.422813] systemd[1]: Created slice User and Session Slice.
[[0;32m  OK  [0m] Created slice User and Session Slice.
[   17.448870] systemd[1]: Reached target Slices.
[[0;32m  OK  [0m] Reached target Slices.
[   17.481702] systemd[1]: Mounted Huge Pages File System.
[[0;32m  OK  [0m] Mounted Huge Pages File System.
[   17.504411] systemd[1]: Mounted POSIX Message Queue File System.
[[0;32m  OK  [0m] Mounted POSIX Message Queue File System.
[   17.515389] systemd[1]: Mounted Debug File System.
[[0;32m  OK  [0m] Mounted Debug File System.
[   17.528889] systemd[1]: Started Uncomplicated firewall.
[[0;32m  OK  [0m] Started Uncomplicated firewall.
[   17.540201] systemd[1]: Started Create list of required static device nodes for the current kernel.
[[0;32m  OK  [0m] Started Create list of required sta...ce nodes for the current kernel.
[   17.576482] systemd[1]: Started Remount Root and Kernel File Systems.
[[0;32m  OK  [0m] Started Remount Root and Kernel File Systems.
[   17.675711] systemd[1]: Started Nameserver information manager.
[[0;32m  OK  [0m] Started Nameserver information manager.
[   17.756906] Loading iSCSI transport class v2.0-870.
[   17.883616] iscsi: registered transport (tcp)
[   18.031792] systemd[1]: Starting udev Coldplug all Devices...
         Starting udev Coldplug all Devices...
[   18.047437] systemd[1]: Starting Load/Save Random Seed...
         Starting Load/Save Random Seed...
[   18.058992] systemd[1]: Starting Create Static Device Nodes in /dev...
         Starting Create Static Device Nodes in /dev...
[   18.069267] systemd[1]: Started Journal Service.
[[0;32m  OK  [0m] Started Journal Service.
[[0;32m  OK  [0m] Started Set console keymap.
[[0;32m  OK  [0m] Started LVM2 metadata daemon.
         Starting Flush Journal to Persistent Storage...
[[0;32m  OK  [0m] Started Load/Save Random Seed.
[   18.290775] systemd-journald[391]: Received request to flush runtime journal from PID 1
[[0;32m  OK  [0m] Started Flush Journal to Persistent Storage.
[[0;32m  OK  [0m] Started udev Coldplug all Devices.
[   18.440995] iscsi: registered transport (iser)
[[0;32m  OK  [0m] Started Load Kernel Modules.
         Starting Apply Kernel Variables...
         Mounting FUSE Control File System...
[[0;32m  OK  [0m] Mounted FUSE Control File System.
[[0;32m  OK  [0m] Started Monitoring of LVM2 mirrors,...ng dmeventd or progress polling.
[[0;32m  OK  [0m] Started Apply Kernel Variables.
[[0;32m  OK  [0m] Started Create Static Device Nodes in /dev.
         Starting udev Kernel Device Manager...
[[0;32m  OK  [0m] Reached target Local File Systems (Pre).
[[0;32m  OK  [0m] Reached target Local File Systems.
         Starting Set console font and keymap...
         Starting Initial cloud-init job (pre-networking)...
         Starting Tell Plymouth To Write Out Runtime Data...
         Starting Create Volatile Files and Directories...
         Starting LSB: AppArmor initialization...
[[0;32m  OK  [0m] Started Tell Plymouth To Write Out Runtime Data.
[[0;32m  OK  [0m] Started Create Volatile Files and Directories.
         Starting Update UTMP about System Boot/Shutdown...
[[0;32m  OK  [0m] Started Update UTMP about System Boot/Shutdown.
[[0;32m  OK  [0m] Started udev Kernel Device Manager.
[[0;32m  OK  [0m] Started Dispatch Password Requests to Console Directory Watch.
[[0;32m  OK  [0m] Started LSB: AppArmor initialization.
[[0;32m  OK  [0m] Found device /dev/ttyS0.
[[0;32m  OK  [0m] Listening on Load/Save RF Kill Switch Status /dev/rfkill Watch.
[[0;32m  OK  [0m] Found device 82540EM Gigabit Ethern...r (PRO/1000 MT Desktop Adapter).
[[0;32m  OK  [0m] Found device 82540EM Gigabit Ethern...r (PRO/1000 MT Desktop Adapter).
[[0;32m  OK  [0m] Found device 82540EM Gigabit Ethern...r (PRO/1000 MT Desktop Adapter).
[[0;32m  OK  [0m] Started Set console font and keymap.
[[0;32m  OK  [0m] Created slice system-getty.slice.
[   27.447514] cloud-init[456]: Cloud-init v. 18.4-0ubuntu1~16.04.2 running 'init-local' at Mon, 14 Jan 2019 21:00:16 +0000. Up 25.87 seconds.
[[0;32m  OK  [0m] Started Initial cloud-init job (pre-networking).
[[0;32m  OK  [0m] Reached target Network (Pre).
[[0;32m  OK  [0m] Started ifup for enp0s9.
[[0;32m  OK  [0m] Started ifup for enp0s8.
[[0;32m  OK  [0m] Started ifup for enp0s3.
         Starting Raise network interfaces...
[[0m[0;31m*     [0m] A start job is running for Raise network interfaces (17s / 5min 12s)[K[[0;1;31m*[0m[0;31m*    [0m] A start job is running for Raise network interfaces (18s / 5min 12s)[K[[0;31m*[0;1;31m*[0m[0;31m*   [0m] A start job is running for Raise network interfaces (18s / 5min 12s)[K[ [0;31m*[0;1;31m*[0m[0;31m*  [0m] A start job is running for Raise network interfaces (19s / 5min 12s)[K[[0;32m  OK  [0m] Started Raise network interfaces.
         Starting Initial cloud-init job (metadata service crawler)...
[[0;32m  OK  [0m] Reached target Network.
[   39.039154] cloud-init[1202]: Cloud-init v. 18.4-0ubuntu1~16.04.2 running 'init' at Mon, 14 Jan 2019 21:00:27 +0000. Up 36.98 seconds.
[   39.054516] cloud-init[1202]: ci-info: ++++++++++++++++++++++++++++++++++++++Net device info+++++++++++++++++++++++++++++++++++++++
[   39.076523] cloud-init[1202]: ci-info: +--------+------+-----------------------------+---------------+--------+-------------------+
[   39.100642] cloud-init[1202]: ci-info: | Device |  Up  |           Address           |      Mask     | Scope  |     Hw-Address    |
[   39.109385] cloud-init[1202]: ci-info: +--------+------+-----------------------------+---------------+--------+-------------------+
[   39.117502] cloud-init[1202]: ci-info: | enp0s3 | True |          10.0.2.15          | 255.255.255.0 | global | 02:6c:72:8e:02:ff |
[   39.126925] cloud-init[1202]: ci-info: | enp0s3 | True |  fe80::6c:72ff:fe8e:2ff/64  |       .       |  link  | 02:6c:72:8e:02:ff |
[   39.137886] cloud-init[1202]: ci-info: | enp0s8 | True |        192.168.0.128        | 255.255.255.0 | global | 08:00:27:fc:b3:b9 |
[   39.146115] cloud-init[1202]: ci-info: | enp0s8 | True | fe80::a00:27ff:fefc:b3b9/64 |       .       |  link  | 08:00:27:fc:b3:b9 |
[   39.155434] cloud-init[1202]: ci-info: | enp0s9 | True |        192.168.10.100       | 255.255.255.0 | global | 08:00:27:9d:7c:d8 |
[   39.170242] cloud-init[1202]: ci-info: | enp0s9 | True | fe80::a00:27ff:fe9d:7cd8/64 |       .       |  link  | 08:00:27:9d:7c:d8 |
[   39.194273] cloud-init[1202]: ci-info: |   lo   | True |          127.0.0.1          |   255.0.0.0   |  host  |         .         |
[   39.203924] cloud-init[1202]: ci-info: |   lo   | True |           ::1/128           |       .       |  host  |         .         |
[   39.222916] cloud-init[1202]: ci-info: +--------+------+-----------------------------+---------------+--------+-------------------+
[   39.231573] cloud-init[1202]: ci-info: ++++++++++++++++++++++++++++Route IPv4 info++++++++++++++++++++++++++++
[   39.240478] cloud-init[1202]: ci-info: +-------+--------------+----------+---------------+-----------+-------+
[   39.247964] cloud-init[1202]: ci-info: | Route | Destination  | Gateway  |    Genmask    | Interface | Flags |
[   39.258563] cloud-init[1202]: ci-info: +-------+--------------+----------+---------------+-----------+-------+
[   39.266752] cloud-init[1202]: ci-info: |   0   |   0.0.0.0    | 10.0.2.2 |    0.0.0.0    |   enp0s3  |   UG  |
[   39.274829] cloud-init[1202]: ci-info: |   1   |   10.0.2.0   | 0.0.0.0  | 255.255.255.0 |   enp0s3  |   U   |
[   39.287458] cloud-init[1202]: ci-info: |   2   | 192.168.0.0  | 0.0.0.0  | 255.255.255.0 |   enp0s8  |   U   |
[   39.296860] cloud-init[1202]: ci-info: |   3   | 192.168.10.0 | 0.0.0.0  | 255.255.255.0 |   enp0s9  |   U   |
[   39.303953] cloud-init[1202]: ci-info: +-------+--------------+----------+---------------+-----------+-------+
[   39.311696] cloud-init[1202]: ci-info: +++++++++++++++++++Route IPv6 info+++++++++++++++++++
[   39.318256] cloud-init[1202]: ci-info: +-------+-------------+---------+-----------+-------+
[   39.325901] cloud-init[1202]: ci-info: | Route | Destination | Gateway | Interface | Flags |
[   39.333246] cloud-init[1202]: ci-info: +-------+-------------+---------+-----------+-------+
[   39.340615] cloud-init[1202]: ci-info: |   0   |  fe80::/64  |    ::   |   enp0s9  |   U   |
[   39.349227] cloud-init[1202]: ci-info: |   1   |  fe80::/64  |    ::   |   enp0s8  |   U   |
[   39.356819] cloud-init[1202]: ci-info: |   2   |  fe80::/64  |    ::   |   enp0s3  |   U   |
[   39.363869] cloud-init[1202]: ci-info: |   8   |   ff00::/8  |    ::   |   enp0s9  |   U   |
[   39.371847] cloud-init[1202]: ci-info: |   9   |   ff00::/8  |    ::   |   enp0s8  |   U   |
[   39.379725] cloud-init[1202]: ci-info: |   10  |   ff00::/8  |    ::   |   enp0s3  |   U   |
[   39.392701] cloud-init[1202]: ci-info: +-------+-------------+---------+-----------+-------+
[[0;32m  OK  [0m] Started Initial cloud-init job (metadata service crawler).
[[0;32m  OK  [0m] Reached target Cloud-config availability.
[[0;32m  OK  [0m] Reached target System Initialization.
         Starting LXD - unix socket.
[[0;32m  OK  [0m] Listening on D-Bus System Message Bus Socket.
[[0;32m  OK  [0m] Started Daily apt download activities.
[[0;32m  OK  [0m] Started Daily apt upgrade and clean activities.
[[0;32m  OK  [0m] Listening on ACPID Listen Socket.
[[0;32m  OK  [0m] Started Clean PHP session files every 30 mins.
[[0;32m  OK  [0m] Started Daily Cleanup of Temporary Directories.
[[0;32m  OK  [0m] Reached target Timers.
[[0;32m  OK  [0m] Started ACPI Events Check.
[[0;32m  OK  [0m] Reached target Paths.
         Starting Socket activation for snappy daemon.
[[0;32m  OK  [0m] Listening on UUID daemon activation socket.
[[0;32m  OK  [0m] Reached target Network is Online.
         Starting iSCSI initiator daemon (iscsid)...
[[0;32m  OK  [0m] Listening on LXD - unix socket.
[[0;32m  OK  [0m] Listening on Socket activation for snappy daemon.
[[0;32m  OK  [0m] Reached target Sockets.
[[0;32m  OK  [0m] Reached target Basic System.
[[0;32m  OK  [0m] Started D-Bus System Message Bus.
         Starting MySQL Community Server...
         Starting Accounts Service...
         Starting Pollinate to seed the pseudo random number generator...
         Starting Virtualbox guest utils...
[[0;32m  OK  [0m] Started ACPI event daemon.
[[0;32m  OK  [0m] Started Regular background program processing daemon.
         Starting LSB: MD monitoring daemon...
         Starting Snappy daemon...
[[0;32m  OK  [0m] Started Deferred execution scheduler.
         Starting /etc/rc.local Compatibility...
[[0;32m  OK  [0m] Started FUSE filesystem for LXC.
         Starting LSB: Record successful boot for GRUB...
[[0;32m  OK  [0m] Started Unattended Upgrades Shutdown.
         Starting System Logging Service...
         Starting Login Service...
         Starting LXD - container startup/shutdown...
[[0;32m  OK  [0m] Started /etc/rc.local Compatibility.
[[0;32m  OK  [0m] Started iSCSI initiator daemon (iscsid).
         Starting Login to default iSCSI targets...
[[0;32m  OK  [0m] Started LSB: Record successful boot for GRUB.
[[0;32m  OK  [0m] Started Login Service.
[[0;32m  OK  [0m] Started LSB: MD monitoring daemon.
[[0;32m  OK  [0m] Started System Logging Service.
[[0;32m  OK  [0m] Started Login to default iSCSI targets.
[[0;32m  OK  [0m] Reached target Remote File Systems (Pre).
[[0;32m  OK  [0m] Reached target Remote File Systems.
         Starting LSB: automatic crash report generation...
         Starting LSB: Set the CPU Frequency Scaling governor to "ondemand"...
         Starting LSB: Apache2 web server...
         Starting LSB: daemon to balance interrupts for SMP systems...
         Starting Permit User Sessions...
[[0;32m  OK  [0m] Started Permit User Sessions.
[[0;32m  OK  [0m] Started LSB: Set the CPU Frequency Scaling governor to "ondemand".
         Starting Authenticate and Authorize Users to Run Privileged Tasks...
         Starting Terminate Plymouth Boot Screen...
         Starting Hold until boot process finishes up...
[[0;32m  OK  [0m] Started Terminate Plymouth Boot Screen.
[[0;32m  OK  [0m] Started Hold until boot process finishes up.
[[0;32m  OK  [0m] Started LSB: daemon to balance interrupts for SMP systems.
[[0;32m  OK  [0m] Started LSB: automatic crash report generation.
[[0;32m  OK  [0m] Started Virtualbox guest utils.
         Starting Set console scheme...
[[0;32m  OK  [0m] Started Serial Getty on ttyS0.
[[0;32m  OK  [0m] Started Getty on tty1.
[[0;32m  OK  [0m] Reached target Login Prompts.
[[0;32m  OK  [0m] Started Set console scheme.
[[0;32m  OK  [0m] Started Authenticate and Authorize Users to Run Privileged Tasks.
[[0;32m  OK  [0m] Started Accounts Service.
[[0;32m  OK  [0m] Started LXD - container startup/shutdown.
[[0;32m  OK  [0m] Started Snappy daemon.
         Starting Wait until snapd is fully seeded...
[[0;32m  OK  [0m] Started Wait until snapd is fully seeded.
         Starting Apply the settings specified in cloud-config...

Ubuntu 16.04.5 LTS gnet-web ttyS0

gnet-web login: [   52.814704] cloud-init[1517]: Cloud-init v. 18.4-0ubuntu1~16.04.2 running 'modules:config' at Mon, 14 Jan 2019 21:00:42 +0000. Up 51.35 seconds.
[   60.731558] cloud-init[1611]: Cloud-init v. 18.4-0ubuntu1~16.04.2 running 'modules:final' at Mon, 14 Jan 2019 21:00:49 +0000. Up 58.88 seconds.
[   60.744538] cloud-init[1611]: Cloud-init v. 18.4-0ubuntu1~16.04.2 finished at Mon, 14 Jan 2019 21:00:51 +0000. Datasource DataSourceNoCloud [seed=/dev/sdb][dsmode=net].  Up 60.63 seconds
