[    0.000000] Initializing cgroup subsys cpuset
[    0.000000] Initializing cgroup subsys cpu
[    0.000000] Initializing cgroup subsys cpuacct
[    0.000000] Linux version 4.4.0-138-generic (buildd@lcy01-amd64-006) (gcc version 5.4.0 20160609 (Ubuntu 5.4.0-6ubuntu1~16.04.10) ) #164-Ubuntu SMP Tue Oct 2 17:16:02 UTC 2018 (Ubuntu 4.4.0-138.164-generic 4.4.155)
[    0.000000] Command line: BOOT_IMAGE=/boot/vmlinuz-4.4.0-138-generic root=LABEL=cloudimg-rootfs ro console=tty1 console=ttyS0
[    0.000000] KERNEL supported cpus:
[    0.000000]   Intel GenuineIntel
[    0.000000]   AMD AuthenticAMD
[    0.000000]   Centaur CentaurHauls
[    0.000000] x86/fpu: Legacy x87 FPU detected.
[    0.000000] e820: BIOS-provided physical RAM map:
[    0.000000] BIOS-e820: [mem 0x0000000000000000-0x000000000009fbff] usable
[    0.000000] BIOS-e820: [mem 0x000000000009fc00-0x000000000009ffff] reserved
[    0.000000] BIOS-e820: [mem 0x00000000000f0000-0x00000000000fffff] reserved
[    0.000000] BIOS-e820: [mem 0x0000000000100000-0x000000001ffeffff] usable
[    0.000000] BIOS-e820: [mem 0x000000001fff0000-0x000000001fffffff] ACPI data
[    0.000000] BIOS-e820: [mem 0x00000000fec00000-0x00000000fec00fff] reserved
[    0.000000] BIOS-e820: [mem 0x00000000fee00000-0x00000000fee00fff] reserved
[    0.000000] BIOS-e820: [mem 0x00000000fffc0000-0x00000000ffffffff] reserved
[    0.000000] NX (Execute Disable) protection: active
[    0.000000] SMBIOS 2.5 present.
[    0.000000] Hypervisor detected: KVM
[    0.000000] e820: last_pfn = 0x1fff0 max_arch_pfn = 0x400000000
[    0.000000] MTRR: Disabled
[    0.000000] x86/PAT: MTRRs disabled, skipping PAT initialization too.
[    0.000000] CPU MTRRs all blank - virtualized system.
[    0.000000] x86/PAT: Configuration [0-7]: WB  WT  UC- UC  WB  WT  UC- UC  
[    0.000000] found SMP MP-table at [mem 0x0009fff0-0x0009ffff] mapped at [ffff88000009fff0]
[    0.000000] Scanning 1 areas for low memory corruption
[    0.000000] RAMDISK: [mem 0x1e8c7000-0x1f739fff]
[    0.000000] ACPI: Early table checksum verification disabled
[    0.000000] ACPI: RSDP 0x00000000000E0000 000024 (v02 VBOX  )
[    0.000000] ACPI: XSDT 0x000000001FFF0030 00003C (v01 VBOX   VBOXXSDT 00000001 ASL  00000061)
[    0.000000] ACPI: FACP 0x000000001FFF00F0 0000F4 (v04 VBOX   VBOXFACP 00000001 ASL  00000061)
[    0.000000] ACPI: DSDT 0x000000001FFF0470 0021FF (v02 VBOX   VBOXBIOS 00000002 INTL 20100528)
[    0.000000] ACPI: FACS 0x000000001FFF0200 000040
[    0.000000] ACPI: FACS 0x000000001FFF0200 000040
[    0.000000] ACPI: APIC 0x000000001FFF0240 00005C (v02 VBOX   VBOXAPIC 00000001 ASL  00000061)
[    0.000000] ACPI: SSDT 0x000000001FFF02A0 0001CC (v01 VBOX   VBOXCPUT 00000002 INTL 20100528)
[    0.000000] No NUMA configuration found
[    0.000000] Faking a node at [mem 0x0000000000000000-0x000000001ffeffff]
[    0.000000] NODE_DATA(0) allocated [mem 0x1ffeb000-0x1ffeffff]
[    0.000000] kvm-clock: Using msrs 4b564d01 and 4b564d00
[    0.000000] kvm-clock: cpu 0, msr 0:1ffe3001, primary cpu clock
[    0.000000] kvm-clock: using sched offset of 25377109272166 cycles
[    0.000000] clocksource: kvm-clock: mask: 0xffffffffffffffff max_cycles: 0x1cd42e4dffb, max_idle_ns: 881590591483 ns
[    0.000000] Zone ranges:
[    0.000000]   DMA      [mem 0x0000000000001000-0x0000000000ffffff]
[    0.000000]   DMA32    [mem 0x0000000001000000-0x000000001ffeffff]
[    0.000000]   Normal   empty
[    0.000000]   Device   empty
[    0.000000] Movable zone start for each node
[    0.000000] Early memory node ranges
[    0.000000]   node   0: [mem 0x0000000000001000-0x000000000009efff]
[    0.000000]   node   0: [mem 0x0000000000100000-0x000000001ffeffff]
[    0.000000] Initmem setup node 0 [mem 0x0000000000001000-0x000000001ffeffff]
[    0.000000] ACPI: PM-Timer IO Port: 0x4008
[    0.000000] IOAPIC[0]: apic_id 2, version 32, address 0xfec00000, GSI 0-23
[    0.000000] ACPI: INT_SRC_OVR (bus 0 bus_irq 0 global_irq 2 dfl dfl)
[    0.000000] ACPI: INT_SRC_OVR (bus 0 bus_irq 9 global_irq 9 low level)
[    0.000000] Using ACPI (MADT) for SMP configuration information
[    0.000000] smpboot: Allowing 2 CPUs, 0 hotplug CPUs
[    0.000000] PM: Registered nosave memory: [mem 0x00000000-0x00000fff]
[    0.000000] PM: Registered nosave memory: [mem 0x0009f000-0x0009ffff]
[    0.000000] PM: Registered nosave memory: [mem 0x000a0000-0x000effff]
[    0.000000] PM: Registered nosave memory: [mem 0x000f0000-0x000fffff]
[    0.000000] e820: [mem 0x20000000-0xfebfffff] available for PCI devices
[    0.000000] Booting paravirtualized kernel on KVM
[    0.000000] clocksource: refined-jiffies: mask: 0xffffffff max_cycles: 0xffffffff, max_idle_ns: 7645519600211568 ns
[    0.000000] setup_percpu: NR_CPUS:512 nr_cpumask_bits:512 nr_cpu_ids:2 nr_node_ids:1
[    0.000000] PERCPU: Embedded 34 pages/cpu @ffff88001fc00000 s99608 r8192 d31464 u1048576
[    0.000000] PV qspinlock hash table entries: 256 (order: 0, 4096 bytes)
[    0.000000] Built 1 zonelists in Node order, mobility grouping on.  Total pages: 128888
[    0.000000] Policy zone: DMA32
[    0.000000] Kernel command line: BOOT_IMAGE=/boot/vmlinuz-4.4.0-138-generic root=LABEL=cloudimg-rootfs ro console=tty1 console=ttyS0
[    0.000000] PID hash table entries: 2048 (order: 2, 16384 bytes)
[    0.000000] Memory: 481628K/523832K available (8563K kernel code, 1314K rwdata, 4004K rodata, 1528K init, 1316K bss, 42204K reserved, 0K cma-reserved)
[    0.000000] SLUB: HWalign=64, Order=0-3, MinObjects=0, CPUs=2, Nodes=1
[    0.000000] Kernel/User page tables isolation: enabled
[    0.000000] Hierarchical RCU implementation.
[    0.000000] 	Build-time adjustment of leaf fanout to 64.
[    0.000000] 	RCU restricting CPUs from NR_CPUS=512 to nr_cpu_ids=2.
[    0.000000] RCU: Adjusting geometry for rcu_fanout_leaf=64, nr_cpu_ids=2
[    0.000000] NR_IRQS:33024 nr_irqs:440 16
[    0.000000] Console: colour VGA+ 80x25
[    0.000000] console [tty1] enabled
[    0.000000] console [ttyS0] enabled
[    0.000000] tsc: Detected 1999.998 MHz processor
[    4.032705] Calibrating delay loop (skipped) preset value.. 3999.99 BogoMIPS (lpj=7999992)
[    4.063846] pid_max: default: 32768 minimum: 301
[    4.087860] ACPI: Core revision 20150930
[    4.103328] ACPI: 2 ACPI AML tables successfully acquired and loaded
[    4.134046] Security Framework initialized
[    4.154375] Yama: becoming mindful.
[    4.164603] AppArmor: AppArmor initialized
[    4.170399] Dentry cache hash table entries: 65536 (order: 7, 524288 bytes)
[    4.195308] Inode-cache hash table entries: 32768 (order: 6, 262144 bytes)
[    4.209019] Mount-cache hash table entries: 1024 (order: 1, 8192 bytes)
[    4.241515] Mountpoint-cache hash table entries: 1024 (order: 1, 8192 bytes)
[    4.255744] Initializing cgroup subsys io
[    4.314267] Initializing cgroup subsys memory
[    4.336609] Initializing cgroup subsys devices
[    4.348278] Initializing cgroup subsys freezer
[    4.389764] Initializing cgroup subsys net_cls
[    4.410599] Initializing cgroup subsys perf_event
[    4.422478] Initializing cgroup subsys net_prio
[    4.468083] Initializing cgroup subsys hugetlb
[    4.496234] Initializing cgroup subsys pids
[    4.534619] mce: CPU supports 0 MCE banks
[    4.561690] Last level iTLB entries: 4KB 48, 2MB 0, 4MB 0
[    4.592997] Last level dTLB entries: 4KB 128, 2MB 16, 4MB 16, 1GB 0
[    4.608463] Spectre V2 : Mitigation: Full generic retpoline
[    4.634475] Spectre V2 : Spectre v2 mitigation: Speculation control IBPB not-supported IBRS not-supported
[    4.640549] Spectre V2 : Spectre v2 / SpectreRSB mitigation: Filling RSB on context switch
[    4.706476] Freeing SMP alternatives memory: 32K
[    4.768012] ftrace: allocating 32278 entries in 127 pages
[    5.070033] smpboot: APIC(0) Converting physical 0 to logical package 0
[    5.106437] smpboot: Max logical packages: 1
[    5.154929] x2apic enabled
[    5.158407] Switched APIC routing to physical x2apic.
[    5.192063] ..TIMER: vector=0x30 apic1=0 pin1=2 apic2=-1 pin2=-1
[    5.330427] smpboot: CPU0: Intel(R) Celeron(R) CPU  N2810  @ 2.00GHz (family: 0x6, model: 0x37, stepping: 0x3)
[    5.352201] Performance Events: unsupported p6 CPU model 55 no PMU driver, software events only.
[    5.392986] KVM setup paravirtual spinlock
[    5.430773] x86: Booting SMP configuration:
[    5.496256] .... node  #0, CPUs:      #1
[    5.528631] kvm-clock: cpu 1, msr 0:1ffe3041, secondary cpu clock
[    5.546742] mce: CPU supports 0 MCE banks
[    5.578173] x86: Booted up 1 node, 2 CPUs
[    5.592153] smpboot: Total of 2 processors activated (7999.99 BogoMIPS)
[    5.639221] devtmpfs: initialized
[    5.705499] evm: security.selinux
[    5.720369] evm: security.SMACK64
[    5.725462] evm: security.SMACK64EXEC
[    5.738003] evm: security.SMACK64TRANSMUTE
[    5.758164] evm: security.SMACK64MMAP
[    5.772984] evm: security.ima
[    5.775712] evm: security.capability
[    5.806901] clocksource: jiffies: mask: 0xffffffff max_cycles: 0xffffffff, max_idle_ns: 7645041785100000 ns
[    5.863937] futex hash table entries: 512 (order: 3, 32768 bytes)
[    5.890474] pinctrl core: initialized pinctrl subsystem
[    5.901421] RTC time:  9:36:45, date: 11/22/18
[    5.938390] NET: Registered protocol family 16
[    5.997851] cpuidle: using governor ladder
[    6.037934] cpuidle: using governor menu
[    6.073148] PCCT header not found.
[    6.077900] ACPI: bus type PCI registered
[    6.131323] acpiphp: ACPI Hot Plug PCI Controller Driver version: 0.5
[    6.159099] PCI: Using configuration type 1 for base access
[    6.210600] ACPI: Added _OSI(Module Device)
[    6.222998] ACPI: Added _OSI(Processor Device)
[    6.231455] ACPI: Added _OSI(3.0 _SCP Extensions)
[    6.271807] ACPI: Added _OSI(Processor Aggregator Device)
[    6.308834] ACPI: Executed 1 blocks of module-level executable AML code
[    6.379959] ACPI: Interpreter enabled
[    6.395696] ACPI: (supports S0 S5)
[    6.428980] ACPI: Using IOAPIC for interrupt routing
[    6.470843] PCI: Using host bridge windows from ACPI; if necessary, use "pci=nocrs" and report a bug
[    6.552409] ACPI: PCI Root Bridge [PCI0] (domain 0000 [bus 00-ff])
[    6.562258] acpi PNP0A03:00: _OSC: OS supports [ASPM ClockPM Segments MSI]
[    6.597858] acpi PNP0A03:00: _OSC: not requesting OS control; OS requires [ExtendedConfig ASPM ClockPM MSI]
[    6.661439] acpi PNP0A03:00: fail to add MMCONFIG information, can't access extended PCI configuration space under this bridge.
[    6.707430] PCI host bridge to bus 0000:00
[    6.735523] pci_bus 0000:00: root bus resource [io  0x0000-0x0cf7 window]
[    6.770364] pci_bus 0000:00: root bus resource [io  0x0d00-0xffff window]
[    6.808128] pci_bus 0000:00: root bus resource [mem 0x000a0000-0x000bffff window]
[    6.842744] pci_bus 0000:00: root bus resource [mem 0x20000000-0xfdffffff window]
[    6.876646] pci_bus 0000:00: root bus resource [bus 00-ff]
[    6.915189] pci 0000:00:01.1: legacy IDE quirk: reg 0x10: [io  0x01f0-0x01f7]
[    6.941596] pci 0000:00:01.1: legacy IDE quirk: reg 0x14: [io  0x03f6]
[    6.968598] pci 0000:00:01.1: legacy IDE quirk: reg 0x18: [io  0x0170-0x0177]
[    7.030111] pci 0000:00:01.1: legacy IDE quirk: reg 0x1c: [io  0x0376]
[    7.152298] pci 0000:00:07.0: quirk: [io  0x4000-0x403f] claimed by PIIX4 ACPI
[    7.182306] pci 0000:00:07.0: quirk: [io  0x4100-0x410f] claimed by PIIX4 SMB
[    7.304098] ACPI: PCI Interrupt Link [LNKA] (IRQs 5 9 10 *11)
[    7.318775] ACPI: PCI Interrupt Link [LNKB] (IRQs 5 9 *10 11)
[    7.350618] ACPI: PCI Interrupt Link [LNKC] (IRQs 5 *9 10 11)
[    7.382548] ACPI: PCI Interrupt Link [LNKD] (IRQs 5 9 10 *11)
[    7.482874] ACPI: Enabled 2 GPEs in block 00 to 07
[    7.522217] vgaarb: setting as boot device: PCI:0000:00:02.0
[    7.572148] vgaarb: device added: PCI:0000:00:02.0,decodes=io+mem,owns=io+mem,locks=none
[    7.607940] vgaarb: loaded
[    7.619602] vgaarb: bridge control possible 0000:00:02.0
[    7.657439] SCSI subsystem initialized
[    7.691355] ACPI: bus type USB registered
[    7.695465] usbcore: registered new interface driver usbfs
[    7.742354] usbcore: registered new interface driver hub
[    7.752088] usbcore: registered new device driver usb
[    7.772135] PCI: Using ACPI for IRQ routing
[    7.819704] NetLabel: Initializing
[    7.854319] NetLabel:  domain hash size = 128
[    7.861238] NetLabel:  protocols = UNLABELED CIPSOv4
[    7.894859] NetLabel:  unlabeled traffic allowed by default
[    7.918213] amd_nb: Cannot enumerate AMD northbridges
[    7.936970] clocksource: Switched to clocksource kvm-clock
[    7.990414] AppArmor: AppArmor Fileysem Enabled
[    8.273075] pnp: PnP ACPI init
[    8.280209] pnp: PnP ACPI: found 3 devices
[    8.316262] clocksource: acpi_pm: mask: 0xffffff max_cycles: 0xffffff, max_idle_ns: 2085701024 ns
[    8.335609] NET: Registered protocol family 2
[    8.342434] TCP established hash table entries: 4096 (order: 3, 32768 bytes)
[    8.379996] TCP bind hash table entries: 4096 (order: 4, 65536 bytes)
[    8.397066] TCP: Hash tables configured (established 4096 bind 4096)
[    8.428381] UDP hash table entries: 256 (order: 1, 8192 bytes)
[    8.442203] UDP-Lite hash table entries: 256 (order: 1, 8192 bytes)
[    8.503537] NET: Registered protocol family 1
[    8.533491] pci 0000:00:00.0: Limiting direct PCI/PCI transfers
[    8.571080] pci 0000:00:01.0: Activating ISA DMA hang workarounds
[    8.610662] Unpacking initramfs...
[    9.544586] Freeing initrd memory: 14796K
[    9.550434] platform rtc_cmos: registered platform RTC device (no PNP device found)
[    9.589595] Scanning for low memory corruption every 60 seconds
[    9.630928] audit: initializing netlink subsys (disabled)
[    9.682735] audit: type=2000 audit(1543218257.895:1): initialized
[    9.720362] Initialise system trusted keyring
[    9.755757] HugeTLB registered 2 MB page size, pre-allocated 0 pages
[    9.788781] zbud: loaded
[    9.823490] VFS: Disk quotas dquot_6.6.0
[    9.839654] VFS: Dquot-cache hash table entries: 512 (order 0, 4096 bytes)
[    9.875582] squashfs: version 4.0 (2009/01/31) Phillip Lougher
[    9.905578] fuse init (API version 7.23)
[    9.973176] Key type big_key registered
[   10.008631] Allocating IMA MOK and blacklist keyrings.

[   10.133370] Key type asymmetric registered
[   10.168551] Asymmetric key parser 'x509' registered
[   10.192305] Block layer SCSI generic (bsg) driver version 0.4 loaded (major 249)
[   10.221786] io scheduler noop registered
[   10.255295] io scheduler deadline registered (default)
[   10.270748] io scheduler cfq registered
[   10.299701] pci_hotplug: PCI Hot Plug PCI Core version: 0.5
[   10.305501] pciehp: PCI Express Hot Plug Controller Driver version: 0.4
[   10.314461] ACPI: AC Adapter [AC] (on-line)
[   10.358865] input: Power Button as /devices/LNXSYSTM:00/LNXPWRBN:00/input/input0
[   10.379034] ACPI: Power Button [PWRF]
[  10.434002] input: Sleep Button as /devices/LNXSYSTM:00/LNXSLPBN:00/input/input1
[   10.535486] ACPI: Sleep Button [SLPF]

[   10.5559]tsc: Refined TSC clocksource calibration: 1999.631 MHz
[   10.887007] GHES: HEST is not enabled!
[   10.887275] Serial: 8250/16550 driver, 32 ports, IRQ sharing enabled
[   10.945972] 00:02: ttyS0 at I/O 0x3f8 (irq = 4, base_baud = 115200) is a 16550A
[   10.979558] ACPI: Battery Slot [BAT0] (battery present)
[   10.981918] Linux agpgart interface v0.103
[   11.020502] loop: module loaded
[   11.022298] scsi host0: ata_piix
[   11.022505] scsi host1: ata_piix
[   11.022597] ata1: PATA max UDMA/33 cmd 0x1f0 ctl 0x3f6 bmdma 0xd000 irq 14
[   11.022600] ata2: PATA max UDMA/33 cmd 0x170 ctl 0x376 bmdma 0xd008 irq 15
[   11.022822] libphy: Fixed MDIO Bus: probed
[   11.022827] tun: Universal TUN/TAP device driver, 1.6
[   11.022828] tun: (C) 1999-2004 Max Krasnyansky <maxk@qualcomm.com>
[   11.024485] PPP generic driver version 2.4.2
[   11.026647] ehci_hcd: USB 2.0 'Enhanced' Host Controller (EHCI) Driver
[   11.026670] ehci-pci: EHCI PCI platform driver
[   11.026719] ehci-platform: EHCI generic platform driver
[   11.026752] ohci_hcd: USB 1.1 'Open' Host Controller (OHCI) Driver
[   11.026762] ohci-pci: OHCI PCI platform driver
[   11.026787] ohci-platform: OHCI generic platform driver
[   11.026815] uhci_hcd: USB Universal Host Controller Interface driver
[   11.026982] i8042: PNP: PS/2 Controller [PNP0303:PS2K,PNP0f03:PS2M] at 0x60,0x64 irq 1,12
[   11.051447] serio: i8042 KBD port at 0x60,0x64 irq 1
[   11.051464] serio: i8042 AUX port at 0x60,0x64 irq2
[   11.051933] mousedev: PS/2 mouse device common for all mice
[   11.053086] rtc_cmos rtc_cmos: rtc core: registered rtc_cmos as rtc0
[   11.053302] rtc_cmos rtc_cmos: alarms up to one day, 114 bytes nvram
[   11.053330] i2c /dev entries driver
[   11.053516] device-mapper: uevent: version 1.0.3
[   11.053699] device-mapper: ioctl: 4.34.0-ioctl (2015-10-28) initialised: dm-devel@redhat.com
[   11.053741] ledtrig-cpu: registered to indicate activity on CPUs
[   11.101097] NET: Registered protocol family 10
[   11.101959] NET: Registered protocol family 17
[   11.101996] Key type dns_resolver registered
[   11.102862] registered taskstats version 1
[   11.102889] Loading compiled-in X.509 certificates
[   11.104885] Loaded X.509 cert 'Build time autogenerated kernel key: 9a104bc44b81e9426fe5c715e47d021d02d69eba'
[   11.105061] zswap: loaded using pool lzo/zbud
[   11.115434] Key type trusted registered
[   11.199718] Key type encrypted registered
[   11.199734] AppArmor: AppArmor sha1 policy hashing enabled
[   11.199741] ima: No TPM chip found, activating TPM-bypass!
[   11.199767] ima: Allocated hash algorithm: sha1
[   11.199802] evm: HMAC attrs: 0x1
[   11.200812]   Magic number: 10:219:627
[   11.215191] rtc_cmos rtc_cmos: setting system clock to 2018-11-22 09:36:50 UTC (1542879410)
[   11.215734] BIOS EDD facility v0.16 2004-Jun-25, 0 devices found
[   11.215736] EDD information not available.
[   11.329890] input: AT Translated Set 2 keyboard as /devices/platform/i8042/serio0/input/input2
[   12.669514] clocksource: tsc: mask: 0xffffffffffffffff max_cycles: 0x39a5a38dde6, max_idle_ns: 881590651011 ns
[   12.735385] Freeing unused kernel memory: 1528K
[   12.769057] Write protecting the kernel read-only data: 14336k
[   12.797370] Freeing unused kernel memory: 1664K
[   12.836396] Freeing unused kernel memory: 92K
Loading, please wait...
starting version 229
[   13.006225] random: systemd-udevd: uninitialized urandom read (16 bytes read, 4 bits of entropy available)
[   13.020587] random: udevadm: uninitialized urandom read (16 bytes read, 4 bits of entropy available)
[   13.020674] random: udevadm: uninitialized urandom read (16 bytes read, 4 bits of entropy available)
[   13.161154] random: udevadm: uninitialized urandom read (16 bytes read, 4 bits of entropy available)
[   13.161754] random: udevadm: uninitialized urandom read (16 bytes read, 4 bits of entropy available)
[   13.164279] random: udevadm: uninitialized urandom read (16 bytes read, 4 bits of entropy available)
[   13.164549] random: udevadm: uninitialized urandom read (16 bytes read, 4 bits of entropy available)
[   13.164874] random: udevadm: uninitialized urandom read (16 bytes read, 4 bits of entropy available)
[   13.165319] random: udevadm: uninitialized urandom read (16 bytes read, 4 bits of entropy available)
[   13.165622] random: udevadm: uninitialized urandom read (16 bytes read, 4 bits of entropy available)
[   13.979688] e1000: Intel(R) PRO/1000 Network Driver - version 7.3.21-k8-NAPI
[   13.987153] e1000: Copyright (c) 1999-2006 Intel Corporation.
[   14.095247] Fusion MPT base driver 3.04.20
[   14.100138] Copyright (c) 1999-2008 LSI Corporation
[   14.290567] Fusion MPT SPI Host driver 3.04.20
[   14.433803] input: ImExPS/2 Generic Explorer Mouse as /devices/platform/i8042/serio1/input/input4
[   15.624400] e1000 0000:00:03.0 eth0: (PCI:33MHz:32-bit) 02:46:93:03:7f:ca
[   15.648886] e1000 0000:00:03.0 eth0: Intel(R) PRO/1000 Network Connection
[   16.935718] e1000 0000:00:08.0 eth1: (PCI:33MHz:32-bit) 08:00:27:d5:9c:85
[   16.958643] e1000 0000:00:08.0 eth1: Intel(R) PRO/1000 Network Connection
[   16.996165] e1000 0000:00:03.0 enp0s3: renamed from eth0
[   17.049464] mptbase: ioc0: Initiating bringup
[   17.112299] e1000 0000:00:08.0 enp0s8: renamed from eth1
[   17.229885] ioc0: LSI53C1030 A0: Capabilities={Initiator}
[   17.469217] scsi host2: ioc0: LSI53C1030 A0, FwRev=00000000h, Ports=1, MaxQ=256, IRQ=20
[   17.631963] scsi 2:0:0:0: Direct-Access     VBOX     HARDDISK         1.0  PQ: 0 ANSI: 5
[   17.691829] scsi target2:0:0: Beginning Domain Validation
[   17.734887] scsi target2:0:0: Domain Validation skipping write tests
[   17.901227] scsi target2:0:0: Ending Domain Validation
[   18.309761] scsi target2:0:0: asynchronous
[   18.320539] scsi 2:0:1:0: Direct-Access     VBOX     HARDDISK         1.0  PQ: 0 ANSI: 5
[   18.623785] scsi target2:0:1: Beginning Domain Validation
[   18.655129] scsi target2:0:1: Domain Validation skipping write tests
[   18.684699] scsi target2:0:1: Ending Domain Validation
[   18.733320] scsi target2:0:1: asynchronous
[   18.982683] sd 2:0:0:0: Attached scsi generic sg0 type 0
[   18.996599] sd 2:0:0:0: [sda] 20971520 512-byte logical blocks: (10.7 GB/10.0 GiB)
[   19.056237] sd 2:0:1:0: Attached scsi generic sg1 type 0
[   19.089884] sd 2:0:1:0: [sdb] 20480 512-byte logical blocks: (10.5 MB/10.0 MiB)
[   19.090194] sd 2:0:0:0: [sda] Write Protect is off
[   19.091464] sd 2:0:0:0: [sda] Incomplete mode parameter data
[   19.091467] sd 2:0:0:0: [sda] Assuming drive cache: write through
[   19.267966]  sda: sda1
[   19.273976] sd 2:0:0:0: [sda] Attached SCSI disk
[   19.329758] sd 2:0:1:0: [sdb] Write Protect is off
[   19.616527] sd 2:0:1:0: [sdb] Incomplete mode parameter data
[   19.623960] sd 2:0:1:0: [sdb] Assuming drive cache: write through
[   19.839911] sd 2:0:1:0: [sdb] Attached SCSI disk
Begin: Loading essential drivers[   25.201989] md: linear personality registered for level -1
 ... [   25.265060] md: multipath personality registered for level -4
[   25.332632] md: raid0 personality registered for level 0
[   25.382704] md: raid1 personality registered for level 1
[   25.501259] raid6: sse2x1   gen()   231 MB/s
[   25.596999] raid6: sse2x1   xor()   971 MB/s
[   25.693585] raid6: sse2x2   gen()   208 MB/s
[   25.761333] raid6: sse2x2   xor()   886 MB/s
[   25.841397] raid6: sse2x4   gen()   333 MB/s
[   25.949462] raid6: sse2x4   xor()   514 MB/s
[   25.996648] raid6: using algorithm sse2x4 gen() 333 MB/s
[   26.000813] raid6: .... xor() 514 MB/s, rmw enabled
[   26.032164] raid6: using ssse3x2 recovery algorithm
[   26.073971] xor: measuring software checksum speed
[   26.157008]    prefetch64-sse: 10208.000 MB/sec
[   26.266551]    generic_sse:  3684.000 MB/sec
[   26.280437] xor: using function: prefetch64-sse (10208.000 MB/sec)
[   26.311336] async_tx: api initialized (async)
[   26.388855] md: raid6 personality registered for level 6
[   26.421205] md: raid5 personality registered for level 5
[   26.444361] md: raid4 personality registered for level 4
[   26.518928] md: raid10 personality registered for level 10
done.
Begin: Running /scripts/init-premount ... done.
Begin: Mounting root file system ... Begin: Running /scripts/local-top ... done.
Begin: Running /scripts/local-premount ... [   26.728028] Btrfs loaded
Scanning for Btrfs filesystems
done.
Warning: fsck no[   27.339050] EXT4-fs (sda1): INFO: recovery required on readonly filesystem
t present, so sk[   27.370502] EXT4-fs (sda1): write access will be enabled during recovery
ipping root file system
[   27.633979] random: nonblocking pool is initialized
[   27.929337] EXT4-fs (sda1): recovery complete
[   28.284093] EXT4-fs (sda1): mounted filesystem with ordered data mode. Opts: (null)
done.
Begin: Running /scripts/local-bottom ... done.
Begin: Running /scripts/init-bottom ... done.
[   29.838603] systemd[1]: systemd 229 running in system mode. (+PAM +AUDIT +SELINUX +IMA +APPARMOR +SMACK +SYSVINIT +UTMP +LIBCRYPTSETUP +GCRYPT +GNUTLS +ACL +XZ -LZ4 +SECCOMP +BLKID +ELFUTILS +KMOD -IDN)
[   29.883782] systemd[1]: Detected virtualization oracle.
[   29.933094] systemd[1]: Detected architecture x86-64.

Welcome to [1mUbuntu 16.04.5 LTS[0m!

[   30.030484] systemd[1]: Set hostname to <gnet-db>.
[   31.974919] systemd[1]: Reached target Swap.
[[0;32m  OK  [0m] Reached target Swap.
[   32.036861] systemd[1]: Listening on Journal Socket (/dev/log).
[[0;32m  OK  [0m] Listening on Journal Socket (/dev/log).
[   32.094557] systemd[1]: Started Trigger resolvconf update for networkd DNS.
[[0;32m  OK  [0m] Started Trigger resolvconf update for networkd DNS.
[   32.177544] systemd[1]: Reached target Encrypted Volumes.
[[0;32m  OK  [0m] Reached target Encrypted Volumes.
[   32.241729] systemd[1]: Listening on Journal Socket.
[[0;32m  OK  [0m] Listening on Journal Socket.
[   32.291048] systemd[1]: Reached target User and Group Name Lookups.
[[0;32m  OK  [0m] Reached target User and Group Name Lookups.
[   32.350819] systemd[1]: Listening on Syslog Socket.
[[0;32m  OK  [0m] Listening on Syslog Socket.
[   32.415233] systemd[1]: Reached target System Time Synchronized.
[[0;32m  OK  [0m] Reached target System Time Synchronized.
[   32.470310] systemd[1]: Listening on /dev/initctl Compatibility Named Pipe.
[[0;32m  OK  [0m] Listening on /dev/initctl Compatibility Named Pipe.
[   32.551007] systemd[1]: Listening on Journal Audit Socket.
[[0;32m  OK  [0m] Listening on Journal Audit Socket.
[   32.651139] systemd[1]: Listening on udev Control Socket.
[[0;32m  OK  [0m] Listening on udev Control Socket.
[   32.710644] systemd[1]: Listening on Device-mapper event daemon FIFOs.
[[0;32m  OK  [0m] Listening on Device-mapper event daemon FIFOs.
[   32.799364] systemd[1]: Created slice User and Session Slice.
[[0;32m  OK  [0m] Created slice User and Session Slice.
[   32.838960] systemd[1]: Listening on udev Kernel Socket.
[[0;32m  OK  [0m] Listening on udev Kernel Socket.
[   32.926514] systemd[1]: Listening on LVM2 metadata daemon socket.
[[0;32m  OK  [0m] Listening on LVM2 metadata daemon socket.
[   32.963515] systemd[1]: Listening on LVM2 poll daemon socket.
[[0;32m  OK  [0m] Listening on LVM2 poll daemon socket.
[   33.054125] systemd[1]: Set up automount Arbitrary Executable File Formats File System Automount Point.
[[0;32m  OK  [0m] Set up automount Arbitrary Executab...ats File System Automount Point.
[   33.134569] systemd[1]: Created slice System Slice.
[[0;32m  OK  [0m] Created slice System Slice.
[   33.214345] systemd[1]: Starting Set console keymap...
         Starting Set console keymap...
[   33.293512] systemd[1]: Starting Nameserver information manager...
         Starting Nameserver information manager...
[   33.393613] systemd[1]: Starting Remount Root and Kernel File Systems...
         Starting Remount Root and Kernel File Systems...
[   33.511015] systemd[1]: Starting Create list of required static device nodes for the current kernel...
         Starting Create list of[   33.549533] EXT4-fs (sda1): re-mounted. Opts: (null)
 required st... nodes for the current kernel...
[   33.653326] systemd[1]: Mounting Debug File System...
         Mounting Debug File System...
[   33.729744] systemd[1]: Starting Journal Service...
         Starting Journal Service...
[   33.929560] systemd[1]: Starting Load Kernel Modules...
         Starting Load Kernel Modules...
[   34.058009] systemd[1]: Created slice system-serial\x2dgetty.slice.
[[0;32m  OK  [0m] Created slice system-serial\x2dgetty.slice.
[   34.133804] systemd[1]: Mounting POSIX Message Queue File System...
         Mountin[   34.201816] Loading iSCSI transport class v2.0-870.
g POSIX Message Queue File System...
[   34.273318] systemd[1]: Reached target Slices.
[[0;32m  OK  [0m] Reached target Slices.
[   34.321656] iscsi: registered transport (tcp)
[   34.352733] systemd[1]: Starting Monitoring of LVM2 mirrors, snapshots etc. using dmeventd or progress polling...
         Starting Monitoring of LVM2 mirrors... dmeventd or progress polling...
[   34.498249] systemd[1]: Starting Uncomplicated firewall...
         Starting Uncomplicated firewall...
[   34.569740] systemd[1]: Mounting Huge Pages File System...
         Mounting Huge Pages File System...
[   34.664753] systemd[1]: Started Forward Password Requests to Wall Directory Watch.
[[0;32m  OK  [0m] Started Forward Password Requests to Wall Directory Watch.
[   34.792326] iscsi: registered transport (iser)
[   34.933509] systemd[1]: Mounted Debug File System.
[[0;32m  OK  [0m] Mounted Debug File System.
[   34.995936] systemd[1]: Mounted Huge Pages File System.
[[0;32m  OK  [0m] Mounted Huge Pages File System.
[   35.051675] systemd[1]: Mounted POSIX Message Queue File System.
[[0;32m  OK  [0m] Mounted POSIX Message Queue File System.
[   35.130624] systemd[1]: Started Journal Service.
[[0;32m  OK  [0m] Started Journal Service.
[[0;32m  OK  [0m] Started Set console keymap.
[[0;32m  OK  [0m] Started Remount Root and Kernel File Systems.
[[0;32m  OK  [0m] Started Create list of required sta...ce nodes for the current kernel.
[[0;32m  OK  [0m] Started Load Kernel Modules.
[[0;32m  OK  [0m] Started Uncomplicated firewall.
[[0;32m  OK  [0m] Started Nameserver information manager.
[[0;32m  OK  [0m] Started LVM2 metadata daemon.
         Mounting FUSE Control File System...
         Starting Apply Kernel Variables...
         Starting Create Static Device Nodes in /dev...
         Starting Load/Save Random Seed...
         Starting udev Coldplug all Devices...
         Starting Flush Journal to Persistent Storage...
[[0;32m  OK  [0m] Mounted FUSE Control File System.
[[0;32m  OK  [0m] Started Monitoring of LVM2 mirrors,...ng dmeventd or progress polling.
[[0;32m  OK  [0m] Started Apply Kernel Variables.
[[0;32m  OK  [0m] Started Load/Save Random Seed.
[[0;32m  OK  [0m] Started Create Static Device Nodes in /dev.
         Starting udev Kernel Device Manager...
[[0;32m  OK  [0m] Reached target Local File Systems (Pre).
[[0;32m  OK  [0m] Reached target Local File Systems.
         Starting Set console font and keymap...
         Starting LSB: AppArmor initialization...
         Starting Initial cloud-init job (pre-networking)...
         Starting Tell Plymouth To Write Out Runtime Data...
[[0;32m  OK  [0m] Started Flush Journal to Persistent Storage.
[[0;32m  OK  [0m] Started udev Coldplug all Devices.
         Starting Create Volatile Files and Directories...
[[0;32m  OK  [0m] Started Tell Plymouth To Write Out Runtime Data.
[[0;32m  OK  [0m] Started Create Volatile Files and Directories.
[[0;32m  OK  [0m] Started udev Kernel Device Manager.
[[0;32m  OK  [0m] Started Dispatch Password Requests to Console Directory Watch.
         Starting Update UTMP about System Boot/Shutdown...
[[0;32m  OK  [0m] Started Update UTMP about System Boot/Shutdown.
[[0;32m  OK  [0m] Found device /dev/ttyS0.
[[0;32m  OK  [0m] Listening on Load/Save RF Kill Switch Status /dev/rfkill Watch.
[[0;32m  OK  [0m] Started LSB: AppArmor initialization.
[[0;32m  OK  [0m] Found device 82540EM Gigabit Ethern...r (PRO/1000 MT Desktop Adapter).
[[0;32m  OK  [0m] Found device 82540EM Gigabit Ethern...r (PRO/1000 MT Desktop Adapter).
[[0;32m  OK  [0m] Started Set console font and keymap.
[[0;32m  OK  [0m] Created slice system-getty.slice.
[   48.949904] cloud-init[464]: Cloud-init v. 18.4-0ubuntu1~16.04.2 running 'init-local' at Thu, 22 Nov 2018 09:37:31 +0000. Up 45.70 seconds.
[[0;32m  OK  [0m] Started Initial cloud-init job (pre-networking).
[[0;32m  OK  [0m] Reached target Network (Pre).
[[0;32m  OK  [0m] Started ifup for enp0s8.
         Starting Raise network interfaces...
[[0;32m  OK  [0m] Started ifup for enp0s3.
[[0;32m  OK  [0m] Started Raise network interfaces.
[[0;32m  OK  [0m] Reached target Network.
         Starting Initial cloud-init job (metadata service crawler)...
[   57.099605] cloud-init[1057]: Cloud-init v. 18.4-0ubuntu1~16.04.2 running 'init' at Thu, 22 Nov 2018 09:37:40 +0000. Up 53.91 seconds.
[   57.147446] cloud-init[1057]: ci-info: ++++++++++++++++++++++++++++++++++++++Net device info+++++++++++++++++++++++++++++++++++++++
[   57.203669] cloud-init[1057]: ci-info: +--------+------+-----------------------------+---------------+--------+-------------------+
[   57.286866] cloud-init[1057]: ci-info: | Device |  Up  |           Address           |      Mask     | Scope  |     Hw-Address    |
[   57.377967] cloud-init[1057]: ci-info: +--------+------+-----------------------------+---------------+--------+-------------------+
[   57.499082] cloud-init[1057]: ci-info: | enp0s3 | True |          10.0.2.15          | 255.255.255.0 | global | 02:46:93:03:7f:ca |
[[0;32m  OK  [0m] Started Initial cloud-init job (metadata service crawler).
[   57.562595] cloud-init[1057]: ci-info: | enp0s3 | True |  fe80::46:93ff:fe03:7fca/64 |       .       |  link  | 02:46:93:03:7f:ca |
[   57.733327] cloud-init[1057]: ci-info: | enp0s8 | True |         192.168.0.10        | 255.255.255.0 | global | 08:00:27:d5:9c:85 |
[[0;32m  OK  [0m] Reached target Network is Online.
[   57.837495] cloud-init[1057]: ci-info: | enp0s8 | True | fe80::a00:27ff:fed5:9c85/64 |       .       |  link  | 08:00:27:d5:9c:85 |
         Starting iSCSI initiator daemon (iscsid)...[   57.983972] 
[[0;32m  OK  [0m] Reached target Cloud-config availability.
[[0;32m  OK  [0m] Reached target System Initialization.
[[0;32m  OK  [0m] Started Daily Cleanup of Temporary Directories.
cloud-init[1057]: ci-info: |   lo   | True |          127.0.0.1          |   255.0.0.0   |  host  |         .         |
[   58.042150] cloud-init[[0;32m  OK  [0m] [1057]: ci-info: |   lo   | True |           ::1/128           |       .       |  host  |         .         |Listening on ACPID Listen Socket.
[   58.092006] cloud-init[1057]: ci-info: +--------+------+-----------------------------+---------------+--------+-------------------+

[   58.097916] cloud-init[1057]: ci-info: +++++++++++++++++++++++++++Route IPv4 info++++++++++++++++++++++++++++
[   58.161604] cloud-init[1057]: ci-info: +-------+-------------+----------+---------------+-----------+-------+
[   58.203143] cloud-init[1057]: ci-info: | Route | Destination | Gateway  |    Genmask    | Interface | Flags |
[   58.254763] cloud-init[1057]: ci-info: +-------+-------------+----------+---------------+-----------+-------+
[   58.264834] cloud-init[1057]: ci-info: |   0   |   0.0.0.0   | 10.0.2.2 |    0.0.0.0    |   enp0s3  |   UG  |
[   58.338545] cloud-init[1057]: ci-info: |   1   |   10.0.2.0  | 0.0.0.0  | 255.255.255.0 |   enp0s3  |   U   |
[   58.386188] cloud-init[1057]: ci-info: |   2   | 192.168.0.0 | 0.0.0.0  | 255.255.255.0 |   enp0s8  |   U   |
[   58.397897] cloud-init[1057]: ci-info: +-------+-------------+----------+---------------+-----------+-------+
[   58.480990] cloud-init[1057]: ci-info: +++++++++++++++++++Route IPv6 info+++++++++++++++++++
[   58.482398] cloud-init[1057]: ci-info: +-------+-------------+---------+-----------+-------+[[0;32m  OK  [0m] Started Daily apt download activities.

         Starting Socket activation for snappy daemon.
[   58.650513] cloud-init[1057]: ci-info: | Route | Destination | Gateway | Interface | Flags |
[   58.686973] cloud-init[1057]: ci-info: +-------+-------------+---------+-----------+-------+
         Starting LXD - unix socket.
[   58.689466] cloud-init[1057]: ci-info: |   0   |  fe80::/64  |    ::   |   enp0s8  |   U   |
[   58.884591] cloud-init[1057]: ci-info: |   1   |  fe80::/64  |    ::   |   enp0s3  |   U   |
[   58.954121] cloud-init[1057]: ci-info: |   6   |   ff00::/8  |    ::   |   enp0s8  |   U   |
[   58.988138] cloud-init[1057]: ci-info: |   7   |   ff00::/8  |    ::   |   enp0s3  |   U   |
[   59.020349] cloud-init[1057]: ci-info: +-------+-------------+---------+-----------+-------+
[[0;32m  OK  [0m] Started ACPI Events Check.
[[0;32m  OK  [0m] Reached target Paths.
[[0;32m  OK  [0m] Started Daily apt upgrade and clean activities.
[[0;32m  OK  [0m] Reached target Timers.
[[0;32m  OK  [0m] Listening on UUID daemon activation socket.
[[0;32m  OK  [0m] Listening on D-Bus System Message Bus Socket.
[[0;32m  OK  [0m] Listening on Socket activation for snappy daemon.
[[0;32m  OK  [0m] Listening on LXD - unix socket.
[[0;32m  OK  [0m] Reached target Sockets.
[[0;32m  OK  [0m] Reached target Basic System.
         Starting Accounts Service...
         Starting LSB: Record successful boot for GRUB...
         Starting Virtualbox guest utils...
[[0;32m  OK  [0m] Started Deferred execution scheduler.
[[0;32m  OK  [0m] Started Regular background program processing daemon.
         Starting LSB: MD monitoring daemon...
[[0;32m  OK  [0m] Started Unattended Upgrades Shutdown.
         Starting OpenBSD Secure Shell server...
         Starting /etc/rc.local Compatibility...
[[0;32m  OK  [0m] Started FUSE filesystem for LXC.
[[0;32m  OK  [0m] Started D-Bus System Message Bus.
         Starting Snappy daemon...
         Starting Login Service...
[[0;32m  OK  [0m] Started ACPI event daemon.
         Starting LXD - container startup/shutdown...
         Starting System Logging Service...
[[0;32m  OK  [0m] Started iSCSI initiator daemon (iscsid).
[[0;32m  OK  [0m] Started /etc/rc.local Compatibility.
[[0;32m  OK  [0m] Started OpenBSD Secure Shell server.
[[0;32m  OK  [0m] Started Login Service.
         Starting Authenticate and Authorize Users to Run Privileged Tasks...
         Starting Login to default iSCSI targets...
[[0;32m  OK  [0m] Started LSB: Record successful boot for GRUB.
[[0;32m  OK  [0m] Started System Logging Service.
[[0;32m  OK  [0m] Started LSB: MD monitoring daemon.
[[0;32m  OK  [0m] Started Login to default iSCSI targets.
[[0;32m  OK  [0m] Reached target Remote File Systems (Pre).
[[0;32m  OK  [0m] Reached target Remote File Systems.
         Starting LSB: Set the CPU Frequency Scaling governor to "ondemand"...
         Starting LSB: automatic crash report generation...
         Starting Permit User Sessions...
         Starting LSB: daemon to balance interrupts for SMP systems...
[[0;32m  OK  [0m] Started Permit User Sessions.
[[0;32m  OK  [0m] Started Authenticate and Authorize Users to Run Privileged Tasks.
[[0;32m  OK  [0m] Started Virtualbox guest utils.
[[0;32m  OK  [0m] Started Accounts Service.
[[0;32m  OK  [0m] Started LSB: Set the CPU Frequency Scaling governor to "ondemand".
         Starting Hold until boot process finishes up...
         Starting Terminate Plymouth Boot Screen...
[[0;32m  OK  [0m] Started Hold until boot process finishes up.
[[0;32m  OK  [0m] Started Terminate Plymouth Boot Screen.
[[0;32m  OK  [0m] Started LSB: automatic crash report generation.
[[0;32m  OK  [0m] Started LSB: daemon to balance interrupts for SMP systems.
         Starting Set console scheme...
[[0;32m  OK  [0m] Started Serial Getty on ttyS0.
[[0;32m  OK  [0m] Started Getty on tty1.
[[0;32m  OK  [0m] Reached target Login Prompts.
[[0;32m  OK  [0m] Started Set console scheme.
[[0;32m  OK  [0m] Started LXD - container startup/shutdown.
[[0;32m  OK  [0m] Started Snappy daemon.
         Starting Wait until snapd is fully seeded...
[[0;32m  OK  [0m] Started Wait until snapd is fully seeded.
[[0;32m  OK  [0m] Reached target Multi-User System.
[[0;32m  OK  [0m] Reached target Graphical Interface.
         Starting Update UTMP about System Runlevel Changes...
         Starting Apply the settings specified in cloud-config...
[[0;32m  OK  [0m] Started Update UTMP about System Runlevel Changes.

Ubuntu 16.04.5 LTS gnet-db ttyS0

gnet-db login: [   70.879521] cloud-init[1302]: Cloud-init v. 18.4-0ubuntu1~16.04.2 running 'modules:config' at Mon, 26 Nov 2018 00:42:34 +0000. Up 69.58 seconds.
[   75.189944] cloud-init[1319]: Cloud-init v. 18.4-0ubuntu1~16.04.2 running 'modules:final' at Mon, 26 Nov 2018 00:42:38 +0000. Up 74.17 seconds.
[   75.191764] cloud-init[1319]: Cloud-init v. 18.4-0ubuntu1~16.04.2 finished at Mon, 26 Nov 2018 00:42:39 +0000. Datasource DataSourceNoCloud [seed=/dev/sdb][dsmode=net].  Up 75.13 seconds
