[    0.000000] Initializing cgroup subsys cpuset
[    0.000000] Initializing cgroup subsys cpu
[    0.000000] Initializing cgroup subsys cpuacct
[    0.000000] Linux version 4.4.0-137-generic (buildd@lgw01-amd64-037) (gcc version 5.4.0 20160609 (Ubuntu 5.4.0-6ubuntu1~16.04.10) ) #163-Ubunu MP Mon Sep 24 13:14:43 UTC 2018 (Ubuntu 4.4.0-137.163-generic 4.4.144)
[    0.000000] Command line: BOOT_IMAGE=/boot/vmlinuz-4.4.0-137-generic root=LABEL=cloudimg-rootfs ro console=tty1 console=ttyS0
[    0.000000] KERNEL supported cpus:
[    0.000000]   Intel GenuineIntel
[    0.000000]   AMD AuthenticAMD
[    0.000000]   Centaur CentaurHauls
[    0.000000] x86/fpu: xstate_offset[2]:  576, xstate_sizes[2]:  256
[    0.000000] x86/fpu: Supporting XSAVE feature 0x01: 'x87 floating point registers'
[    0.000000] x86/fpu: Supporting XSAVE feature 0x02: 'SSE registers'
[    0.000000] x86/fpu: Supporting XSAAVE feature 0x04: AVX reisters'
[    0.000000] x86/fpu: Enabled xstatefetures 0x7, context size is 832 bytes, using 'standard' format.
[    0.000000] e820: BIOS-provided physical RAM map:
[    0.000000] BIOS-e820: [mem 0x0000000000000000-0x00000000009fbff] usable
[   0.000000] BIOS-e820: [mem 0x000000000009fc00-0x000000000009ffff] reserved
[    0.000000] BIOS-e820: [mem 0x00000000000f0000-0x00000000000fffff] reserved
[    0.000000] BIOS-e820: [mem 0x0000000000100000-0x000000003ffeffff] usable
[    0.000000] BIOS-e820: [mem 0x000000003fff0000-0x000000003fffffff] ACPI data
[    0.000000] BIOS-e820: [mem 0x00000000fec00000-0x00000000fec00fff] reserved
[   .000000] BIOS-e820: [mem 0x00000000fee00000-0x00000000fee00fff] reserved
[    0.000000] BIOS-e820: [mem 0x00000000fffc0000-0x00000000ffffffff] reserved
[    0.000000] NX (Execute Disable) protection: active
[    0.000000] SMBIOS 2.5 present.
[    0.000000] Hypervisor detected: KVM
[    0.000000] e820: last_pfn = 0x3fff0 max_arch_pfn = 0x400000000
[    0.000000] MTRR: Disabled
[    0.000000] x866/PAT: MTRRs disabled, skiping PAT initializatontoo.
[    0.000000] CPU MTRRs all blank - virtuazed system.
[    .00000] x86/PAT: Configuration [0-7]: WB  WT  UC- UC  WBWT  UC- UC  
[  0.000000] found SMP MP-table at [mem 0x0009fff0-0x0009ffff] mapped at [ffff88000009fff0]
[    0.00000] Scanning 1 areas for low memor corruption
[  0000000] RAMDISK: [mem 0x3630a000-0x3717cfff]
[    0.000000] ACPIEarly table checksum verification disabled
[    0.000000] ACPI: RSDP 0x00000000000E0000 00024(v02 VBOX  )
[    0.0000] ACPI: XSD 0x000000003FFF0030 00003C (v01 VBOX   VBOXXSDT 00000001 ASL  00000061)
[    0.000000] ACPI: FACP 0x000000003FFF00F0 0000F4 (v04 VBOX   VBOXFACP 00000001 ASL  00000061)
[    0.000000] ACPI: DSDT 0x000000003FFF0470 0021FF (v02 VBOX   VBOXBIOS 00000002 INTL 20100528)
[    0.000000] ACPI: FACS 0x000000003FFF0200 000040
[    0.000000] ACPI: FACS 0x000000003FFF0200 000040
[    0.000000] ACPI: APIC 0x000000003FFF0240 00005C (v02 VBOX   VBOXAPIC 00000001 ASL  00000061)
[    0.000000] ACPI: SSDT 0x000000003FFF02A0 0001CC (v01 VBOX   VBOXCPUT 00000002 INTL 20100528)
[    0.000000] No NUMA configuration found
[    0.000000] Faking a node at [mem 0x0000000000000000-0x000000003ffeffff]
[    0.000000] NODE_DATA(0) allocated [mem 0x3ffeb000-0x3ffeffff]
[    0.000000] kvm-clock: Using msrs 4b564d01 and 4b564d00
[    0.000000] kvm-clock: cpu 0, msr 0:3ffe3001, primary cpu clock
[    0.000000] kvm-clock: using sched offset of 4508231421 cycles
[    0.000000] clocksource: kvm-clock: mask: 0xffffffffffffffff max_cycles: 0x1cd42e4dffb, max_idle_ns: 881590591483 ns
[    0.000000] Zone ranges:
[    0.000000]   DMA      [mem 0x0000000000001000-0x0000000000fffff]
[    0.000000]   DMA32    [mem 0x0000000001000000-0x000000003ffeffff]
[    0.000000]   Normal   empty
[    0.000000]   Device   empty
[   0.000000] Movable zone start for each node
[    00000] Early memory node ranges
[    0.000000]   node   0:  [mem 0x0000000000001000-0x000000000009efff]
[    0.000000]   node   0: [mem 0x0000000000100000-0x000000003ffeffff]
[    0.000000] Initmem setup node 0 [mem 0x0000000000001000-0x000000003ffeffff]
[    0.000000] ACPI: PM-Timer IO Port: 0x4008
[    0.000000] IOAPIC[0]: apic_id 2, version 32, address 0xfec00000, GSI 0-23
[  0.000000] ACPI: INT_SRC_OVR (bus 0 bus_irq 0 global_irq 2 dfl dfl)
[    0.000000] ACPI: INT_SRC_OVR (bus 0 bus_irq 9 global_irq 9 low level)
[    0.000000] Using ACPI (MADT) for SMP configuration information
[    0.000000] smpboot: Allowing 2 CPUs, 0 hotplug CPUs
[   0.000000] PM: Registered nosave memory: [mem 0x00000000-0x00000fff]
[    0.000000] PM: Registered nosave memory: [mem 0x000f00-0x0009ffff]
[    0.000000] PM: Registered nosave memory: [mem 0x000a0000-0x000effff]
[    0.000000] PM: Registered nosave memory: [mem 0x000f0000-0x000fffff]
[    0.000000] e820: [mem 0x40000000-0xfebfffff] available for PCI devices
[    0.000000] Booting paravirtualized kernel on KVM
[    0.000000] clocksource: refined-jiffies: mask: 0xffffffff max_cycles: 0xffffffff, max_idle_ns: 7645519600211568 ns
[    0.000000] setup_percpu: NR_CPUS:512 nr_cpumask_bits:512 nr_cpu_ids:2 nr_node_ids:1
[    0.000000] PERCPU: Embedded 34 pages/cpu @ffff88003fc00000 s99608 r8192 d31464 u1048576
[    0.000000] PV qspinlock hash table entries: 256 (order: 0, 4096 bytes)
[    0.000000] Built 1 zonelists in Node order, mobility grouping on.  Total pages: 257912
[    0.000000] Policy zone: DMA32
[    0.000000] Kernel command line: BOOT_IMAGE=/boot/vmlinuz-4.4.0-137-generic root=LABEL=cloudimg-rootfs ro console=tty1 console=ttyS0
[    0.000000] PID hash table entries: 4096 (order: 3, 32768 bytes)
[    0.000000] Memory: 997708K/1048120K availabl (8555K kernel code, 1314K rwdata, 4004K rodata, 1528K init, 1316K bss, 50412K reserved, 0K cma-reserved)
[    0.000000] SLUB: HWalign=64, Order=0-3, MinObjects=0, CPUs=2, Nodes=1
[    0.000000] Kernel/User page tables isolation: enabled
[    0.000000] Hierarchical RCU implementation.
[    0.000000] 	Build-time adjustment of leaf fanout to 64.
[    0.000000] 	RCU restricting CPUs from NR_CPUS=512  to nr_cpu_ids=2.
[    0.000000] RCU: Adjusting geometry for rcu_fanout_leaf=64, nr_cpu_ids=2
[    0.000000] NR_IRQS:33024 nr_irqs:440 16
[    0.000000] Console: colour VGA+ 80x25
[    0.000000] console [tty1] enabled
[    0.000000] console [ttyS0] enabled
[    0.000000] tsc: Detected 2292.566 MHz processor
[    1.431711] Calibrating delay loop (skipped) preset value.. 4585.13 BogoMIPS (lpj=9170264)
[    1.435355] pid_max: default: 32768 minimum: 301
[    1.437425] ACPI: Core revision 20150930
[    1.441860] ACPI: 2 ACPI AML tables successfully acquired and loaded
[    1.444659] Security Framework initialized
[    1.446336] Yama: becoming mindful.
[    1.447614] AppArmor: AppArmor initialized
[    1.449073] Dentry cache hash table entries: 131072 (order: 8, 1048576 bytes)
[   1.453049] Inode-cache hash table entries: 65536 (order: 7, 524288 bytes)
[    1.507650] Mount-cache hash table entries: 2048 (order: 2, 16384 bytes)
[    1.567526] Mountpoint-cache hash table entries: 2048 (order: 2, 16384 bytes)
[    1.582605] Initializing cgroup subsys io
[    1.601356] Initializing cgroup subsys memory
[    1.604443] Initializing cgroup subsys devices
[    1.613112] Initializing cgroup subsys freezer
[    1.619982] Initializing cgroup subsys net_cls
[    1.627769] Initializing cgroup subsys perf_event
[    1.635682] Initializing cgroup subsys net_prio
[    1.643407] Initializing cgroup subsys hugetlb
[    1.660976] Initializing cgroup subsys pids
[    1.674937] mce: CPU supports 0 MCE banks
[    1.684330] Last level iTLB entries: 4KB 512, 2MB 8, 4MB 8
[    1.686195] Last level dTLB entries: 4KB 512, 2MB 32, 4MB 32, 1GB 0
[    1.688249] Spectre V2 : Mitigation: Full generic retpoline
[    1.690136] Spectre V2 : Spectre v2 mitigation: Speculation control IBPB not-supported IBRS not-supported
[    1.692913] Spectre V2 : Spectre v2 / SpectreRSB mitigation: Filling RSB on context switch
[    1.701332] Speculative Store Bypass: Vulnerable
[    1.706793] Freeing SMP alternatives memory: 32K
[    1.720366] ftrace: allocating 32265 entries in 127 pages
[    1.820506] smpboot: APIC(0) Converting physical 0 to logical package 0
[    1.822296] smpboot: Max logical packages: 1
[    1.823932] x2apic enabled
[    1.825158] Switched APIC routing to physical x2apic.
[    1.859596] ..TIMER: vector=0x30 apic1=0 pin1=2 apic2=-1 pin2=-1
[    2.026339] smpboot: CPU0: Intel(R) Core(TM) i3-2350M CPU @ 2.30GHz (family: 0x6, model: 0x2a, stepping: 0x7)
[    2.041684] Performance Events: unsupported p6 CPU model 42 no PMU driver, software events only.
[    2.044832] KVM setup paravirtual spinlock
[    2.047205] x86: Booting SMP configuration:
[    2.056003] .... node  #0, CPUs:      #1
[    2.071861] kvm-clock: cpu 1, msr 0:3ffe3041, secondary cpu clock
[    2.073613] mce: CPU supports 0 MCE banks
[    2.078167] x86: Booted up 1 node, 2 CPUs
[    2.089325] smpboot: Total of 2 processors activated (9170.26 BogoMIPS)
[    2.092082] devtmpfs: initialized
[    2.095528] evm: security.selinux
[    2.105481] evm: security.SMACK64
[    2.106742] evm: security.SMACK64EXEC
[    2.115624] evm: security.SMACK64TRANSMUTE
[    2.117118] evm: security.SMACK64MMAP
[    2.118519] evm: security.ima
[    2.121364] evm: security.capability
[    2.123121] clocksource: jiffies: mask: 0xffffffff max_cycles: 0xffffffff, max_idle_ns: 7645041785100000 ns
[    2.126709] futex hash table entries: 512 (order: 3, 32768 bytes)
[    2.129108] pinctrl core: initialized pinctrl subsystem
[    2.131226] RTC time: 20:11:55, date: 11/26/18
[    2.133150] NET: Registered protocol family 16
[    2.148516] cpuidle: using governor ladder
[    2.164095] cpuidle: using governor menu
[    2.165636] PCCT header not found.
[    2.167184] ACPI: bus type PCI registered
[    2.168704] acpiphp: ACPI Hot Plug PCI Controller Driver version: 0.5
[    2.171068] PCI: Using configuration type 1 for base access
[    2.188880] ACPI: Added _OSI(Module Device)
[    2.190655] ACPI: Added _OSI(Processor Device)
[    2.195396] ACPI: Added _OSI(3.0 _SCP Extensions)
[    2.197076] ACPI: Added _OSI(Processor Aggregator Device)
[    2.212633] ACPI: Executed 1 blocks of module-level executable AML code
[    2.238402] ACPI: Interpreter enabled
[    2.241586] ACPI: (supports S0 S5)
[    2.249295] ACPI: Using IOAPIC for interrupt routing
[    2.256853] PCI: Using host bridge windows from ACPI; if necessary, use "pci=nocrs" and report a bug
[    2.277017] ACPI: PCI Root Bridge [PCI0] (domain 0000 [bus 00-ff])
[    2.279048] acpi PNP0A03:00: _OSC: OS supports [ASPM ClockPM Segments MSI]
[    2.281239] acpi PNP0A03:00: _OSC: not requesting OS control; OS requires [ExtendedConfig ASPM ClockPM MSI]
[    2.284504] acpi PNP0A03:00: fail to add MMCONFIG information, can't access extended PCI configuration space under this bridge.
[    2.288636] PCI host bridge to bus 0000:00
[    2.290189] pci_bus 0000:00: root bus resource [io  0x0000-0x0cf7 window]
[    2.294331] pci_bus 0000:00: root bus resource [io  0x0d00-0xffff window]
[    2.299773] pci_bus 0000:00: root bus resource [mem 0x000a0000-0x000bffff window]
[    2.302361] pci_bus 0000:00: root bus resource [mem 0x40000000-0xfdffffff window]
[    2.304953] pci_bus 0000:00: root bus resource [bus 00-ff]
[    2.309596] pci 0000:00:01.1: legacy IDE quirk: reg 0x10: [io  0x01f0-0x01f7]
[    2.311828] pci 0000:00:01.1: legacy IDE quirk: reg 0x14: [io  0x03f6]
[    2.313896] pci 0000:00:01.1: legacy IDE quirk: reg 0x18: [io  0x0170-0x0177]
[    2.322659] pci 0000:00:01.1: legacy IDE quirk: reg 0x1c: [io  0x0376]
[    2.363468] pci 0000:00:07.0: quirk: [io  0x4000-0x403f] claimed by PIIX4 ACPI
[    2.391351] pci 0000:00:07.0: quirk: [io  0x4100-0x410f] claimed by PIIX4 SMB
[    2.442633] ACPI: PCI Interrupt Link [LNKA] (IRQs 5 9 10 *11)
[    2.457630] ACPI: PCI Interrupt Link [LNKB] (IRQs 5 9 *10 11)
[    2.474106] ACPI: PCI Interrupt Link [LNKC] (IRQs 5 *9 10 11)
[    2.504667] ACPI: PCI Interrupt Link [LNKD] (IRQs 5 9 10 *11)
[    2.543954] ACPI: Enabled 2 GPEs in block 00 to 07
[    2.560087] vgaarb: setting as boot device: PCI:0000:00:02.0
[    2.583555] vgaarb: device added: PCI:0000:00:02.0,decodes=io+mem,owns=io+mem,locks=none
[    2.601642] vgaarb: loaded
[    2.602806] vgaarb: bridge control possible 0000:00:02.0
[    2.611940] SCSI subsystem initialized
[    2.613479] ACPI: bus type USB registered
[    2.621074] usbcore: registered new interface driver usbfs
[    2.632176] usbcore: registered new interface driver hub
[    2.633967] usbcore: registered new device driver usb
[    2.637459] PCI: Using ACPI for IRQ routing
[    2.639527] NetLabel: Initializing
[    2.640750] NetLabel:  domain hash size = 128
[    2.642220] NetLabel:  protocols = UNLABELED CIPSOv4
[    2.643875] NetLabel:  unlabeled traffic allowed by default
[    2.645901] amd_nb: Cannot enumerate AMD northbridges
[    2.647805] clocksource: Switched to clocksource kvm-clock
[    2.0576] AppArmr: AppArmor Filesystem Enabled
[  2521]np: PnP ACPI init
[    2.986960] pnp: PnP ACPI: found 3 devices

[    3.000685] clocksource: acpi_pm: mask: 0xffffff max_cycles: 0xffffff, max_idle_ns: 2085701024 ns
[    3.003156] NET: Registered protocol family 2
[    3.004839] TCP established hash table entries: 8192 (order: 4, 65536 bytes)
[    3.014567] TCP bind hash table entries: 8192 (order: 5, 131072 bytes)
[  3.018560] TCP: shtaes configured (estabished 8192 bind 8192)
[   .254395] UDP hash table entries: 512 (order: 2, 16384 te
    3.436263] UDP-Liteastalentes51 (de 216384 bytes)
[    4.066528] NET: Registered protocol family 1
[    4.068029] pci 0000:00:00.0: Limiting direct PCI/PCI transfers
[    4.069951] pci 0000:00:01.0: Activating ISA DMA hang workarounds
[    4.072202] Unpacking initramfs...

[  4.400844] Freeing initrd memory: 14796K
[    .42706] RAPL PMU detected, API unit is 2^-32 Joules, 3 fixed counters 10737418240 ms ovfl timer
[    4.546309] hw unit of domain pp0-core 2^- Jle

[    4.691453] hw unit of domain package 2^-0 Joules
[    4.693069] hw unit of domain pp1-gpu 2^-0 Joules
[    4.701555] platform rtc_cmos: registered platform RTC device (no PNP device found)
[    4.714106] Scanning for low memory corruption every 60 seconds
[    4.718617] audit: initializing netlink subsys (disabled)
[    4.720452] audit: type=2000 audit(1543263121.781:1): initialized
[    4.722719] Initialise system trusted keyring
[    4.729750] HugeTLB registered 2 MB page size, pre-allocated 0 pages
[    4.740749] zbud: loaded
[    4.742360] VFS: Disk quotas dquot_6.6.0
[    4.743847] VFS: Dquot-cache hash table entries: 512 (order 0, 4096 bytes)
[    4.746301] squashfs: version 4.0 (2009/01/31) Phillip Lougher
[    4.754710] fuse init (API version 7.23)
[    4.763175] Key type big_key registered
[    4.764621] Allocating IMA MOK and blacklist keyrings.
[    4.768416] Key type asymmetric registered
[    4.769837] Asymmetric key parser 'x509' registered
[    4.771514] Block layer SCSI generic (bsg) driver version 0.4 loaded (major 249)
[    4.777146] io scheduler noop registered
[    4.778512] io scheduler deadline registered (default)
[    4.780264] io scheduler cfq registered
[    4.781821] pci_hotplug: PCI Hot Plug PCI Core version: 0.5
[    4.783652] pciehp: PCI Express Hot Plug Controller Driver version: 0.4
[    4.785919] ACPI: AC Adapter [AC] (on-line)
[    4.787462] input: Power Button as /devices/LNXSYSTM:00/LNXPWRBN:00/input/input0
[    4.803552] ACPI: Power Button [PWRF]
[    4.805135] input: Sleep Button as /devices/LNXSYSTM:00/LNXSLPBN:00/input/input1
[    4.807845] ACPI: Sleep Button [SLPF]
[    4.809579] GHES: HEST is not enabled!
[    4.810540] ACPI: Battery Slot [BAT0] (battery present)
[    4.819909] Serial: 8250/16550 driver, 32 ports, IRQ sharing enabled
[    4.852233] 00:02: ttyS0 at I/O 0x3f8 (irq = 4, base_baud = 115200) is a 16550A
[    4.856786] Linux agpgart interface v0.103
[    4.860631] loop: module loaded
[    4.862763] scsi host0: ata_piix
[    4.871104] scsi host1: ata_piix
[    4.879160] ata1: PATA max UDMA/33 cmd 0x1f0 ctl 0x3f6 bmdma 0xd000 irq 14
[    4.901875] ata2: PATA max UDMA/33 cmd 0x170 ctl 0x376 bmdma 0xd008 irq 15
[    4.906050] libphy: Fixed MDIO Bus: probed
[    4.907461] tun: Universal TUN/TAP device driver, 1.6
[    4.909104] tun: (C) 1999-2004 Max Krasnyansky <maxk@qualcomm.com>
[    4.911052] PPP generic driver version 2.4.2
[    4.912539] ehci_hcd: USB 2.0 'Enhanced' Host Controller (EHCI) Driver
[    4.917472] ehci-pci: EHCI PCI platform driver
[    4.925817] ehci-platform: EHCI generic platform driver
[    4.931943] ohci_hcd: USB 1.1 'Open' Host Controller (OHCI) Driver
[    4.947142] ohci-pci: OHCI PCI platform driver
[    4.952671] ohci-platform: OHCI generic platform driver
[    5.086169] uhci_hcd: USB Universal Host Controller Interface driver
[    5.128525] i8042: PNP: PS/2 Controller [PNP0303:PS2K,PNP0f03:PS2M] at 0x60,0x64 irq 1,12
[    5.157665] serio: i8042 KBD port at 0x60,0x64 irq 1
[    5.184581] serio: i8042 AUX port at 0x60,0x64 irq 12
[    5.213660] mouedv:PS mouse device common for all mice

[    5.374465] input: AT Translated Set 2 keyboard as /devices/platform/i8042/serio0/input/input2
[    5.384673] rtc_cmos rtc_cmos: rtc core: registered rtc_cmos as rtc0
[    5.387595] rtc_cmos rtc_cmos: alarms up to one day, 114 bytes nvram
[    5.390723] i2c /dev entries driver
[    5.393002] device-mapper: uevent: version 1.0.3
[    5.395950] device-mapper: ioctl: 4.34.0-ioctl (2015-10-28) initialised: dm-devel@redhat.com
[    5.400551] ledtrig-cpu: registered to indicate activity on CPUs
[    5.404783] NET: Registered protocol family 10
[    5.407676] NET: Registered protocol family 17
[    5.410303] Key type dns_resolver registered
[    5.413938] registered taskstats version 1
[    5.417404] Loading compiled-in X.509 certificates
[    5.422677] Loaded X.509 cert 'Build time autogenerated kernel key: 20acc96b50ca7641011eace69d32209215a9b56f'
[    5.433501] zswap: loaded using pool lzo/zbud
[    5.441435] Key type trusted registered
[    5.453974] Key type encrypted registered
[    5.461908] AppArmor: AppArmor sha1 policy hashing enabled
[    5.464544] ima: No TPM chip found, activating TPM-bypass!
[    5.467127] ima: Allocated hash algorithm: sha1
[    5.469426] evm: HMAC attrs: 0x1
[    5.471937]   Magic number: 10:723:195
[    5.473712] rtc_cmos rtc_cmos: setting system clock to 2018-11-26 20:11:58 UTC (1543263118)
[    5.484338] BIOS EDD facility v0.16 2004-Jun-25, 0 devices found
[    5.486540] EDD information not available.
[    5.490902] Freeing unused kernel memory: 1528K
[    5.507974] Write protecting the kernel read-only data: 14336k
[    5.511929] Freeing unused kernel memory: 1672K
[    5.514897] Freeing unused kernel memory: 92K
Loading, please wait...
starting version 229
[    5.542175] random: systemd-udevd: uninitialized urandom read (16 bytes read, 3 bits of entropy available)
[    5.543992] random: udevadm: uninitialized urandom read (16 bytes read, 3 bits of entropy available)
[    5.544064] random: udevadm: uninitialized urandom read (16 bytes read, 3 bits of entropy available)
[    5.567258] random: systemd-udevd: uninitialized urandom read (16 bytes read, 3 bits of entropy available)
[    5.577229] random: udevadm: uninitialized urandom read (16 bytes read, 3 bits of entropy available)
[    5.577359] random: udevadm: uninitialized urandom read (16 bytes read, 3 bits of entropy available)
[    5.577887] random: udevadm: uninitialized urandom read (16 bytes read, 3 bits of entropy available)
[    5.578083] random: udevadm: uninitialized urandom read (16 bytes read, 3 bits of entropy available)
[    5.578276] random: udevadm: uninitialized urandom read (16 bytes read, 3 bits of entropy available)
[    5.578473] random: udevadm: uninitialized urandom read (16 bytes read, 3 bits of entropy available)
[    5.704525] tsc: Refined TSC clocksource calibration: 2293.714 MHz
[    5.712879] clocksource: tsc: mask: 0xffffffffffffffff max_cycles: 0x211003268b9, max_idle_ns: 440795265568 ns
[    5.737351] Fusion MPT base driver 3.04.20
[    5.739157] Copyright (c) 1999-2008 LSI Corporation
[    5.743310] e1000: Intel(R) PRO/1000 Network Driver - version 7.3.21-k8-NAPI
[    5.746029] e1000: Copyright (c) 1999-2006 Intel Corporation.
[    5.761293] Fusion MPT SPI Host driver 3.04.20
[    5.939357] input: ImExPS/2 Generic Explorer Mouse as /devices/platform/i8042/serio1/input/input4
[    6.304935] e1000 0000:00:03.0 eth0: (PCI:33MHz:32-bit) 02:20:67:8c:d5:af
[    6.324231] e1000 0000:00:03.0 eth0: Intel(R) PRO/1000 Network Connection
[    6.329413] mptbase: ioc0: Initiating bringup
[    6.393116] ioc0: LSI53C1030 A0: Capabilities={Initiator}
[    6.559083] scsi host2: ioc0: LSI53C1030 A0, FwRev=00000000h, Ports=1, MaxQ=256, IRQ=20
[    6.672481] scsi 2:0:0:0: Direct-Access     VBOX     HARDDISK         1.0  PQ: 0 ANSI: 5
[    6.706946] scsi target2:0:0: Beginning Domain Validation
[    6.710422] scsi target2:0:0: Domain Validation skipping write tests
[    6.712623] scsi target2:0:0: Ending Domain Validation
[    6.714614] scsi target2:0:0: asynchronous
[    6.720029] scsi 2:0:1:0: Direct-Access     VBOX     HARDDISK         1.0  PQ: 0 ANSI: 5
[    6.723129] scsi target2:0:1: Beginning Domain Validation
[    6.741412] scsi target2:0:1: Domain Validation skipping write tests
[    6.743634] scsi target2:0:1: Ending Domain Validation
[    6.747834] scsi target2:0:1: asynchronous
[    6.765287] sd 2:0:0:0: Attached scsi generic sg0 type 0
[    6.768168] sd 2:0:1:0: Attached scsi generic sg1 type 0
[    6.770632] sd 2:0:1:0: [sdb] 20480 512-byte logical blocks: (10.5 MB/10.0 MiB)
[    6.780400] sd 2:0:0:0: [sda] 20971520 512-byte logical blocks: (10.7 GB/10.0 GiB)
[    6.790829] sd 2:0:0:0: [sda] Write Protect is off
[    6.793810] sd 2:0:1:0: [sdb] Write Protect is off
[    6.796963] sd 2:0:0:0: [sda] Incomplete mode parameter data
[    6.800317] sd 2:0:0:0: [sda] Assuming drive cache: write through
[    6.804748] sd 2:0:1:0: [sdb] Incomplete mode parameter data
[    6.807685] sd 2:0:1:0: [sdb] Assuming drive cache: write through
[    6.866210]  sda: sda1
[    6.869079] sd 2:0:0:0: [sda] Attached SCSI disk
[    6.881092] sd 2:0:1:0: [sdb] Attached SCSI disk
[    7.098271] e1000 0000:00:08.0 eth1: (PCI:33MHz:32-bit) 08:00:27:1c:bd:5e
[    7.131236] e1000 0000:00:08.0 eth1: Intel(R) PRO/1000 Network Connection
[    7.140044] e1000 0000:00:03.0 enp0s3: renamed from eth0
[    7.156485] e1000 0000:00:08.0 enp0s8: renamed from eth1
Begin: Loading essential drivers[    8.636410] md: linear personality registered for level -1
 ... [    8.666637] md: multipath personality registered for level -4
[    8.673668] md: raid0 personality registered for level 0
[    8.686530] md: raid1 personality registered for level 1
[    8.765157] raid6: sse2x1   gen()  4236 MB/s
[    8.844291] raid6: sse2x1   xor()  4136 MB/s
[    8.916611] raid6: sse2x2   gen()  6666 MB/s
[    8.984045] raid6: sse2x2   xor()  4520 MB/s
[    9.064281] raid6: sse2x4   gen()  7908 MB/s
[    9.140405] raid6: sse2x4   xor()  5726 MB/s
[    9.149164] raid6: using algorithm sse2x4 gen() 7908 MB/s
[    9.157761] raid6: .... xor() 5726 MB/s, rmw enabled
[    9.159402] raid6: using ssse3x2 recovery algorithm
[    9.164319] xor: automatically using best checksumming function:
[    9.203953]    avx       : 12694.000 MB/sec
[    9.240659] async_tx: api initialized (async)
[    9.253673] md: raid6 personality registered for level 6
[    9.292628] md: raid5 personality registered for level 5
[    9.337997] md: raid4 personality registered for level 4
[    9.381881] md: raid10 personality registered for level 10
done.
Begin: Running /scripts/init-premount ... done.
Begin: Mounting root file system ... Begin: Running /scripts/local-top ... done.
Begin: Running /scripts/local-premount ... [    9.461731] Btrfs loaded
Scanning for Btrfs filesystems
done.
Warning: fsck no[    9.587985] EXT4-fs (sda1): INFO: recovery required on readonly filesystem
t present, so sk[    9.597904] EXT4-fs (sda1): write access will be enabled during recovery
ipping root file system
[    9.869203] EXT4-fs (sda1): orphan cleanup on readonly fs
[    9.898876] EXT4-fs (sda1): 5 orphan inodes deleted
[    9.900453] EXT4-fs (sda1): recovery complete
[    9.902557] EXT4-fs (sda1): mounted filesystem with ordered data mode. Opts: (null)
done.
Begin: Running /scripts/local-bottom ... done.
Begin: Running /scripts/init-bottom ... done.
[   10.712295] random: nonblocking pool is initialized
[   10.997556] systemd[1]: systemd 229 running in system mode. (+PAM +AUDIT +SELINUX +IMA +APPARMOR +SMACK +SYSVINIT +UTMP +LIBCRYPTSETUP +GCRYPT +GNUTLS +ACL +XZ -LZ4 +SECCOMP +BLKID +ELFUTILS +KMOD -IDN)
[   11.126348] systemd[1]: Detected virtualization oracle.
[   11.129984] systemd[1]: Detected architecture x86-64.

Welcome to [1mUbuntu 16.04.5 LTS[0m!

[   11.180601] systemd[1]: Set hostname to <gnet-db>.
[   12.406605] systemd[1]: Reached target System Time Synchronized.
[[0;32m  OK  [0m] Reached target System Time Synchronized.
[   12.480622] systemd[1]: Listening on Syslog Socket.
[[0;32m  OK  [0m] Listening on Syslog Socket.
[   12.504192] systemd[1]: Listening on Journal Socket.
[[0;32m  OK  [0m] Listening on Journal Socket.
[   12.588421] systemd[1]: Listening on Device-mapper event daemon FIFOs.
[[0;32m  OK  [0m] Listening on Device-mapper event daemon FIFOs.
[   12.673084] systemd[1]: Listening on udev Control Socket.
[[0;32m  OK  [0m] Listening on udev Control Socket.
[   12.760160] systemd[1]: Listening on udev Kernel Socket.
[[0;32m  OK  [0m] Listening on udev Kernel Socket.
[   12.781564] systemd[1]: Reached target Swap.
[[0;32m  OK  [0m] Reached target Swap.
[   12.785750] systemd[1]: Created slice System Slice.
[[0;32m  OK  [0m] Created slice System Slice.
[   12.792371] systemd[1]: Created slice system-serial\x2dgetty.slice.
[[0;32m  OK  [0m] Created slice system-serial\x2dgetty.slice.
[   12.807992] systemd[1]: Mounting Huge Pages File System...
         Mounting Huge Pages File System...
[   12.814224] systemd[1]: Starting Set console keymap...
         Starting Set console keymap...
[   12.819225] systemd[1]: Starting Create list of required static device nodes for the current kernel...
         Starting Create list of required st... nodes for the current kernel...
[   12.825445] systemd[1]: Set up automount Arbitrary Executable File Formats File System Automount Point.
[[0;32m  OK  [0m] Set up automount Arbitrary Executab...ats File System Automount Point.
[   12.922060] systemd[1]: Starting Remount Root and Kernel File Systems...
         Starting Remount Root and Kernel File Systems...
[   12.964316] systemd[1]: Mounting Debug File System...
         Mountin[   12.973917] EXT4-fs (sda1): re-mounted. Opts: (null)
g Debug File System...
[   12.983869] systemd[1]: Reached target User and Group Name Lookups.
[[0;32m  OK  [0m] Reached target User and Group Name Lookups.
[   12.990367] systemd[1]: Starting Nameserver information manager...
         Starting Nameserver information manager...
[   13.004791] systemd[1]: Listening on LVM2 poll daemon socket.
[[0;32m  OK  [0m] Listening on LVM2 poll daemon socket.
[   13.009320] systemd[1]: Started Forward Password Requests to Wall Directory Watch.
[[0;32m  OK  [0m] Started Forward Password Requests to Wall Directory Watch.
[   13.018660] systemd[1]: Started Trigger resolvconf update for networkd DNS.
[[0;32m  OK  [0m] Started Trigger resolvconf update for networkd DNS.
[   13.023772] systemd[1]: Listening on Journal Socket (/dev/log).
[[0;32m  OK  [0m] Listening on Journal Socket (/dev/log).
[   13.027922] systemd[1]: Listening on LVM2 metadata daemon socket.
[[0;32m  OK  [0m] Listening on LVM2 metadata daemon socket.
[   13.045056] systemd[1]: Starting Monitoring of LVM2 mirrors, snapshots etc. using dmeventd or progress polling...
         Starting Monitoring of LVM2 mirrors... dmeventd or progress polling...
[   13.053420] systemd[1]: Listening on Journal Audit Socket.
[[0;32m  OK  [0m] Listening on Journal Audit Socket.
[   13.059639] systemd[1]: Mounting POSIX Message Queue File System...
         Mounting POSIX Message Queue File System...
[   13.066484] systemd[1]: Listening on /dev/initctl Compatibility Named Pipe.
[[0;32m  OK  [0m] Listening on /dev/initctl Compatibility Named Pipe.
[   13.113057] systemd[1]: Created slice User and Session Slice.
[[0;32m  OK  [0m] Created slice User and Session Slice.
[   13.160960] systemd[1]: Reached target Slices.
[[0;32m  OK  [0m] Reached target Slices.
[   13.192266] systemd[1]: Reached target Encrypted Volumes.
[[0;32m  OK  [0m] Reached target Encrypted Volumes.
[   13.240748] systemd[1]: Starting Uncomplicated firewall...
         Starting Uncomplicated firewall...
[   13.324502] systemd[1]: Starting Load Kernel Modules...
         Starting Load Kernel Modules...
[   13.345968] systemd[1]: Starting Journal Service...
         Starting Journal Service...
[   13.410617] systemd[1]: Mounted Huge Pages File System.
[[0;32m  OK  [0m] Mounted Huge Pages File System.
[   13.458127] systemd[1]: Mounted POSIX Message Queue File System.
[[0;32m  OK  [0m] Mounted POSIX Message Queue File System.
[   13.473775] Loading iSCSI transport class v2.0-870.
[   13.516421] systemd[1]: Mounted Debug File System.
[[0;32m  OK  [0m] Mounted Debug File System.
[  1569956] systemd[1]: Started Set console keymap.

[[0;32m  OK  [0m] Started Set console keymap.
[   13.666743] systemd[1]: Started Create list of required static device nodes for the current kernel.
[[0;32m  OK  [0m] Started Create list of required sta...ce nodes for the current kernel.
[   13.674163] systemd[1]: Started Remount Root and Kernel File Systems.
[[0;32m  OK  [0m] Started Remount Root and Kernel File Systems.
[   13.689833] systemd[1]: Started Uncomplicated firewall.
[[0;32m  OK  [0m] Started Uncomplicated firewall.
[   13.702585] iscsi: registered transport (tcp)
[   13.719810] systemd[1]: Started Journal Service.
[[0;32m  OK  [0m] Started Journal Service.
[[0;32m  OK  [0m] Started Nameserver information manager.
[[0;32m  OK  [0m] Started LVM2 metadata daemon.
         Starting Load/Save Random Seed...
         Starting Flush Journal to Persistent Storage...
         Starting udev Coldplug all Devices...
         Starting Create Static Device Nodes in /dev...
[[0;32m  OK  [0m] Started Load/Save Random Seed.
[   13.948137] iscsi: registered transport (iser)
[   13.949981] systemd-journald[385]: Received request to flush runtime journal from PID 1
[[0;32m  OK  [0m] Started Load Kernel Modules.
         Mounting FUSE Control File System...
         Starting Apply Kernel Variables...
[[0;32m  OK  [0m] Mounted FUSE Control File System.
[[0;32m  OK  [0m] Started Flush Journal to Persistent Storage.
[[0;32m  OK  [0m] Started udev Coldplug all Devices.
[[0;32m  OK  [0m] Started Apply Kernel Variables.
[[0;32m  OK  [0m] Started Monitoring of LVM2 mirrors,...ng dmeventd or progress polling.
[[0;32m  OK  [0m] Started Create Static Device Nodes in /dev.
         Starting udev Kernel Device Manager...
[[0;32m  OK  [0m] Started udev Kernel Device Manager.
[[0;32m  OK  [0m] Reached target Local File Systems (Pre).
[[0;32m  OK  [0m] Reached target Local File Systems.
         Starting Set console font and keymap...
         Starting Tell Plymouth To Write Out Runtime Data...
         Starting LSB: AppArmor initialization...
         Starting Create Volatile Files and Directories...
         Starting Initial cloud-init job (pre-networking)...
[[0;32m  OK  [0m] Started Dispatch Password Requests to Console Directory Watch.
[[0;32m  OK  [0m] Started Tell Plymouth To Write Out Runtime Data.
[[0;32m  OK  [0m] Found device /dev/ttyS0.
[[0;32m  OK  [0m] Listening on Load/Save RF Kill Switch Status /dev/rfkill Watch.
[[0;32m  OK  [0m] Started Create Volatile Files and Directories.
         Starting Update UTMP about System Boot/Shutdown...
[[0;32m  OK  [0m] Found device 82540EM Gigabit Ethern...r (PRO/1000 MT Desktop Adapter).
[[0;32m  OK  [0m] Found device 82540EM Gigabit Ethern...r (PRO/1000 MT Desktop Adapter).
[[0;32m  OK  [0m] Started Update UTMP about System Boot/Shutdown.
[[0;32m  OK  [0m] Started Set console font and keymap.
[[0;32m  OK  [0m] Created slice system-getty.slice.
[[0;32m  OK  [0m] Started LSB: AppArmor initialization.
[   19.784508] cloud-init[476]: Cloud-init v. 18.3-9-g2e62cb8a-0ubuntu1~16.04.2 running 'init-local' at Mon, 26 Nov 2018 20:12:14 +0000. Up 18.87 seconds.
[[0;32m  OK  [0m] Started Initial cloud-init job (pre-networking).
[[0;32m  OK  [0m] Reached target Network (Pre).
         Starting Raise network interfaces...
[[0;32m  OK  [0m] Started ifup for enp0s8.
[[0;32m  OK  [0m] Started ifup for enp0s3.
[[0;32m  OK  [0m] Started Raise network interfaces.
[[0;32m  OK  [0m] Reached target Network.
         Starting Initial cloud-init job (metadata service crawler)...
[   22.476403] cloud-init[1051]: Cloud-init v. 18.3-9-g2e62cb8a-0ubuntu1~16.04.2 running 'init' at Mon, 26 Nov 2018 20:12:16 +0000. Up 21.16 seconds.
[   22.540949] cloud-init[1051]: ci-info: ++++++++++++++++++++++++++++++++++++++Net device info+++++++++++++++++++++++++++++++++++++++
[[0;32m  OK  [0m] Started Initial cloud-init job (metadata service crawler).
[   22.584142] cloud-init[1051]: ci-info: +--------+------+-----------------------------+---------------+--------+-------------------+
[   22.620320] cloud-init[1051]: ci-info: | Device |  Up  |           Address           |      Mask     | Scope  |     Hw-Address    |
[[0;32m  OK  [0m] Reached target System Initialization.
         Starting Socket activation for snappy daemon.
[[0;32m  OK  [0m] Listening on UUID daemon activation socket.
[   22.627536] cloud-init[1051]: ci-info: +--------+------+-----------------------------+---------------+--------+-------------------+
[   22.747203] cloud-init[1051]: ci-info: | enp0s3 | True |          10.0.2.15          | 255.255.255.0 | global | 02:20:67:8c:d5:af |
[   22.792425] cloud-init[1051]: ci-info: | enp0s3 | True |  fe80::20:67ff:fe8c:d5af/64 |       .       |  link  | 02:20:67:8c:d5:af |
[   22.834306] cloud-init[1051]: ci-info: | enp0s8 | True |         192.168.0.10        | 255.255.255.0 | global | 08:00:27:1c:bd:5e |
         Starting LXD - unix socket.
[   22.840047] cloud-init[1051]: ci-info: | enp0s8 | True | fe80::a00:27ff:fe1c:bd5e/64 |       .       |  link  | 08:00:27:1c:bd:5e |
[   22.853762] cloud-init[1051]: ci-info: |   lo   | True |          127.0.0.1          |   255.0.0.0   |  host  |         .         |
[   22.857926] cloud-init[1051]: ci-info: |   lo   | True |           ::1/128           |       .       |  host  |         .         |
[[0;32m  OK  [0m] Started Daily apt download activities.
[   22.902161] cloud-init[1051]: ci-info: +--------+------+-----------------------------+---------------+--------+-------------------+
[   22.904723] cloud-init[1051]: ci-info: +++++++++++++++++++++++++++Route IPv4 info++++++++++++++++++++++++++++
[   22.905026] cloud-init[1051]: ci-info: +-------+-------------+----------+---------------+-----------+-------+
[   22.905335] cloud-init[1051]: ci-info: | Route | Destination | Gateway  |    Genmask    | Interface | Flags |
[   22.906009] cloud-init[1051]: ci-info: +-------+-------------+----------+---------------+-----------+-------+
[   22.906676] cloud-init[1051]: ci-info: |   0   |   0.0.0.0   | 10.0.2.2 |    0.0.0.0    |   enp0s3  |   UG  |
[   22.906999] cloud-init[1051]: ci-info: |   1   |   10.0.2.0  | 0.0.0.0  | 255.255.255.0 |   enp0s3  |   U   |
[   22.907313] cloud-init[[0;32m  OK  [0m] Listening on D-Bus System Message Bus Socket.
[1051]: ci-info: |   2   | 192.168.0.0 | 0.0.0.0  | 255.255.255.0 |   enp0s8  |   U   |
[   23.271302] cloud-init[1051]: ci-info: +-------+-------------+----------+---------------+-----------+-------+
[[0;32m  OK  [0m] Started ACPI Events Check.
[[0;32m  OK  [0m] Reached target Paths.
[[0;32m  OK  [0m] Started Daily apt upgrade and clean activities.
[   23.313432] cloud-init[1051]: ci-info: +++++++++++++++++++Route IPv6 info+++++++++++++++++++
[   23.414502] cloud-init[1051]: ci-info: +-------+-------------+---------+-----------+-------+
[[0;32m  OK  [0m] Started Daily Cleanup of Temporary Directories.
[[0;32m  OK  [0m] Reached target Timers.
[[0;32m  OK  [0m] Listening on ACPID Listen Socket.
[[0;32m  OK  [0m] Reached target Cloud-config availability.
[[0;32m  OK  [0m] Reached target Network is Online.
[   23.432210] cloud-init[1051]: ci-info: | Route | Destination | Gateway | Interface | Flags |
[   23.593494] cloud-init[1051]: ci-info: +-------+-------------+---------+-----------+-------+
[   23.622506] cloud-init[1051]: ci-info: |   0   |  fe80::/64  |    ::   |   enp0s8  |   U   |
[   23.658354] cloud-init[1051]: ci-info: |   1   |  fe80::/64  |    ::   |   enp0s3  |   U   |
[   23.690643] cloud-init[1051]: ci-info: |   4   |   ff00::/8  |    ::   |   enp0s8  |   U   |
         Starting iSCSI initiator daemon (iscsid)...
[[0;32m  OK  [0m] Listening on Socket activation for snappy daemon.
[   23.719126] cloud-init[1051]: ci-info: |   5   |   ff00::/8  |    ::   |   enp0s3  |   U   |
[[0;32m  OK  [0m] Listening on LXD - unix socket.
[   23.783819] cloud-init[1051]: ci-info: +-------+-------------+---------+-----------+-------+
[[0;32m  OK  [0m] Reached target Sockets.
[[0;32m  OK  [0m] Reached target Basic System.
[[0;32m  OK  [0m] Started Regular background program processing daemon.
         Starting Login Service...
[[0;32m  OK  [0m] Started FUSE filesystem for LXC.
         Starting Virtualbox guest utils...
         Starting LSB: Record successful boot for GRUB...
[[0;32m  OK  [0m] Started D-Bus System Message Bus.
         Starting /etc/rc.local Compatibility...
         Starting Snappy daemon...
         Starting Pollinate to seed the pseudo random number generator...
         Starting MySQL Community Server...
[[0;32m  OK  [0m] Started ACPI event daemon.
         Starting System Logging Service...
[[0;32m  OK  [0m] Started Unattended Upgrades Shutdown.
[[0;32m  OK  [0m] Started Deferred execution scheduler.
         Starting LXD - container startup/shutdown...
         Starting LSB: MD monitoring daemon...
         Starting Accounts Service...
[[0;32m  OK  [0m] Started iSCSI initiator daemon (iscsid).
[[0;32m  OK  [0m] Started /etc/rc.local Compatibility.
         Starting Login to default iSCSI targets...
[[0;32m  OK  [0m] Started Login Service.
[[0;32m  OK  [0m] Started LSB: Record successful boot for GRUB.
[[0;32m  OK  [0m] Started Login to default iSCSI targets.
[[0;32m  OK  [0m] Reached target Remote File Systems (Pre).
[[0;32m  OK  [0m] Reached target Remote File Systems.
         Starting LSB: Set the CPU Frequency Scaling governor to "ondemand"...
         Starting LSB: daemon to balance interrupts for SMP systems...
         Starting Permit User Sessions...
         Starting LSB: automatic crash report generation...
[[0;32m  OK  [0m] Started LSB: Set the CPU Frequency Scaling governor to "ondemand".
[[0;32m  OK  [0m] Started Permit User Sessions.
         Starting Terminate Plymouth Boot Screen...
         Starting Hold until boot process finishes up...
[[0;32m  OK  [0m] Started Hold until boot process finishes up.
[[0;32m  OK  [0m] Started Terminate Plymouth Boot Screen.
         Starting Set console scheme...
[[0;32m  OK  [0m] Started Serial Getty on ttyS0.
[[0;32m  OK  [0m] Started Getty on tty1.
[[0;32m  OK  [0m] Reached target Login Prompts.
[[0;32m  OK  [0m] Started LSB: MD monitoring daemon.
[[0;32m  OK  [0m] Started Set console scheme.
[[0;32m  OK  [0m] Started LSB: automatic crash report generation.
[[0;32m  OK  [0m] Started System Logging Service.
[[0;32m  OK  [0m] Started LSB: daemon to balance interrupts for SMP systems.
[[0;32m  OK  [0m] Started Virtualbox guest utils.
         Starting Authenticate and Authorize Users to Run Privileged Tasks...
[[0;32m  OK  [0m] Started Authenticate and Authorize Users to Run Privileged Tasks.
[[0;32m  OK  [0m] Started Accounts Service.

Ubuntu 16.04.5 LTS gnet-db ttyS0

gnet-db login: [   33.693517] cloud-init[1341]: Cloud-init v. 18.3-9-g2e62cb8a-0ubuntu1~16.04.2 running 'modules:config' at Mon, 26 Nov 2018 20:12:27 +0000. Up 32.39 seconds.
[   40.540530] cloud-init[1480]: Cloud-init v. 18.3-9-g2e62cb8a-0ubuntu1~16.04.2 running 'modules:final' at Mon, 26 Nov 2018 20:12:35 +0000. Up 39.97 seconds.
[   40.541932] cloud-init[1480]: Cloud-init v. 18.3-9-g2e62cb8a-0ubuntu1~16.04.2 finished at Mon, 26 Nov 2018 20:12:35 +0000. Datasource DataSourceNoCloud [seed=/dev/sdb][dsmode=net].  Up 40.52 seconds
[  OK  ] Started ACPI event daemon.
[  OK  ] Started Trigger resolvconf update for networkd DNS.
[  OK  ] Started ACPI event daemon.
[  OK  ] Started ACPI event daemon.
[  OK  ] Started ACPI event daemon.
[  OK  ] Started ACPI event daemon.
         Stopping udev Kernel Device Manager...
[  OK  ] Stopped udev Kernel Device Manager.
[  OK  ] Started ACPI event daemon.
[  OK  ] Started ACPI event daemon.
[  OK  ] Stopped udev Kernel Device Manager.
         Starting udev Kernel Device Manager...
[  OK  ] Started udev Kernel Device Manager.
[  OK  ] Started ACPI event daemon.
[  OK  ] Started ACPI event daemon.
[  OK  ] Started ACPI event daemon.
         Stopping OpenBSD Secure Shell server...
[  OK  ] Stopped OpenBSD Secure Shell server.
         Starting OpenBSD Secure Shell server...
[  OK  ] Started OpenBSD Secure Shell server.
         Starting Cleanup of Temporary Directories...
[  OK  ] Started Cleanup of Temporary Directories.
[  OK  ] Started Daily apt upgrade and clean activities.
