[    0.000000] Initializing cgroup subsys cpuset
[    0.000000] Initializing cgroup subsys cpu
[    0.000000] Initializing cgroup sbsys cpuacct
[    0.000000] Linux version 4.4.0-137-generic (buildd@lgw01-amd64-037) (gcc version 5.4.0 20160609 (Ubuntu 5.4.0-6ubuntu1~16.04.10) ) #163-Ubuntu SMP Mon Sep 24 13:14:43 UTC 2018 (Ubuntu 44.4.0-137.163-generic4.4.144)
[    0.000000] Command line: BOOT_IMAGE=/boot/vmlinuz-4.4.0-137-generic root=LABEL=cloudimg-rootfs ro console=tty1 console=ttyS0
[    0.000000] KERNEL supported cpus:
[    0.000000]   Intel GenuineIntel
[    0.000000]   AMD AuthenticAMD
[    0.000000]   Centaur CentaurHauls
[    0.000000] x86/fpu: xstate_offset[2]:  576, xstate_sizes[2]:  256
[    0.000000] x86/fpu: Supporting XSAVE feature 0x01: 'x87 floating point registers'
[    0.000000] x86/fpu: Supporting XSAVE feature 0x02: 'SSE registers'
[    0.000000] x86/fpu: Supporting XSAVE feature 0x04: 'AVX registers'
[    0.000000] x86/fpu: Enabled xstate features 0x7, context size is 832 bytes, using 'standard' format.
[    0.000000] e820: BIOS-provided physical RAM map:
[    0.000000] BIOS-e820: [mem 0x0000000000000000-0x000000000009fbff] usable
[    0.000000] BIOS-e820: [mem 0x000000000009fc00-0x000000000009ffff] reserved
[    0.000000] BIOS-e820: [mem 0x00000000000f0000-0x00000000000fffff] reserved
[    0.000000] BIOS-e820: [mem 0x0000000000100000-0x000000003ffeffff] usable
[    0.000000] BIOS-e820: [mem 0x000000003fff0000-0x000000003fffffff] ACPI data
[    0.000000] BIOS-e820: [mem 0x00000000fec00000-0x00000000fec00fff] reserved
[    0.000000] BIOS-e820: [mem 0x00000000fee00000-0x00000000fee00fff] reserved
[    0.000000] BIOS-e820: [mem 0x00000000fffc0000-0x00000000ffffffff] reserved
[    0.000000] NX (Execute Disable) protection: active
[    0.000000] SMBIOS 2.5 present.
[    0.000000] Hypervisor detected: KVM
[    0.000000] e820: llast_pfn = 0x3fff0 max_arch_pfn = 0x400000000
[    0.000000] MTRR: Disabled
[    0.000000] x86/PAT: MTRRs disabled, skipping PAT initialization too.
[    0.000000] CPU MTRRs all blank - virtualized system.
[    0.000000] x86/PAT: Configuration [0-7]: WB  WT UC- UC  WB  WT  UC- UC  
[    0.000000] found SMP MP-table at [mem 0x0009fff0-0x0009ffff] mapped at [ffff88000009fff0]
[    0.000000] Scanning 1 areas for low memory corruption
[    0.000000] RAMDISK: [mem 0x3630a000-0x3717cfff]
[    0.000000] ACPI: Early table checksum verification disabled
[    0.000000] ACPI: RSDP 0x00000000000E0000 000024 (v02 VBOX  )
[    0.000000] ACPI: XSDT 0x000000003FFF0030 00003C (v01 VBOX   VBOXXSDT 00000001 ASL  00000061)
[    0.000000] ACPI: FACP 0x000000003FFF00F0 0000F4 (v04 VBOX   VBOXFACP 00000001 ASL  00000061)
[    0.000000] ACPI: DSDT 0x000000003FFF0470 0021FF (v02 VBOX   VBOXBIOS 00000002 INTL 20100528)
[    0.000000] ACPI: FACS 0x000000003FFF0200 000040
[    0.000000] ACPI: FACS 0x000000003FFF0200 000040
[    0.000000] ACPI: APIC 0x000000003FFF0240 00005C (v02 VBOX   VBOXAPIC 00000001 ASL  00000061)
[    0.000000] ACPI: SSDT 0x000000003FFF02A0 0001CC (v01 VBOX   VBOXCPUT 00000002 INTL 20100528)
[    0.000000] No NUMA configuration found
[    0.000000] Faking a node at [mem 0x0000000000000000-0x000000003ffeffff]
[    0.000000] NODE_DATA(0) allocated [mem 0x3ffeb000-0x3ffeffff]
[    0.000000] kvm-clock: Using msrs 4b564d01 and 4b564d00
[    0.000000] kvm-clock: cpu 0, msr 0:3ffe3001, primary cpu clock
[    0.000000] kvm-clock: using sched offset of 4416420227 cycles
[    0.000000] clocksource: kvm-clock: mask: 0xffffffffffffffff max_cycles: 0x1cd42e4dffb, max_idle_ns: 881590591483 ns
[    0.000000] Zone ranges:
[    0.000000]   DMA      [mem 0x0000000000001000-0x0000000000ffffff]
[    0.000000]   DMA32    [mem 0x0000000001000000-0x000000003ffeffff]
[    0.000000]   Normal   empty
[    0.000000]   Device   empty
[    0.000000] Movable zone start for each node
[    0.000000] Early memory node ranges
[    0.000000]   node   0: [mem 0x0000000000001000-0x000000000009efff]
[    0.000000]   node   0: [mem 0x0000000000100000-0x000000003ffeffff]
[    0.000000] Initmem setup node 0 [mem 0x0000000000001000-0x000000003ffeffff]
[    0.000000] ACPI: PM-Timer IO Port: 0x4008
[    0.000000] IOAPIC[0]: apic_id 2, version 32, address 0xfec00000, GSI 0-23
[    0.000000] ACPI: INT_SRC_OVR (bus 0 bus_irq 0 global_irq 2 dfl dfl)
[    0.000000] ACPI: INT_SRC_OVR (bus 0 bus_irq 9 global_irq 9 low level)
[    0.000000] Using ACPI (MADT) for SMP configuration information
[    0.000000] smpboot: Allowing 2 CPUs, 0 hotplug CPUs
[    0.000000] PM: Registered nosave memory: [mem 0x00000000-0x00000fff]
[    0.000000] PM: Registered nosave memory: [mem 0x0009f000-0x0009ffff]
[    0.000000] PM: Registered nosave memory: [mem 0x000a0000-0x000effff]
[    0.000000] PM: Registered nosave memory: [mem 0x000f0000-0x000fffff]
[    0.000000] e820: [mem 0x40000000-0xfebfffff] available for PCI devices
[    0.000000] Booting paravirtualized kernel on KVM
[    0.000000] clocksource: refined-jiffies: mask: 0xffffffff max_cycles: 0xffffffff, max_idle_ns: 7645519600211568 ns
[    0.000000] setup_percpu: NR_CPUS:512 nr_cpumask_bits:512 nr_cpuids:2 nr_node_ids:1
[    0.000000] PERCPU: Embedded 34 pages/cpu @ffff88003fc00000 s99608 r8192 d31464 u1048576
[    0.000000] PV qspinlock hash table ntries: 256 (order: 0, 4096 bytes)
[    0.000000] Built 1 zonelists in Node order, mobility grouping on.  Total pages: 257912
[    0.000000] Policy zone: DMA32
[    0.000000] Kernel command line: BOOT_IMAGE=/boot/vmlinuz-4.4.0-137-generic root=LABEL=cloudimg-rootfs ro console=tty1 console=ttyS0
[    0.000000] PID hash table entries: 4096 (order: 3, 32768 bytes)
[    0.000000] Memory: 997708K/1048120K available (8555K kernel code, 1314K rwdata, 4004K rodata, 1528K init, 1316K bss, 50412K reserved, 0K cma-reserved)
[    0.000000] SLUB: HWalign=64, Order=0-3, MinObjects=0, CPUs=2, Nodes=1
[    0.000000] Kernel/User page tables isolation: enabled
[    0.000000] Hierarchical RCU implementation.
[    0.000000] 	Build-time adjustment of leaf fanout to 64.
[    0.000000] 	RCU restricting CPUs from NR_CPUS=512 to nr_cpu_ids=2.
[    0.000000] RCU: Adjusting geometry for rcu_fanout_leaf=64, nr_cpu_ids=2
[    0.000000] NR_IRQS:33024 nr_irqs:440 16
[    0.000000] Console: colour VGA+ 80x25
[    0.000000] console [tty1] enabled
[    0.000000] console [ttyS0] enabled
[    0.000000] tsc: Detected 2292.564 MHz processor
[    0.615889] Calibrating delay loop (skipped) preset value.. 4585.12 BogoMIPS (lpj=9170256)
[    0.619351] pid_max: default: 32768 minimum: 301
[    0.621468] ACPI: Core revision 20150930
[    0.626900] ACPI: 2 ACPI AML tables successfully acquired and loaded
[    0.657993] Security Framework initialized
[    0.660798] Yama: becoming mindful.
[    0.663367] AppArmor: AppArmor initialized
[    0.666071] Dentry cache hash table entries: 131072 (order: 8, 1048576 bytes)
[    0.677491] Inode-cache hash table entries: 65536 (order: 7, 524288 bytes)
[    0.684003] Mount-cache hash table entries: 2048 (order: 2, 16384 bytes)
[    0.687860] Mountpoint-cache hash table entries: 2048 (order: 2, 16384 bytes)
[    0.692215] Initializing cgroup subsys io
[    0.695263] Initializing cgroup subsys memory
[    0.698193] Initializing cgroup subsys devices
[    0.701300] Initializing cgroup subsys freezer
[    0.704209] Initializing cgroup subsys net_cls
[    0.707018] Initializing cgroup subsys perf_event
[    0.716633] Initializing cgroup subsys net_prio
[    0.719435] Initializing cgroup subsys hugetlb
[    0.722192] Initializing cgroup subsys pids
[    0.724758] mce: CPU supports 0 MCE banks
[    0.730934] Last level iTLB entries: 4KB 512, 2MB 8, 4MB 8
[    0.734838] Last level dTLB entries: 4KB 512, 2MB 32, 4MB 32, 1GB 0
[    0.738749] Spectre V2 : Mitigation: Full generic retpoline
[    0.744871] Spectre V2 : Spectre v2 mitigation: Speculation control IBPB not-supported IBRS not-supported
[    0.748900] Spectre V2 : Spectre v2 / SpectreRSB mitigation: Filling RSB on context switch
[    0.752544] Speculative Store Bypass: Vulnerable
[    0.759132] Freeing SMP alternatives memory: 32K
[    0.775967] ftrace: allocating 32265 entries in 127 pages
[    0.899097] smpboot: APIC(0) Converting physical 0 to logical package 0
[    0.902757] smpboot: Max logical packages: 1
[    0.906248] x2apic enabled
[    0.909015] Switched APIC routing to physical x2apic.
[    0.915935] ..TIMER: vector=0x30 apic1=0 pin1=2 apic2=-1 pin2=-1
[    1.025715] smpboot: CPU0: Intel(R) Core(TM) i3-2350M CPU @ 2.30GHz (family: 0x6, model: 0x2a, stepping: 0x7)
[    1.036673] Performance Events: unsupported p6 CPU model 42 no PMU driver, software events only.
[    1.050410] KVM setup paravirtual spinlock
[    1.054931] x86: Booting SMP configuration:
[    1.057361] .... node  #0, CPUs:      #1
[    1.060593] kvm-clock: cpu 1, msr 0:3ffe3041, secondary cpu clock
[    1.069337] mce: CPU supports 0 MCE banks
[    1.073059] x86: Booted up 1 node, 2 CPUs
[    1.076419] smpboot: Total of 2 processors activated (9170.25 BogoMIPS)
[    1.085024] devtmpfs: initialized
[    1.091720] evm: security.selinux
[    1.096997] evm: security.SMACK64
[    1.099902] evm: security.SMACK64EXEC
[    1.102905] evm: security.SMACK64TRANSMUTE
[    1.105672] evm: security.SMACK64MMAP
[    1.108853] evm: security.ima
[    1.114123] evm: security.capability
[    1.117568] clocksource: jiffies: mask: 0xffffffff max_cycles: 0xffffffff, max_idle_ns: 7645041785100000 ns
[    1.124095] futex hash table entries: 512 (order: 3, 32768 bytes)
[    1.131109] pinctrl core: initialized pinctrl subsystem
[    1.134987] RTC time:  2:07:55, date: 11/08/18
[    1.138238] NET: Registered protocol family 16
[    1.157986] cpuidle: using governor ladder
[    1.174068] cpuidle: using governor menu
[    1.176476] PCCT header not found.
[    1.179136] ACPI: bus type PCI registered
[    1.184031] acpiphp: ACPI Hot Plug PCI Controller Driver version: 0.5
[    1.189260] PCI: Using configuration type 1 for base access
[    1.208219] ACPI: Added _OSI(Module Device)
[    1.211315] ACPI: Added _OSI(Processor Device)
[    1.215754] ACPI: Added _OSI(3.0 _SCP Extensions)
[    1.218687] ACPI: Added _OSI(Processor Aggregator Device)
[    1.224292] ACPI: Executed 1 blocks of module-level executable AML code
[    1.237311] ACPI: Interpreter enabled
[    1.239833] ACPI: (supports S0 S5)
[    1.242771] ACPI: Using IOAPIC for interrupt routing
[    1.247484] PCI: Using host bridge windows from ACPI; if necessary, use "pci=nocrs" and report a bug
[    1.281492] ACPI: PCI Root Bridge [PCI0] (domain 0000 [bus 00-ff])
[    1.287168] acpi PNP0A03:00: _OSC: OS supports [ASPM ClockPM Segments MSI]
[    1.291576] acpi PNP0A03:00: _OSC: not requesting OS control; OS requires [ExtendedConfig ASPM ClockPM MSI]
[    1.297427] acpi PNP0A03:00: fail to add MMCONFIG information, can't access extended PCI configuration space under this bridge.
[    1.305692] PCI host bridge to bus 0000:00
[    1.309040] pci_bus 0000:00: root bus resource [io  0x0000-0x0cf7 window]
[    1.316252] pci_bus 0000:00: root bus resource [io  0x0d00-0xffff window]
[    1.319985] pci_bus 0000:00: root bus resource [mem 0x000a0000-0x000bffff window]
[    1.325969] pci_bus 0000:00: root bus resource [mem 0x40000000-0xfdffffff window]
[    1.336914] pci_bus 0000:00: root bus resource [bus 00-ff]
[    1.344790] pci 0000:00:01.1: legacy IDE quirk: reg 0x10: [io  0x01f0-0x01f7]
[    1.349542] pci 0000:00:01.1: legacy IDE quirk: reg 0x14: [io  0x03f6]
[    1.354240] pci 0000:00:01.1: legacy IDE quirk: reg 0x18: [io  0x0170-0x0177]
[    1.360259] pci 0000:00:01.1: legacy IDE quirk: reg 0x1c: [io  0x0376]
[    1.440584] pci 0000:00:07.0: quirk: [io  0x4000-0x403f] claimed by PIIX4 ACPI
[    1.447055] pci 0000:00:07.0: quirk: [io  0x4100-0x410f] claimed by PIIX4 SMB
[    1.481454] ACPI: PCI Interrupt Link [LNKA] (IRQs 5 9 10 *11)
[    1.486379] ACPI: PCI Interrupt Link [LNKB] (IRQs 5 9 *10 11)
[    1.491219] ACPI: PCI Interrupt Link [LNKC] (IRQs 5 *9 10 11)
[    1.499481] ACPI: PCI Interrupt Link [LNKD] (IRQs 5 9 10 *11)
[    1.506430] ACPI: Enabled 2 GPEs in block 00 to 07
[    1.510253] vgaarb: setting as boot device: PCI:0000:00:02.0
[    1.514264] vgaarb: device added: PCI:0000:00:02.0,decodes=io+mem,owns=io+mem,locks=none
[    1.522817] vgaarb: loaded
[    1.524938] vgaarb: bridge control possible 0000:00:02.0
[    1.528859] SCSI subsystem initialized
[    1.536188] ACPI: bus type USB registered
[    1.539041] usbcore: registered new interface driver usbfs
[    1.542110] usbcore: registered new interface driver hub
[    1.545493] usbcore: registered new device driver usb
[    1.557354] PCI: Using ACPI for IRQ routing
[    1.563964] NetLabel: Initializing
[    1.567109] NetLabel:  domain hash size = 128
[    1.570167] NetLabel:  protocols = UNLABELED CIPSOv4
[    1.573372] NetLabel:  unlabeled traffic allowed by default
[    1.576777] amd_nb: Cannot enumerate AMD northbridges
[    1.580334] clocksource: Switched to clocksource kvm-clock
[    1.617910] AppArmor: AppArmor Filesystem Enabled
[    1.621990] pnp: PnP ACPI init
[    1.630026] pnp: PnP ACPI: found 3 devices
[    1.643469] clocksource: acpi_pm: mask: 0xffffff max_cycles: 0xffffff, max_idle_ns: 2085701024 ns
[    1.658852] NET: Registered protocol family 2
[    1.662590] TCP established hash table entries: 8192 (order: 4, 65536 bytes)
[    1.666992] TCP bind hash table entries: 8192 (order: 5, 131072 bytes)
[    1.672121] TCP: Hash tables configured (established 8192 bind 8192)
[    1.677712] UDP hash table entries: 512 (order: 2, 16384 bytes)
[    1.683079] UDP-Lite hash table entries: 512 (order: 2, 16384 bytes)
[    1.688063] NET: Registered protocol family 1
[    1.690909] pci 0000:00:00.0: Limiting direct PCI/PCI transfers
[    1.694573] pci 0000:00:01.0: Activating ISA DMA hang workarounds
[    1.699232] Unpacking initramfs...
[    2.474691] Freeing initrd memory: 14796K
[    2.477225] RAPL PMU detected, API unit is 2^-32 Joules, 3 fixed counters 10737418240 ms ovfl timer
[    2.482722] hw unit of domain pp0-core 2^-0 Joules
[    2.485400] hw unit of domain package 2^-0 Joules
[    2.487572] hw unit of domain pp1-gpu 2^-0 Joules
[    2.489466] platform rtc_cmos: registered platform RTC device (no PNP device found)
[    2.493198] Scanning for low memory corruption every 60 seconds
[    2.496094] audit: initializing netlink subsys (disabled)
[    2.499291] audit: type=2000 audit(1541642881.591:1): initialized
[    2.502719] Initialise system trusted keyring
[    2.504683] HugeTLB registered 2 MB page size, pre-allocated 0 pages
[    2.514089] zbud: loaded
[    2.516789] VFS: Disk quotas dquot_6.6.0
[    2.518523] VFS: Dquot-cache hash table entries: 512 (order 0, 4096 bytes)
[    2.528170] squashfs: version 4.0 (2009/01/31) Phillip Lougher
[    2.531279] fuse init (API version 7.23)
[    2.539163] Key type big_key registered
[    2.540714] Allocating IMA MOK and blacklist keyrings.
[    2.544674] Key type asymmetric registered
[    2.546397] Asymmetric key parser 'x509' registered
[    2.548903] Block layer SCSI generic (bsg) driver version 0.4 loaded (major 249)
[    2.554980] io scheduler noop registered
[    2.556361] io scheduler deadline registered (default)
[    2.565783] io scheduler cfq registered
[    2.567772] pci_hotplug: PCI Hot Plug PCI Core version: 0.5
[    2.569775] pciehp: PCI Express Hot Plug Controller Driver version: 0.4
[    2.572025] ACPI: AC Adapter [AC] (on-line)
[    2.573749] input: Power Button as /devices/LNXSYSTM:00/LNXPWRBN:00/input/input0
[    2.577426] ACPI: Power Button [PWRF]
[    2.579745] input: Sleep Button as /devices/LNXSYSTM:00/LNXSLPBN:00/input/input1
[    2.591016] ACPI: Sleep Button [SLPF]
[    2.595333] ACPI: Battery Slot [BAT0] (battery present)
[    2.600039] GHES: HEST is not enabled!
[    2.602763] Serial: 8250/16550 driver, 32 ports, IRQ sharing enabled
[    2.632303] 00:02: ttyS0 at I/O 0x3f8 (irq = 4, base_baud = 115200) is a 16550A
[    2.649592] Linux agpgart interface v0.103
[    2.655937] loop: module loaded
[    2.659220] scsi host0: ata_piix
[    2.660976] scsi host1: ata_piix
[    2.662502] ata1: PATA max UDMA/33 cmd 0x1f0 ctl 0x3f6 bmdma 0xd000 irq 14
[    2.671315] ata2: PATA max UDMA/33 cmd 0x170 ctl 0x376 bmdma 0xd008 irq 15
[    2.675245] libphy: Fixed MDIO Bus: probed
[    2.677630] tun: Universal TUN/TAP device driver, 1.6
[    2.68143] tun: (C) 1999-2004 Max Krasnyansky <maxk@qualcomm.com>

[    2.737708] PPP generic driver version 2.4.2
[    2.740191] ehci_hcd: USB 2.0 'Enhanced' Host Controller (EHCI) Driver
[    2.743971] ehci-pci: EHCI PCI platform driver
[    2.746542] ehci-platform: EHCI generic platform driver
[    2.755829] ohci_hcd: USB 1.1 'Open' Host Controller (OHCI) Driver
[    2.759131] ohci-pci: OHCI PCI platform driver
[    2.761569] ohci-platform: OHCI generic platform driver
[    2.764635] uhci_hcd: USB Universal Host Controller Interface driver
[    2.768654] i8042: PNP: PS/2 Controller [PNP0303:PS2K,PNP0f03:PS2M] at 0x60,0x64 irq 1,12
[    2.774378] serio: i8042 KBD port at 0x60,0x64 irq 1
[    2.777441] serio: i8042 AUX port at 0x60,0x64 irq 12
[    2.780906] mousedev: PS/2 mouse device common for all mice
[    2.785355] input: AT Translated Set 2 keyboard as /devices/platform/i8042/serio0/input/input2
[    2.790609] rtc_cmos rtc_cmos: rtc core: registered rtc_cmos as rtc0
[    2.794349] rtc_cmos rtc_cmos: alarms up to one day, 114 bytes nvram
[    2.797738] i2c /dev entries driver
[    2.800431] device-mapper: uevent: version 1.0.3
[    2.803168] device-mapper: ioctl: 4.34.0-ioctl (2015-10-28) initialised: dm-devel@redhat.com
[    2.806946] ledtrig-cpu: registered to indicate activity on CPUs
[    2.810523] NET: Registered protocol family 10
[    2.812569] NET: Registered protocol family 17
[    2.821908] Key type dns_resolver registered
[    2.824260] registered taskstats version 1
[    2.826133] Loading compiled-in X.509 certificates
[    2.829166] Loaded X.509 cert 'Build time autogenerated kernel key: 20acc96b50ca7641011eace69d32209215a9b56f'
[    2.833926] zswap: loaded using pool lzo/zbud
[    2.839351] Key type trusted registered
[    2.847403] Key type encrypted registered
[    2.855440] AppArmor: AppArmor sha1 policy hashing enabled
[    2.857455] ima: No TPM chip found, activating TPM-bypass!
[    2.859491] ima: Allocated hash algorithm: sha1
[    2.861174] evm: HMAC attrs: 0x1
[    2.863065]   Magic number: 10:903:105
[    2.865615] rtc_cmos rtc_cmos: setting system clock to 2018-11-08 02:07:57 UTC (1541642877)
[    2.871282] BIOS EDD facility v0.16 2004-Jun-25, 0 devices found
[    2.873173] EDD information not available.
[    2.877190] Freeing unused kernel memory: 1528K
[    2.897185] Write protecting the kernel read-only data: 14336k
[    2.901093] Freeing unused kernel memory: 1672K
[    2.904003] Freeing unused kernel memory: 92K
Loading, please wait...
starting version 229
[    2.940653] random: systemd-udevd: uninitialized urandom read (16 bytes read, 3 bits of entropy available)
[    2.941557] random: udevadm: uninitialized urandom read (16 bytes read, 3 bits of entropy available)
[    2.941620] random: udevadm: uninitialized urandom read (16 bytes read, 3 bits of entropy available)
[    2.962067] random: systemd-udevd: uninitialized urandom read (16 bytes read, 3 bits of entropy available)
[    2.971505] random: udevadm: uninitialized urandom read (16 bytes read, 3 bits of entropy available)
[    2.971594] random: udevadm: uninitialized urandom read (16 bytes read, 3 bits of entropy available)
[    2.971895] random: udevadm: uninitialized urandom read (16 bytes read, 3 bits of entropy available)
[    2.972043] random: udevadm: uninitialized urandom read (16 bytes read, 3 bits of entropy available)
[    2.972157] random: udevadm: uninitialized urandom read (16 bytes read, 3 bits of entropy available)
[    2.972275] random: udevadm: uninitialized urandom read (16 bytes read, 3 bits of entropy available)
[    3.170283] Fusion MPT base driver 3.04.20
[    3.177742] e1000: Intel(R) PRO/1000 Network Driver - version 7.3.21-k8-NAPI
[    3.177744] e1000: Copyright (c) 1999-2006 Intel Corporation.
[    3.253482] Copyright (c) 1999-2008 LSI Corporation
[    3.291357] Fusion MPT SPI Host driver 3.04.20
[    3.471779] input: ImExPS/2 Generic Explorer Mouse as /devices/platform/i8042/serio1/input/input4
[    3.501179] tsc: Refined TSC clocksource calibration: 2293.876 MHz
[    3.510283] clocksource: tsc: mask: 0xffffffffffffffff max_cycles: 0x21109c1519e, max_idle_ns: 440795294855 ns
[    3.750972] e1000 0000:00:03.0 eth0: (PCI:33MHz:32-bit) 02:20:67:8c:d5:af
[    3.753482] e1000 0000:00:03.0 eth0: Intel(R) PRO/1000 Network Connection
[    4.208267] e1000 0000:00:08.0 eth1: (PCI:33MHz:32-bit) 08:00:27:69:2f:93
[    4.225303] e1000 0000:00:08.0 eth1: Intel(R) PRO/1000 Network Connection
[    4.244944] mptbase: ioc0: Initiating bringup
[    4.245178] e1000 0000:00:03.0 enp0s3: renamed from eth0
[    4.257365] e1000 0000:00:08.0 enp0s8: renamed from eth1
[    4.317414] ioc0: LSI53C1030 A0: Capabilities={Initiator}
[    4.484607] scsi host2: ioc0: LSI53C1030 A0, FwRev=00000000h, Ports=1, MaxQ=256, IRQ=20
[    4.608753] scsi 2:0:0:0: Direct-Access     VBOX     HARDDISK         1.0  PQ: 0 ANSI: 5
[    4.619660] scsi target2:0:0: Beginning Domain Validation
[    4.633927] scsi target2:0:0: Domain Validation skipping write tests
[    4.636316] scsi target2:0:0: Ending Domain Validation
[    4.658630] scsi target2:0:0: asynchronous
[    4.661305] scsi 2:0:1:0: Direct-Access     VBOX     HARDDISK         1.0  PQ: 0 ANSI: 5
[    4.665424] scsi target2:0:1: Beginning Domain Validation
[    4.757625] scsi target2:0:1: Domain Validation skipping write tests
[    4.759714] scsi target2:0:1: Ending Domain Validation
[    4.761510] scsi target2:0:1: asynchronous
[    4.773482] sd 2:0:0:0: Attached scsi generic sg0 type 0
[    4.776126] sd 2:0:1:0: Attached scsi generic sg1 type 0
[    4.776791] sd 2:0:0:0: [sda] 20971520 512-byte logical blocks: (10.7 GB/10.0 GiB)
[    4.780852] sd 2:0:1:0: [sdb] 20480 512-byte logical blocks: (10.5 MB/10.0 MiB)
[    4.783674] sd 2:0:0:0: [sda] Write Protect is off
[    4.783975] sd 2:0:1:0: [sdb] Write Protect is off
[    4.784674] sd 2:0:1:0: [sdb] Incomplete mode parameter data
[    4.784677] sd 2:0:1:0: [sdb] Assuming drive cache: write through
[    4.797908] sd 2:0:0:0: [sda] Incomplete mode parameter data
[    4.799590] sd 2:0:0:0: [sda] Assuming drive cache: write through
[    4.826509]  sda: sda1
[    4.828763] sd 2:0:0:0: [sda] Attached SCSI disk
[    4.828804] sd 2:0:1:0: [sdb] Attached SCSI disk
Begin: Loading essential drivers ... [    6.586104] md: linear personality registered for level -1
[    6.597148] md: multipath personality registered for level -4
[    6.603791] md: raid0 personality registered for level 0
[    6.617152] md: raid1 personality registered for level 1
[    6.693140] raid6: sse2x1   gen()  2237 MB/s
[    6.764368] raid6: sse2x1   xor()  2936 MB/s
[    6.833104] raid6: sse2x2   gen()  5031 MB/s
[    6.900935] raid6: sse2x2   xor()  2663 MB/s
[    6.968355] raid6: sse2x4   gen()  4541 MB/s
[    7.037127] raid6: sse2x4   xor()  3831 MB/s
[    7.039477] raid6: using algorithm sse2x2 gen() 5031 MB/s
[    7.045428] raid6: .... xor() 2663 MB/s, rmw enabled
[    7.047573] raid6: using ssse3x2 recovery algorithm
[    7.052268] xor: automatically using best checksumming function:
[    7.092698]    avx       : 10126.000 MB/sec
[    7.096465] async_tx: api initialized (async)
[    7.111513] md: raid6 personality registered for level 6
[    7.113445] md: raid5 personality registered for level 5
[    7.115092] md: raid4 personality registered for level 4
[    7.126615] md: raid10 personality registered for level 10
done.
Begin: Running /scripts/init-premount ... done.
Begin: Mounting root file system ... Begin: Running /scripts/local-top ... done.
Begin: Running /scripts/local-premount ... [    7.200348] Btrfs loaded
Scanning for Btrfs filesystems
done.
Warning: fsck not present, so skipping root file system
[    7.348874] EXT4-fs (sda1): mounted filesystem with ordered data mode. Opts: (null)
done.
Begin: Running /scripts/local-bottom ... done.
Begin: Running /scripts/init-bottom ... done.
[    8.533946] systemd[1]: systemd 229 running in system mode. (+PAM +AUDIT +SELINUX +IMA +APPARMOR +SMACK +SYSVINIT +UTMP +LIBCRYPTSETUP +GCRYPT +GNUTLS +ACL +XZ -LZ4 +SECCOMP +BLKID +ELFUTILS +KMOD -IDN)
[    8.547667] systemd[1]: Detected virtualization oracle.
[    8.563295] systemd[1]: Detected architecture x86-64.
[    8.582363] random: nonblocking pool is initialized

Welcome to [1mUbuntu 16.04.5 LTS[0m!

[    8.715311] systemd[1]: Set hostname to <node-jerson-martinez>.
[   10.489559] systemd[1]: Listening on Journal Socket (/dev/log).
[[0;32m  OK  [0m] Listening on Journal Socket (/dev/log).
[   10.541201] systemd[1]: Listening on udev Kernel Socket.
[[0;32m  OK  [0m] Listening on udev Kernel Socket.
[   10.572586] systemd[1]: Reached target User and Group Name Lookups.
[[0;32m  OK  [0m] Reached target User and Group Name Lookups.
[   10.599469] systemd[1]: Listening on udev Control Socket.
[[0;32m  OK  [0m] Listening on udev Control Socket.
[   10.614612] systemd[1]: Listening on /dev/initctl Compatibility Named Pipe.
[[0;32m  OK  [0m] Listening on /dev/initctl Compatibility Named Pipe.
[   10.630027] systemd[1]: Listening on LVM2 poll daemon socket.
[[0;32m  OK  [0m] Listening on LVM2 poll daemon socket.
[   10.659301] systemd[1]: Listening on Device-mapper event daemon FIFOs.
[[0;32m  OK  [0m] Listening on Device-mapper event daemon FIFOs.
[   10.677037] systemd[1]: Reached target Encrypted Volumes.
[[0;32m  OK  [0m] Reached target Encrypted Volumes.
[   10.700663] systemd[1]: Created slice User and Session Slice.
[[0;32m  OK  [0m] Created slice User and Session Slice.
[   10.741799] systemd[1]: Set up automount Arbitrary Executable File Formats File System Automount Point.
[[0;32m  OK  [0m] Set up automount Arbitrary Executab...ats File System Automount Point.
[   10.757588] systemd[1]: Listening on Syslog Socket.
[[0;32m  OK  [0m] Listening on Syslog Socket.
[   10.790334] systemd[1]: Listening on Journal Socket.
[[0;32m  OK  [0m] Listening on Journal Socket.
[   10.808926] systemd[1]: Created slice System Slice.
[[0;32m  OK  [0m] Created slice System Slice.
[   10.857074] systemd[1]: Starting Nameserver information manager...
         Starting Nameserver information manager...
[   10.878932] systemd[1]: Starting Set console keymap...
         Starting Set console keymap...
[   10.972876] systemd[1]: Starting Load Kernel Modules...
         Starting Load Kernel Modules...
[   11.011139] systemd[1]: Created slice system-serial\x2dgetty.slice.
[[0;32m  OK  [0m] Created slice system-serial\x2dgetty.slice.
[   11.039667] systemd[1]: Reached target Slices.
[[0;32m  OK  [0m] Reached target Slices.
[   11.057763] systemd[1]: Starting Remount Root and Kernel File Systems...
         Starting Remount Root and Kernel File Systems...
[   11.080792] systemd[1]: Mounting Debug File System...
         Mounting Debug File System...
[   11.105581] systemd[1]: Starting Uncomplicated firewall...
         Starting Uncomplicated firewall...
[   11.129277] systemd[1]: Reached target Swap.
[[0;32m  OK  [0m] Reached target Swap.
[   11.135854] systemd[1]: Started Forward Password Requests to Wall Directory Watch.
[[0;32m  OK  [0m] Started Forw[   11.157041] EXT4-fs (sda1): re-mounted. Opts: (null)
ard Password Requests to Wall Directory Watch.
[   11.182456] systemd[1]: Listening on LVM2 metadata daemon socket.
[[0;32m  OK  [0[   11.209527] Loading iSCSI transport class v2.0-870.
m] Listening on LVM2 metadata daemon socket.
[   11.260870] systemd[1]: Starting Monitoring of LVM2 mirrors, snapshots etc. using dmeventd or progress polling...
         Starting Monitoring of LVM2 mirrors... dmeventd or progress polling...
[   11.279316] systemd[1]: Starting Create list of required static device nodes for the current kernel...
         Starting Create list of required st... nodes for the current kernel...
[   11.299754] systemd[1]: Mounting Huge Pages File System...
         Mounting Huge Pages File System...
[   11.313076] systemd[1]: Reached target System Time Synchronized.
[[0;32m  OK  [0m] Reached target System Time Synchronized.
[   11.356688] systemd[1]: Mounting POSIX Message Queue File System...
         Mounting POSIX Message Queue File System...
[   11.374828] systemd[1]: Started Trigger resolvconf update for networkd DNS.
[[0;32m  OK  [0m] Started Trigger resolvconf update for networkd DNS.
[   11.393293] systemd[1]: Listening on Journal Audit Socket.
[   11.421735] iscsi: registered transport (tcp)
[[0;32m  OK  [0m] Listening on Journal Audit Socket.
[   11.469982] systemd[1]: Starting Journal Service...
         Starting Journal Service...
[   11.485816] systemd[1]: Mounted Huge Pages File System.
[[0;32m  OK  [0m] Mounted Huge Pages File System.
[   11.500822] systemd[1]: Mounted POSIX Message Queue File System.
[[0;32m  OK  [0m] Mounted POSIX Message Queue File System.
[   11.524637] systemd[1]: Mounted Debug File System.
[[0;32m  OK  [0m] Mounted Debug File System.
[   11.558723] systemd[1]: Started Set console keymap.
[[0;32m  OK  [0m] Started Set console keymap.
[   11.574154] systemd[1]: Started Remount Root and Kernel File Systems.
[[0;32m  OK  [0m] Started Remount Root and Kernel File Systems.
[   11.589208] systemd[1]: Started Uncomplicated firewall.
[[0;32m  OK  [0m] Started Uncomplicated firewall.
[   11.621055] systemd[1]: Started Create list of required static device nodes for the current kernel.
[[0;32m  OK  [0m] Started Create list of required sta...ce nodes for the current kernel.
[   11.657199] systemd[1]: Started Nameserver information manager.
[[0;32m  OK  [0m] Started Nameserver information manager.
[   11.728825] iscsi: registered transport (iser)
[   11.744627] systemd[1]: Started Load Kernel Modules.
[[0;32m  OK  [0m] Started Load Kernel Modules.
[   11.788349] systemd[1]: Started Journal Service.
[[0;32m  OK  [0m] Started Journal Service.
         Starting Apply Kernel Variables...
         Mounting FUSE Control File System...
[[0;32m  OK  [0m] Started LVM2 metadata daemon.
         Starting Create Static Device Nodes in /dev...
         Starting Load/Save Random Seed...
         Starting Flush Journal to Persistent Storage...
         Starting udev Coldplug all Devices...
[[0;32m  OK  [0m] Mounted FUSE Control File System.
[[0;32m  OK  [0m] Started Load/Save Random Seed.
[   12.225443] systemd-journald[383]: Received request to flush runtime journal from PID 1
[[0;32m  OK  [0m] Started Flush Journal to Persistent Storage.
[[0;32m  OK  [0m] Started udev Coldplug all Devices.
[[0;32m  OK  [0m] Started Apply Kernel Variables.
[[0;32m  OK  [0m] Started Create Static Device Nodes in /dev.
         Starting udev Kernel Device Manager...
[[0;32m  OK  [0m] Started Monitoring of LVM2 mirrors,...ng dmeventd or progress polling.
[[0;32m  OK  [0m] Started udev Kernel Device Manager.
[[0;32m  OK  [0m] Reached target Local File Systems (Pre).
[[0;32m  OK  [0m] Reached target Local File Systems.
         Starting LSB: AppArmor initialization...
         Starting Set console font and keymap...
         Starting Tell Plymouth To Write Out Runtime Data...
         Starting Initial cloud-init job (pre-networking)...
         Starting Create Volatile Files and Directories...
[[0;32m  OK  [0m] Started Dispatch Password Requests to Console Directory Watch.
[[0;32m  OK  [0m] Started Tell Plymouth To Write Out Runtime Data.
[[0;32m  OK  [0m] Found device /dev/ttyS0.
[[0;32m  OK  [0m] Listening on Load/Save RF Kill Switch Status /dev/rfkill Watch.
[[0;32m  OK  [0m] Started Create Volatile Files and Directories.
         Starting Update UTMP about System Boot/Shutdown...
[[0;32m  OK  [0m] Found device 82540EM Gigabit Ethern...r (PRO/1000 MT Desktop Adapter).
[[0;32m  OK  [0m] Started Update UTMP about System Boot/Shutdown.
[[0;32m  OK  [0m] Found device 82540EM Gigabit Ethern...r (PRO/1000 MT Desktop Adapter).
[[0;32m  OK  [0m] Started Set console font and keymap.
[[0;32m  OK  [0m] Created slice system-getty.slice.
[[0;32m  OK  [0m] Started LSB: AppArmor initialization.
[   19.147528] cloud-init[465]: Cloud-init v. 18.3-9-g2e62cb8a-0ubuntu1~16.04.2 running 'init-local' at Thu, 08 Nov 2018 02:08:13 +0000. Up 18.11 seconds.
[[0;32m  OK  [0m] Started Initial cloud-init job (pre-networking).
[[0;32m  OK  [0m] Reached target Network (Pre).
[[0;32m  OK  [0m] Started ifup for enp0s3.
[[0;32m  OK  [0m] Started ifup for enp0s8.
         Starting Raise network interfaces...
[[0;32m  OK  [0m] Started Raise network interfaces.
[[0;32m  OK  [0m] Reached target Network.
         Starting Initial cloud-init job (metadata service crawler)...
[   22.006795] cloud-init[1041]: Cloud-init v. 18.3-9-g2e62cb8a-0ubuntu1~16.04.2 running 'init' at Thu, 08 Nov 2018 02:08:16 +0000. Up 20.90 seconds.
[   22.061423] cloud-init[1041]: ci-info: ++++++++++++++++++++++++++++++++++++++Net device info+++++++++++++++++++++++++++++++++++++++
[   22.078341] cloud-init[1041]: ci-info: +--------+------+-----------------------------+---------------+--------+-------------------+
[   22.115494] cloud-init[1041]: ci-info: | Device |  Up  |           Address           |      Mask     | Scope  |     Hw-Address    |
[   22.115914] cloud-init[1041]: ci-info: +--------+------+-----------------------------+---------------+--------+-------------------+
[[0;32m  OK  [0m] Started Initial cloud-init job (metadata service crawler).
[   22.116989] cloud-init[1041]: ci-info: | enp0s3 | True |          10.0.2.15          | 255.255.255.0 | global | 02:20:67:8c:d5:af |
[[   22.220061] cloud-init[1041]: ci-info: | enp0s3 | True |  fe80::20:67ff:fe8c:d5af/64 |       .       |  link  | 02:20:67:8c:d5:af |
[   22.220626] cloud-init[1041]: ci-info: | enp0s8 | True |        192.168.33.11        | 255.255.255.0 | global | 08:00:27:69:2f:93 |
[   22.220951] cloud-init[1041]: ci-info: | enp0s8 | True | fe80::a00:27ff:fe69:2f93/64 |       .       |  link  | 08:00:27:69:2f:93 |
[   22.221285] cloud-init[1041]: ci-info: |   lo   | True |          127.0.0.1          |   255.0.0.0   |  host  |         .         |
[0;32m  OK  [0m] Reached target Network is Online.
[   22.221562] cloud-init[1041]: ci-info: |   lo   | True |           ::1/128           |       .       |  host  |         .         |
[   22.408794] cloud-init[1041]: ci-info: +--------+------+-----------------------------+---------------+--------+-------------------+
[   22.439214] cloud-init[1041]: ci-info: ++++++++++++++++++++++++++++Route IPv4 info++++++++++++++++++++++++++++
         Starting iSCSI initiator daemon (iscsid)...
[[0;32m  OK  [0m] Reached target System Initialization.
[   22.496152] cloud-init[1041]: ci-info: +-------+--------------+----------+---------------+-----------+-------+
[   22.568622] cloud-init[1041]: ci-info: | Route | Destination  | Gateway  |    Genmask    | Interface | Flags |
[   22.589380] cloud-init[1041]: ci-info: +-------+--------------+----------+---------------+-----------+-------+
[   22.632389] cloud-init[1041]: ci-info: |   0   |   0.0.0.0    | 10.0.2.2 |    0.0.0.0    |   enp0s3  |   UG  |
[   22.632549] cloud-init[1041]: ci-info: |   1   |   10.0.2.0   | 0.0.0.0  | 255.255.255.0 |   enp0s3  |   U   |
[   22.633002] cloud-init[1041]: ci-info: |   2   | 192.168.33.0 | 0.0.0.0  | 255.255.255.0 |   enp0s8  |   U   |
[   22.633085] cloud-init[1041]: ci-info: +-------+--------------+----------+---------------+-----------+-------+
[   22.633164] cloud-init[1041]: ci-info: +++++++++++++++++++Route IPv6 info+++++++++++++++++++
[   22.633244] cloud-init[1041]: ci-info: +-------+-------------+---------+-----------+-------+
[   22.633689] cloud-init[1041]: ci-info: | Route | Destination | Gateway | Interface | Flags |
[   22.633773] cloud-init[1041]: ci-info: +-------+-------------+---------+-----------+-------+
[   22.633853] cloud-init[1041]: ci-info: |   0   |  fe80::/64  |    ::   |   enp0s8  |   U   |
[   22.633936] cloud-init[1041]: ci-info: |   1   |  fe80::/64  |    ::   |   enp0s3  |   U   |
[   22.634018] cloud-init[1041]: ci-info: |   4   |   ff00::/8  |    ::   |   enp0s8  |   U   |
[   22.634097] cloud-init[1041]: ci-info: |   5   |   ff00::/8  |    ::   |   enp0s3  |   U   |
[   22.634173] cloud-init[1041]: ci-info: +-------+-------------+---------+-----------+-------+
[[0;32m  OK  [0m] Started ACPI Events Check.
[[0;32m  OK  [0m] Reached target Paths.
[[0;32m  OK  [0m] Listening on ACPID Listen Socket.
         Starting LXD - unix socket.
[[0;32m  OK  [0m] Started Daily Cleanup of Temporary Directories.
         Starting Socket activation for snappy daemon.
[[0;32m  OK  [0m] Listening on D-Bus System Message Bus Socket.
[[0;32m  OK  [0m] Started Daily apt download activities.
[[0;32m  OK  [0m] Started Daily apt upgrade and clean activities.
[[0;32m  OK  [0m] Reached target Timers.
[[0;32m  OK  [0m] Listening on UUID daemon activation socket.
[[0;32m  OK  [0m] Reached target Cloud-config availability.
[[0;32m  OK  [0m] Listening on LXD - unix socket.
[[0;32m  OK  [0m] Listening on Socket activation for snappy daemon.
[[0;32m  OK  [0m] Reached target Sockets.
[[0;32m  OK  [0m] Reached target Basic System.
[[0;32m  OK  [0m] Started Unattended Upgrades Shutdown.
[[0;32m  OK  [0m] Started FUSE filesystem for LXC.
         Starting /etc/rc.local Compatibility...
         Starting LSB: Record successful boot for GRUB...
         Starting LSB: MD monitoring daemon...
[[0;32m  OK  [0m] Started ACPI event daemon.
         Starting Virtualbox guest utils...
[[0;32m  OK  [0m] Started D-Bus System Message Bus.
         Starting Snappy daemon...
         Starting Login Service...
         Starting OpenBSD Secure Shell server...
[[0;32m  OK  [0m] Started Regular background program processing daemon.
         Starting LXD - container startup/shutdown...
         Starting Accounts Service...
[[0;32m  OK  [0m] Started Deferred execution scheduler.
         Starting System Logging Service...
[[0;32m  OK  [0m] Started iSCSI initiator daemon (iscsid).
[[0;32m  OK  [0m] Started /etc/rc.local Compatibility.
[[0;32m  OK  [0m] Started Login Service.
         Starting Login to default iSCSI targets...
[[0;32m  OK  [0m] Started LSB: MD monitoring daemon.
[[0;32m  OK  [0m] Started Login to default iSCSI targets.
[[0;32m  OK  [0m] Reached target Remote File Systems (Pre).
[[0;32m  OK  [0m] Reached target Remote File Systems.
         Starting LSB: daemon to balance interrupts for SMP systems...
         Starting Permit User Sessions...
         Starting LSB: Set the CPU Frequency Scaling governor to "ondemand"...
         Starting LSB: automatic crash report generation...
[[0;32m  OK  [0m] Started System Logging Service.
[[0;32m  OK  [0m] Started LSB: Set the CPU Frequency Scaling governor to "ondemand".
[[0;32m  OK  [0m] Started Permit User Sessions.
         Starting Terminate Plymouth Boot Screen...
         Starting Hold until boot process finishes up...
[[0;32m  OK  [0m] Started Terminate Plymouth Boot Screen.
[[0;32m  OK  [0m] Started Hold until boot process finishes up.
[[0;32m  OK  [0m] Started Serial Getty on ttyS0.
[[0;32m  OK  [0m] Started Getty on tty1.
[[0;32m  OK  [0m] Reached target Login Prompts.
         Starting Set console scheme...
[[0;32m  OK  [0m] Started LSB: daemon to balance interrupts for SMP systems.
[[0;32m  OK  [0m] Started Set console scheme.
[[0;32m  OK  [0m] Started LSB: Record successful boot for GRUB.
[[0;32m  OK  [0m] Started LSB: automatic crash report generation.
[[0;32m  OK  [0m] Started Virtualbox guest utils.
[[0;32m  OK  [0m] Started OpenBSD Secure Shell server.
         Starting Authenticate and Authorize Users to Run Privileged Tasks...
[[0;32m  OK  [0m] Started Authenticate and Authorize Users to Run Privileged Tasks.
[[0;32m  OK  [0m] Started Accounts Service.
[[0;32m  OK  [0m] Created slice User Slice of vagrant.
         Starting User Manager for UID 1000...
[[0;32m  OK  [0m] Started Session 1 of user vagrant.
[[0;32m  OK  [0m] Started User Manager for UID 1000.
[[0;32m  OK  [0m] Started LXD - container startup/shutdown.
[[0;32m  OK  [0m] Started Snappy daemon.
         Starting Wait until snapd is fully seeded...
[[0;32m  OK  [0m] Started Wait until snapd is fully seeded.
[[0;32m  OK  [0m] Reached target Multi-User System.
[[0;32m  OK  [0m] Reached target Graphical Interface.
         Starting Update UTMP about System Runlevel Changes...
         Starting Apply the settings specified in cloud-config...
[[0;32m  OK  [0m] Started Update UTMP about System Runlevel Changes.
[   29.980080] cloud-init[1303]: Cloud-init v. 18.3-9-g2e62cb8a-0ubuntu1~16.04.2 running 'modules:config' at Thu, 08 Nov 2018 02:08:24 +0000. Up 29.41 seconds.
[[0;32m  OK  [0m] Started Apply the settings specified in cloud-config.
         Starting Execute cloud user/final scripts...

Ubuntu 16.04.5 LTS node-jerson-martinez ttyS0

node-jerson-martinez login: [   32.303905] cloud-init[1373]: Cloud-init v. 18.3-9-g2e62cb8a-0ubuntu1~16.04.2 running 'modules:final' at Thu, 08 Nov 2018 02:08:27 +0000. Up 31.67 seconds.
[   32.309882] cloud-init[1373]: Cloud-init v. 18.3-9-g2e62cb8a-0ubuntu1~16.04.2 finished at Thu, 08 Nov 2018 02:08:27 +0000. Datasource DataSourceNoCloud [seed=/dev/sdb][dsmode=net].  Up 32.24 seconds
