[    0.000000] Initializing cgroup subsys cpuset
[    0.000000] Initializing cgroup subsys cpu
[    0.000000] Initializing cgroup subsys cpuacct
[    0.000000] Linux version 4.4.0-137-generic (buildd@lgw01-amd64-037) (gcc version 5.4.0 20160609 (Ubuntu 5.4.0-6ubuntu1~16.04.10) ) #163-Ubuntu SMP Mon Sep 24 13:14:43 UTC 2018 (Ubuntu 4.4.0-137.163-generic 4.4.144)
[    0.000000] Command line: BOOT_IMAGE=/boot/vmlinuz-4.4.0-137-generic root=LABEL=clouimg-rootfs ro consoole=tty1 console=ttyS0
[    0.000000] KERNEL supported cpus:
[    0.000000]   Intel GenuineIntel
[    0.000000]   AMD AuthenticAMD
[    0.000000]   Centaur CentaurHauls
[    0.000000] x86/fpu: xstate_offset[2]:  576, xstate_sizes[2]:  256
[    0.000000] x86/fpu: Supporting XSAVE feature 0x01: 'x87 floating point registers'
[    0.000000] x86/fpu: Supporting XSAVE feature 0x02: 'SSE registers'
[    0.000000] x86/fpu: Supporting XSAVE feature 0x4: 'AVX registers'
[    0.00000 x86/fpu: Enabled xstate features 0x7, context size is 832 bytes, using 'standard' format.
[    0.000000] e820: BIOS-provided physical RAM map:
[    0.000000] BIOS-e820: [mem 0x000000000000000-0x000000000009fbff] usable
[    0.000000] BIOS-e820: [mem 0x000000000009fc00-0x000000000009ffff] reserved
[    0.000000] BIOS-e820: [mem 0x00000000000f0000-0x00000000000fffff] reserved
[    0.000000] BIOS-e820: [mem 0x0000000000100000-0x000000003ffeffff] usable
[    0.000000] BIOS-e820: [mem 0x000000003fff0000-0x000000003fffffff] ACPI data
[    0.000000] BIOS-e820: [mem 0x00000000fec00000-0x00000000fec00fff] reserved
[    0.000000] BIOS-e820: [mem 0x00000000fee00000-0x00000000fee00fff] reserved
[    0.000000] BIOS-e820: [mem 0x00000000fffc0000-0x00000000ffffffff] reserved
[    0.000000] NX (Execute Disable) protection: active
[    0.000000] SMBIOS 2.5 present.
[    0.000000] Hypervisor detected: KVM
[    0.000000] e820: last_pfn = 0x3fff0 max_arch_pfn = 0x400000000
[    0.000000] MTRR: Disabled
[    0.000000] x86/PAT: MTRRs disabled, skipping PAT initialization too.
[    0.000000] CPU MTRRs all blank - virtualized system.
[    0.000000] x86/PAT: Configuration [0-7]: WB  WT  UC- UC  WB  WT  UC- UC  
[    0.000000] found SMP MP-table at [mem 0x0009fff0-0x0009ffff] mapped at [ffff88000009fff0]
[    0.000000] Scanning 1 areas for low memory corruption
[    0.000000] RAMDISK: [mem 0x3630a000-0x3717cfff]
[    0.000000] ACPI: Early table checksum verification disabled
[    0.000000] ACPI: RSDP 0x00000000000E0000 000024 (v02 VBOX  )
[    0.000000] ACPI: XSDT 0x000000003FFF0030 00003C (v01 VBOX   VBOXXSDT 00000001 ASL  00000061)
[    0.000000] ACPI: FACP 0x000000003FFF00F0 0000F4 (v04 VBOX   VBOXFACP 00000001 ASL  00000061)
[    0.000000] ACPI: DSDT 0x000000003FFF0470 0021FF (v02 VBOX   VBOXBIOS 00000002 INTL 20100528)
[    0.000000] ACPI: FACS 0x000000003FFF020 000040
[    0.000000] ACPI: FACS 0x000000003FFF0200 000040
[    0.000000] ACPI: APIC 0x000000003FFF0240 00005C (v02 VBOX   VBOXAPIC 00000001 ASL  00000061)
[    0.000000] ACPI: SSDT 0x000000003FFF02A0 0001CC (v01 VBOX   VBOXCPUT 00000002 INTL 20100528)
[    0.000000] No NUMA configuration found
[    0.000000] Faking a node at [mem 0x0000000000000000-0x000000003ffeffff]
[    0.000000] NODE_DATA(0) allocated [mem 0x3ffeb000-0x3ffeffff]
[    0.000000] kvm-clock: Using mss 4b564d01 and 4b564d00
[    0.000000] kvm-clock: cpu 0, msr 0:3ffe3001, primary cpu clock
[    0.000000] kvm-clock: using sched offset of 8900897550 cycles
[    0.000000] clocksource: kvm-clock: mask: 0xffffffffffffffff max_cycles: 0x1cd42e4dffb, max_idle_ns: 881590591483 ns
[    0.000000] Zonee ranges:
[    0.000000]   DMA      [mem 0x0000000000001000-0x0000000000ffffff]
[    0.000000]   DMA32    [mem 0x0000000001000000-0x000000003ffeffff]
[    0.000000]   Normal   empty
[    0.000000]   Device   empty
[    0.000000] Movable zone start for each node
[    0.000000] Early memory node ranges
[    0.000000]   node   0: [mem 0x0000000000001000-0x000000000009efff]
[    0.000000]   node   0: [mem 0x0000000000100000-0x000000003ffeffff]
[    0.000000] Initmem seup node 0 [mem 0x0000000000001000-0x000000003ffeffff]
[    0.000000] ACPI: PM-Timer IO Port: 0x4008
[    0.000000] IOAPIC[0]: apic_id 2, version 32, address 0xfec00000, GSI 0-23
[    0.000000] ACPI: INT_SRC_OVR (bus 0 bus_irq 0 global_irq 2 dfl dfl)
[    0.000000] ACPI: INT_SRC_OVR (bus 0 bus_irq 9 global_irq 9 low level)
[    0.000000] Using ACPI MADT) for SMP configuration information
[    0.000000] smpboot: Allowing 2 CPUs, 0 hotplug CPUs
[    0.000000] PM: Registered nosave memory: [mem 0x00000000-0x00000fff]
[    0.000000] PM: Registered nosave memory: [mem 0x0009f000-0x0009ffff]
[    0.000000] PM: Registered nosave memoryy: [mem 0x000a0000-0x000effff]
[    0.000000] PM: Registered nosave memory: [mem 0x000f0000-0x000fffff]
[   0.000000] e820: [mem 0x40000000-0xfebfffff] available for PCI devices
[    0.000000] Booting paravirtualized kernel on KVM
[    0.000000] clocksource: refined-jiffies: mask: 0xffffffff max_cycles: 0xffffffff, max_idle_ns: 7645519600211568 ns
[    0.000000] setup_percpu: NR_CPUS:512 nr_cpumask_bits:512 nr_cpu_ids:2 nr_node_ids:1
[    0.000000] PERCPU: Embedded 34 pages/cpu @ffff88003fc00000 s99608 r8192 d31464 u1048576
[    0.000000] PV qspinlock hash table entries: 256 (order: 0, 4096 bytes)
[    0.000000] Built 1 zonelists in Node order, mobility grouping on.  Total pages: 257912
[    0.000000] Policy zone: DMA32
[    0.000000] Kernel command line: BOOT_IMAGE=/boot/vmlinuz-4.4.0-137-generic root=LABEL=cloudimg-rootfs ro console=tty1 console=ttyS0
[    0.000000] PID hash table entries: 4096 (order: 3, 32768 bytes)
[    0.000000] Memory: 997708K/1048120K available (8555K kernel code, 1314K rwdata, 4004K rodata, 1528K init, 1316K bss, 50412K reserved, 0K cma-reserved)
[    0.000000] SLUB: HWalign=64, Order=0-3, MinObjects=0, CPUs=2, Nodes=1
[    0.000000] Kernel/User page tables isolation: enabled
[    0.000000] Hierarchical RCU implementation.
[    0.000000] 	Build-time adjustment of leaf fanout to 64.
[    0.000000] 	RCU restricting CPUs from NR_CPUS=512 to nr_cpu_ids=2.
[    0.000000] RCU: Adjusting geometry for rcu_fanout_leaf=64, nr_cpu_ids=2
[    0.000000] NR_IRQS:33024 nr_irqs:440 16
[    0.000000] Console: colour VGA+ 80x25
[    0.000000] console [tty1] enabled
[    0.000000] console [ttyS0] enabled
[    0.000000] tsc: Detected 2292.550 MHz processor
[    1.511113] Calibrating delay loop (skipped) preset value.. 4585.10 BogoMIPS (lpj=9170200)
[    1.567191] pid_max: default: 32768 minimum: 301
[    1.571045] ACPI: Core revision 20150930
[    1.577262] ACPI: 2 ACPI AML tables successfully acquired and loaded
[    1.594650] Security Framework initialized
[    1.599876] Yama: becoming mindful.
[    1.602346] AppArmor: AppArmor initialized
[    1.605416] Dentry cache hash table entries: 131072 (order: 8, 1048576 bytes)
[    1.612862] Inode-cache hash table entries: 65536 (order: 7, 524288 bytes)
[    1.617229] Mount-cache hash table entries: 2048 (order: 2, 16384 bytes)
[    1.620995] Mountpoint-cache hash table entries: 2048 (order: 2, 16384 bytes)
[    1.625671] Initializing cgroup subsys io
[    1.628447] Initializing cgroup subsys memory
[    1.634908] Initializing cgroup subsys devices
[    1.637581] Initializing cgroup subsys freezer
[    1.648704] Initializing cgroup subsys net_cls
[    1.651512] Initializing cgroup subsys perf_event
[    1.654544] Initializing cgroup subsys net_prio
[    1.657640] Initializing cgroup subsys hugetlb
[    1.660261] Initializing cgroup subsys pids
[    1.663639] mce: CPU supports 0 MCE banks
[    1.666147] Last level iTLB entries: 4KB 512, 2MB 8, 4MB 8
[    1.669660] Last level dTLB entries: 4KB 512, 2MB 32, 4MB 32, 1GB 0
[    1.686268] Spectre V2 : Mitigation: Full generic retpoline
[    1.689704] Spectre V2 : Spectre v2 mitigation: Speculation control IBPB not-supported IBRS not-supported
[    1.702009] Spectre V2 : Spectre v2 / SpectreRSB mitigation: Filling RSB on context switch
[    1.719608] Speculative Store Bypass: Vulnerable
[    1.738743] Freeing SMP alternatives memory: 32K
[    1.783240] ftrace: allocating 32265 entries in 127 pages
[    2.001463] smpboot: APIC(0) Converting physical 0 to logical package 0
[    2.007276] smpboot: Max logical packages: 1
[    2.013529] x2apic enabled
[    2.017497] Switched APIC routing to physical x2apic.
[    2.024709] ..TIMER: vector=0x30 apic1=0 pin1=2 apic2=-1 pin2=-1
[    2.136765] smpboot: CPU0: Intel(R) Core(TM) i3-2350M CPU @ 2.30GHz (family: 0x6, model: 0x2a, stepping: 0x7)
[    2.145032] Performance Events: unsupported p6 CPU model 42 no PMU driver, software events only.
[    2.153683] KVM setup paravirtual spinlock
[    2.158548] x86: Booting SMP configuration:
[    2.163075] .... node  #0, CPUs:      #1
[    2.172639] kvm-clock: cpu 1, msr 0:3ffe3041, secondary cpu clock
[    2.192904] mce: CPU supports 0 MCE banks
[    2.196288] x86: Booted up 1 node, 2 CPUs
[    2.200242] smpboot: Total of 2 processors activated (9170.20 BogoMIPS)
[    2.237218] devtmpfs: initialized
[    2.244195] evm: security.selinux
[    2.258810] evm: security.SMACK64
[    2.261132] evm: security.SMACK64EXEC
[    2.285661] evm: security.SMACK64TRANSMUTE
[    2.293406] evm: security.SMACK64MMAP
[    2.298199] evm: security.ima
[    2.300789] evm: security.capability
[    2.353414] clocksource: jiffies: mask: 0xffffffff max_cycles: 0xffffffff, max_idle_ns: 7645041785100000 ns
[    2.378284] futex hash table entries: 512 (order: 3, 32768 bytes)
[    2.383536] pinctrl core: initialized pinctrl subsystem
[    2.387853] RTC time:  1:06:53, date: 11/06/18
[    2.391978] NET: Registered protocol family 16
[    2.409141] cpuidle: using governor ladder
[    2.421162] cpuidle: using governor menu
[    2.429775] PCCT header not found.
[    2.440411] ACPI: bus type PCI registered
[    2.444686] acpiphp: ACPI Hot Plug PCI Controller Driver version: 0.5
[    2.454431] PCI: Using configuration type 1 for base access
[    2.474751] ACPI: Added _OSI(Module Device)
[    2.477553] ACPI: Added _OSI(Processor Device)
[    2.487994] ACPI: Added _OSI(3.0 _SCP Extensions)
[    2.491587] ACPI: Added _OSI(Processor Aggregator Device)
[    2.503781] ACPI: Executed 1 blocks of module-level executable AML code
[    2.514866] ACPI: Interpreter enabled
[    2.519227] ACPI: (supports S0 S5)
[    2.527512] ACPI: Using IOAPIC for interrupt routing
[    2.532255] PCI: Using host bridge windows from ACPI; if necessary, use "pci=nocrs" and report a bug
[    2.554718] ACPI: PCI Root Bridge [PCI0] (domain 0000 [bus 00-ff])
[    2.560445] acpi PNP0A03:00: _OSC: OS supports [ASPM ClockPM Segments MSI]
[    2.566519] acpi PNP0A03:00: _OSC: not requesting OS control; OS requires [ExtendedConfig ASPM ClockPM MSI]
[    2.579015] acpi PNP0A03:00: fail to add MMCONFIG information, can't access extended PCI configuration space under this bridge.
[    2.587176] PCI host bridge to bus 0000:00
[    2.590128] pci_bus 0000:00: root bus resource [io  0x0000-0x0cf7 window]
[    2.594833] pci_bus 0000:00: root bus resource [io  0x0d00-0xffff window]
[    2.600798] pci_bus 0000:00: root bus resource [mem 0x000a0000-0x000bffff window]
[    2.606547] pci_bus 0000:00: root bus resource [mem 0x40000000-0xfdffffff window]
[    2.613186] pci_bus 0000:00: root bus resource [bus 00-ff]
[    2.623786] pci 0000:00:01.1: legacy IDE quirk: reg 0x10: [io  0x01f0-0x01f7]
[    2.627693] pci 0000:00:01.1: legacy IDE quirk: reg 0x14: [io  0x03f6]
[    2.634223] pci 0000:00:01.1: legacy IDE quirk: reg 0x18: [io  0x0170-0x0177]
[    2.644855] pci 0000:00:01.1: legacy IDE quirk: reg 0x1c: [io  0x0376]
[    2.738493] pci 0000:00:07.0: quirk: [io  0x4000-0x403f] claimed by PIIX4 ACPI
[    2.742758] pci 0000:00:07.0: quirk: [io  0x4100-0x410f] claimed by PIIX4 SMB
[    2.791425] ACPI: PCI Interrupt Link [LNKA] (IRQs 5 9 10 *11)
[    2.799543] ACPI: PCI Interrupt Link [LNKB] (IRQs 5 9 *10 11)
[    2.838168] ACPI: PCI Interrupt Link [LNKC] (IRQs 5 *9 10 11)
[    2.851348] ACPI: PCI Interrupt Link [LNKD] (IRQs 5 9 10 *11)
[    2.869534] ACPI: Enabled 2 GPEs in block 00 to 07
[    2.873744] vgaarb: setting as boot device: PCI:0000:00:02.0
[    2.896663] vgaarb: device added: PCI:0000:00:02.0,decodes=io+mem,owns=io+mem,locks=none
[    2.909438] vgaarb: loaded
[    2.922566] vgaarb: bridge control possible 0000:00:02.0
[    2.936428] SCSI subsystem initialized
[    2.968959] ACPI: bus type USB registered
[    2.987311] usbcore: registered new interface driver usbfs
[    3.003853] usbcore: registered new interface driver hub
[    3.038105] usbcore: registered new device driver usb
[    3.064639] PCI: Using ACPI for IRQ routing
[    3.068910] NetLabel: Initializing
[    3.074051] NetLabel:  domain hash size = 128
[    3.077330] NetLabel:  protocols = UNLABELED CIPSOv4
[    3.087866] NetLabel:  unlabeled traffic allowed by default
[    3.109997] amd_nb: Cannot enumerate AMD northbridges
[    3.116855] clocksource: Switched to clocksource kvm-clock
[    3.162104] AppArmor: AppArmor Filesystem Enabled
[    3.166121] pnp: PnP ACPI it
[    3.289417] pnp: PnP ACPI: found 3 devices

[    3.313256] clocksource: acpi_pm: mask: 0xffffff max_cycles: 0xffffff, max_idle_ns: 2085701024 ns
[    3.318645] NET: Registered protocol family 2
[    3.321676] TCP established hash table entries: 8192 (order: 4, 65536 bytes)
[    3.325869] TCP bind hash table entries: 8192 (order: 5, 131072 bytes)
[    3.329546] TCP: Hash tables configed (tablished 8192 bind 8192)
[    3.569218] UDP hash table entries: 512 (order: 2, 16384 bytes)
[    3.574645] UDP-Lite hash table entries: 512 (order: 2, 16384 bytes)
[    3.582096] NET: Registered protocol family 1
[    3.586434] pci 0000:00:00.0: Limiting direct PCI/PCI transfers
[    3.590517] pci 0000:00:01.0: Activating ISA DMA hang workarounds
[    3.595597] Unpacking initramfs...

[    4.462271] Freeing initrd memory: 14796K
[    4.466258] RAPL PMU detected, API unit is 2^-32 Joules, 3 fixed counters 10737418240 movfl timer
[    4.692644] hw unit of domain pp0-core 2^-0 Joules

[    4.695985] hw unit of domain package 2^-0 Joules
[    4.726884] hw unit of domain pp1-gpu 2^-0 Joules
[    4.739603] platform rtc_cmos: registered platform RTC device (no PNP device found)
[    4.768066] Scanni for low memory corruption every 60 seconds

[    4.917521] audit: initializing netlink subsys (disabled)
[    4.921524] audit: type=2000 audit(1541466424.201:1): initialized
[    4.925990] Initialise system trusted keyring
[    4.940813] HugeTLB registered 2 MB page size, pre-allocated 0 pages
[    4.979707] zbud: loaded
[    4.985488] VFS: Disk quotas dquot_6.6.0
[    4.988156] VFS: Dquot-cache hash table entries: 512 (order 0, 4096 bytes)
[    4.994806] squashfs: version 4.0 (2009/01/31) Phillip Lougher
[    5.006746] fuse init (API version 7.23)
[    5.012591] Key type big_key registered
[    5.015167] Allocating IMA MOK and blacklist keyrings.
[    5.021827] Key type asymmetric registered
[    5.024309] Asymmetric key parser 'x509' registered
[    5.027112] Block layer SCSI generic (bsg) driver version 0.4 loaded (major 249)
[    5.047895] io scheduler noop registered
[    5.056275] io scheduler deadline registered (default)
[    5.061029] io scheduler cfq registered
[    5.063711] pci_hotplug: PCI Hot Plug PCI Core version: 0.5
[    5.077355] pciehp: PCI Express Hot Plug Controller Driver version: 0.4
[    5.096101] ACPI: AC Adapter [AC] (on-line)
[    5.105299] input: Power Button as /devices/LNXSYSTM:00/LNXPWRBN:00/input/input0
[    5.132628] ACPI: Power Button [PWRF]
[    5.143786] input: Sleep Button as /devices/LNXSYSTM:00/LNXSLPBN:00/input/input1
[    5.148773] ACPI: Sleep Button [SLPF]
[    5.151866] GHES: HEST is not enabled!
[    5.154092] ACPI: Battery Slot [BAT0] (battery present)
[    5.166803] Serial: 8250/16550 driver, 32 ports, IRQ sharing enabled
[    5.213604] 00:02: ttyS0 at I/O 0x3f8 (irq = 4, base_baud = 115200) is a 16550A
[    5.243407] Linux agpgart interface v0.103
[    5.254372] loop: module loaded
[    5.258783] scsi host0: ata_piix
[    5.267692] scsi host1: ata_piix
[    5.271204] ata1: PATA max UDMA/33 cmd 0x1f0 ctl 0x3f6 bmdma 0xd000 irq 14
[    5.276976] ata2: PATA max UDMA/33 cmd 0x170 ctl 0x376 bmdma 0xd008 irq 15
[    5.282237] libphy: Fixed MDIO Bus: probed
[    5.284660] tun: Universal TUN/TAP device drver, 1.6
[    5.375544] tun: (C) 1999-204 Max Krasnyansky <maxk@qualcomcom>

[    5.587751] PPP generic driver version 2.4.2
[    5.591603] ehci_hcd: USB 2.0 'Enhanced' Host Controller (EHCI) Driver
[    5.595126] ehci-pci: EHCI PCI platform driver
[    5.598528] ehci-platform: EHCI generic platform driver
[    5.602138] ohci_hcd: USB 1.1 'Open' Host Controller (OHCI) Driver
[    5.606752] ohci-pci: OHCI PCI platform driver
[    5.609718] ohci-platform: OHCI generic platform driver
[    5.619652] uhci_hcd: USB Universal Host Controller Interface driver
[    5.624106] i8042: PNP: PS/2 Controller [PNP0303:PS2K,PNP0f03:PS2M] at 0x60,0x64 irq 1,12
[    5.633216] serio: i8042 KBD port at 0x60,0x64 irq 1
[    5.637848] serio: i8042 AUX port at 0x60,0x64 irq 12
[    5.643850] mousedev: PS/2 mouse device common for all mice
[    5.649605] input: AT Translated Set 2 keyboard as /devices/platform/i8042/serio0/input/input2
[    5.668080] rtc_cmos rtc_cmos: rtc core: registered rtc_cmos as rtc0
[    5.676588] rtc_cmos rtc_cmos: alarms up to one day, 114 bytes nvram
[    5.681612] i2c /dev entries driver
[    5.684349] device-mapper: uevent: version 1.0.3
[    5.695719] device-mapper: ioctl: 4.34.0-ioctl (2015-10-28) initialised: dm-devel@redhat.com
[    5.701346] ledtrig-cpu: registered to indicate activity on CPUs
[    5.709750] NET: Registered protocol family 10
[    5.713145] NET: Registered protocol family 17
[    5.716022] Key type dns_resolver registered
[    5.719831] registered taskstats version 1
[    5.723655] Loading compiled-in X.509 certificates
[    5.736097] Loaded X.509 cert 'Build time autogenerated kernel key: 20acc96b50ca7641011eace69d32209215a9b56f'
[    5.743681] zswap: loaded using pool lzo/zbud
[    5.744999] tsc: Refined TSC clocksource calibration: 2291.188 MHz
[    5.745004] clocksource: tsc: mask: 0xffffffffffffffff max_cycles: 0x2106b0f4ed6, max_idle_ns: 440795270373 ns
[    5.765761] Key type trusted registered
[    5.788763] Key type encrypted registered
[    5.801499] AppArmor: AppArmor sha1 policy hashing enabled
[    5.811321] ima: No TPM chip found, activating TPM-bypass!
[    5.822221] ima: Allocated hash algorithm: sha1
[    5.828172] evm: HMAC attrs: 0x1
[    5.850913]   Magic number: 10:647:103
[    5.867545] rtc_cmos rtc_cmos: setting system clock to 2018-11-06 01:06:56 UTC (1541466416)
[    5.889647] BIOS EDD facility v0.16 2004-Jun-25, 0 devices found
[    5.899785] EDD information not available.
[    5.914997] Freeing unused kernel memory: 1528K
[    5.929037] Write protecting the kernel read-only data: 14336k
[    5.934341] Freeing unused kernel memory: 1672K
[    5.939324] Freeing unused kernel memory: 92K
Loading, please wait...
starting version 229
[    6.011905] random: systemd-udevd: uninitialized urandom read (16 bytes read, 3 bits of entropy available)
[    6.013909] random: udevadm: uninitialized urandom read (16 bytes read, 3 bits of entropy available)
[    6.014017] random: udevadm: uninitialized urandom read (16 bytes read, 3 bits of entropy available)
[    6.048504] random: systemd-udevd: uninitialized urandom read (16 bytes read, 3 bits of entropy available)
[    6.056433] random: systemd-udevd: uninitialized urandom read (16 bytes read, 3 bits of entropy available)
[    6.066184] random: systemd-udevd: uninitialized urandom read (16 bytes read, 3 bits of entropy available)
[    6.108170] random: systemd-udevd: uninitialized urandom read (16 bytes read, 3 bits of entropy available)
[    6.129368] random: udevadm: uninitialized urandom read (16 bytes read, 3 bits of entropy available)
[    6.129569] random: udevadm: uninitialized urandom read (16 bytes read, 3 bits of entropy available)
[    6.131978] random: udevadm: uninitialized urandom read (16 bytes read, 3 bits of entropy available)
[    6.687126] e1000: Intel(R) PRO/1000 Network Driver - version 7.3.21-k8-NAPI
[    6.696891] e1000: Copyright (c) 1999-2006 Intel Corporation.
[    6.717642] Fusion MPT base driver 3.04.20
[    6.725672] Copyright (c) 1999-2008 LSI Corporation
[    6.809747] Fusion MPT SPI Host driver 3.04.20
[    7.153123] input: ImExPS/2 Generic Explorer Mouse as /devices/platform/i8042/serio1/input/input4
[    8.136075] e1000 0000:00:03.0 eth0: (PCI:33MHz:32-bit) 02:20:67:8c:d5:af
[    8.141098] e1000 0000:00:03.0 eth0: Intel(R) PRO/1000 Network Connection
[    8.163218] mptbase: ioc0: Initiating bringup
[    9.081657] ioc0: LSI53C1030 A0: Capabilities={Initiator}
[   10.095218] scsi host2: ioc0: LSI53C1030 A0, FwRev=00000000h, Ports=1, MaxQ=256, IRQ=20
[   10.586591] scsi 2:0:0:0: Direct-Access     VBOX     HARDDISK         1.0  PQ: 0 ANSI: 5
[   10.590179] scsi target2:0:0: Beginning Domain Validation
[   10.597236] scsi target2:0:0: Domain Validation skipping write tests
[   10.600841] scsi target2:0:0: Ending Domain Validation
[   10.604364] scsi target2:0:0: asynchronous
[   10.608441] scsi 2:0:1:0: Direct-Access     VBOX     HARDDISK         1.0  PQ: 0 ANSI: 5
[   10.625357] scsi target2:0:1: Beginning Domain Validation
[   10.675828] scsi target2:0:1: Domain Validation skipping write tests
[   10.684836] scsi target2:0:1: Ending Domain Validation
[   10.706604] scsi target2:0:1: asynchronous
[   10.759682] sd 2:0:0:0: Attached scsi generic sg0 type 0
[   10.763196] sd 2:0:0:0: [sda] 20971520 512-byte logical blocks: (10.7 GB/10.0 GiB)
[   10.790399] sd 2:0:1:0: Attached scsi generic sg1 type 0
[   10.795469] sd 2:0:1:0: [sdb] 20480 512-byte logical blocks: (10.5 MB/10.0 MiB)
[   10.845071] sd 2:0:0:0: [sda] Write Protect is off
[   10.859894] sd 2:0:1:0: [sdb] Write Protect is off
[   10.882275] sd 2:0:0:0: [sda] Incomplete mode parameter data
[   10.905003] sd 2:0:0:0: [sda] Assuming drive cache: write through
[   10.970220] sd 2:0:1:0: [sdb] Incomplete mode parameter data
[   10.992788] sd 2:0:1:0: [sdb] Assuming drive cache: write through
[   11.028041]  sda: sda1
[   11.032364] sd 2:0:0:0: [sda] Attached SCSI disk
[   11.049913] sd 2:0:1:0: [sdb] Attached SCSI disk
[   11.345636] e1000 0000:00:08.0 eth1: (PCI:33MHz:32-bit) 08:00:27:1d:ad:3b
[   11.349384] e1000 0000:00:08.0 eth1: Intel(R) PRO/1000 Network Connection
[   11.359729] e1000 0000:00:08.0 enp0s8: renamed from eth1
[   11.377720] e1000 0000:00:03.0 enp0s3: renamed from eth0
Begin: Loading essential drivers ... [   13.401310] md: linear personality registered for level -1
[   13.421294] md: multipath personality registered for level -4
[   13.436097] md: raid0 personality registered for level 0
[   13.453339] md: raid1 personality registered for level 1
[   13.533060] raid6: sse2x1   gen()  3488 MB/s
[   13.601047] raid6: sse2x1   xor()  1854 MB/s
[   13.673336] raid6: sse2x2   gen()  3666 MB/s
[   13.748892] raid6: sse2x2   xor()  2006 MB/s
[   13.816990] raid6: sse2x4   gen()  3609 MB/s
[   13.884891] raid6: sse2x4   xor()  2751 MB/s
[   13.888477] raid6: using algorithm sse2x2 gen() 3666 MB/s
[   13.890981] raid6: .... xor() 2006 MB/s, rmw enabled
[   13.893296] raid6: using ssse3x2 recovery algorithm
[   13.898789] xor: automatically using best checksumming function:
[   13.940994]    avx       : 10920.000 MB/sec
[   13.945377] async_tx: api initialized (async)
[   13.961078] md: raid6 personality registered for level 6
[   13.963528] md: raid5 personality registered for level 5
[   13.965643] md: raid4 personality registered for level 4
[   13.982676] md: raid10 personality registered for level 10
done.
Begin: Running /scripts/init-premount ... done.
Begin: Mounting root file system ... Begin: Running /scripts/local-top ... done.
Begin: Running /scripts/local-premount ... [   14.089618] Btrfs loaded
Scanning for Btrfs filesystems
done.
Warning: fsck not present, so skipping root file system
[   14.331957] EXT4-fs (sda1): mounted filesystem with ordered data mode. Opts: (null)
done.
Begin: Running /scripts/local-bottom ... done.
Begin: Running /scripts/init-bottom ... done.
[  5.310301] random: nonblockingool is iitialized

[   15.942132] systemd[1]: systemd 229 running in system mode. (+PAM +AUDIT +SELINUX +IMA +APPARMOR +SMACK +SYSVINIT +UTMP +LIBCRYPTSETUP +GCRYPT +GNUTLS +ACL +XZ -LZ4 +SECCOMP +BLKID +ELFUTILS +KMOD -IDN)
[   15.995624] systemd[1]: Detected virtualization oracle.
[   15.999912] systemd[1]: Detected architecture x86-64.

Welcome to [1mUbuntu 16.04.5 LTS[0m!

[   16.079042] systemd[1]: Set hostname to <ubuntu>.
[   16.195907] systemd[1]: Initializing machine ID from random generator.
[   16.199632] systemd[1]: Installed transient /etc/machine-id file.
[   17.491792] systemd[1]: Created slice User and Session Slice.
[[0;32m  OK  [0m] Created slice User and Session Slice.
[   17.739880] systemd[1]: Listening on LVM2 metada daemon socket.
[[0;32m  OK  [0m] Listening on LVM2 metadata daemon socket.
[   17.849926] systemd[1]: Listening on udev Kernel Socket.
[[0;32m  OK  [0m] Listening on udev Kernel Socket.
[   17.860145] systemd[1]: Listening on /dev/initctl Compatibility Named Pipe.
[[0;32m  OK  [0m] Listening on /dev/initctl Compatibility Named Pipe.
[   18.085359] systemd[1]: Reached target Sstem Time Synchronized.
[[0;32m  OK  [0m] Reached target System Time Synchronized.
[   18.169123] systemd[1]: Listening on LVM2 poll daemon socket.
[[0;32m  OK  [0m] Listening on LVM2 poll daemon socket.
[   18.178288] systemd[1]: Setp automount Arbitrary Executable File Formats File System Automount Poin

[[0;32m  OK  [0m] Set up automount Arbitrary Executab...ats File System Automount Point.
[   18.434527] systemd[1]: Reached target Swap.
[[0;32m  OK  [0m] Reached target Swap.
[   18.442945] systemd[1]: Listening on Journal Socket (/dev/log).
[[0;32m  OK  [0m] Listening on Journal Socket (/dev/log).
[   18.658231] systemd[1]: Created slice System Slice.
[[0;32m  OK  [0m] Created slice System Slice.
[   18.668225] systemd[1]: Created slice system-serial\x2dgetty.slice.
[[0;32m  OK  [0m] Created slice system-serial\x2dgetty.slice.
[   18.676119] systemd[1]: Reached target Slices.
[[0;32m  OK  [0m] Reached target Slices.
[   18.743033] systemd[1]: Started Trigger resolvconf update for networkd DNS.
[[0;32m  OK  [0m] Started Trigger resolvconf update for networkd DNS.
[   19.092646] systemd[1]: Started Forward Password Requests to Wall Directory Watch.
[[0;32m  OK  [0m] Started Forward Password Requests to Wall Directory Watch.
[   19.140339] systemd[1]: Listening on Device-mapper event daemon FIFOs.
[[0;32m  OK  [0m] Listening on Device-mapper event daemon FIFOs.
[   19.177865] systemd[1]: Reached target Encrypted Volumes.
[[0;32m  OK  [0m] Reached target Encrypted Volumes.
[   19.190002] systemd[1]: Listening on Journal Socket.
[[0;32m  OK  [0m] Listening on Journal Socket.
[   20.109506] systemd[1]: Starting Nameserver information manager...
         Starting Nameserver information manager...
[   20.182797] systemd[1]: Starting Set console keymap...
         Starting Set console keymap...
[   20.201327] systemd[1]: Starting Uncomplicated firewall...
         Starting Uncomplicated firewall...
[   20.237781] systemd[1]: Starting Remount Root and Kernel File Systems...
         Starting Remount Root and Kernel File Systems...
[   20.321145] EXT4-fs (sda1): re-mounted. Opts: (null)
[   20.341578] systemd[1]: Starting Load Kernel Modules...
         Starting Load Kernel Modules...
[   20.378949] systemd[1]: Mounting Debug File System...
         Mounting Debug File System...
[   20.413664] systemd[1]: Listening on udev Control Socket.
[[0;32m  OK  [0m] Listening on udev Control Socket.
[   20.444204] systemd[1]: Listening on Syslog Socket.
[[0;32m  OK  [[   20.485260] Loading iSCSI transport class v2.0-870.
0m] Listening on Syslog Socket.
[   20.537947] systemd[1]: Mounting Huge Pages File System...
         Mounting Huge Pages File System...
[   20.568949] systemd[1]: Listening on Journal Audit Socket.
[   20.589133] iscsi: registered transport (tcp)
[[0;32m  OK  [0m] Listening on Journal Audit Socket.
[   20.625536] systemd[1]: Starting Journal Service...
         Starting Journal Service...
[   20.645851] systemd[1]: Mounting POSIX Message Queue File System...
         Mounting POSIX Message Queue File System...
[   20.664860] systemd[1]: Starting Monitoring of LVM2 mirrors, snapshots etc. using dmeventd or progress polling...
         Starting Monitoring of LVM2 mirrors... dmeventd or progress polling...
[   20.741927] systemd[1]: Starting Create list of required static device nodes for the current kernel...
         Starting Create list of required st... nodes for the current kernel...
[   20.803617] systemd[1]: Reached target User and Group Name Lookups.
[[0;32m  OK  [0m] Reached target User and Group Name Lookups.
[   20.823752] iscsi: registered transport (iser)
[   20.845145] systemd[1]: Mounted Huge Pages File System.
[[0;32m  OK  [0m] Mounted Huge Pages File System.
[   20.863161] systemd[1]: Mounted POSIX Message Queue File System.
[[0;32m  OK  [0m] Mounted POSIX Message Queue File System.
[   20.872831] systemd[1]: Mounted Debug File System.
[[0;32m  OK  [0m] Mounted Debug File System.
[   20.916256] systemd[1]: Started Set console keymap.
[[0;32m  OK  [0m] Started Set console keymap.
[   20.929205] systemd[1]: Started Uncomplicated firewall.
[[0;32m  OK  [0m] Started Uncomplicated firewall.
[   20.965328] systemd[1]: Started Remount Root and Kernel File Systems.
[[0;32m  OK  [0m] Started Remount Root and Kernel File Systems.
[   20.989326] systemd[1]: Started Load Kernel Modules.
[[0;32m  OK  [0m] Started Load Kernel Modules.
[   21.033330] systemd[1]: Started Create list of required static device nodes for the current kernel.
[[0;32m  OK  [0m] Started Create list of required sta...ce nodes for the current kernel.
[   21.053790] systemd[1]: Started Nameserver information manager.
[[0;32m  OK  [0m] Started Nameserver information manager.
[   21.072347] systemd[1]: Started Journal Service.
[[0;32m  OK  [0m] Started Journal Service.
[[0;32m  OK  [0m] Started LVM2 metadata daemon.
         Starting Create Static Device Nodes in /dev...
         Starting Apply Kernel Variables...
         Mounting FUSE Control File System...
         Starting Load/Save Random Seed...
         Starting Flush Journal to Persistent Storage...
         Starting udev Coldplug all Devices...
[[0;32m  OK  [0m] Mounted FUSE Control File System.
[[0;32m  OK  [0m] Started Apply Kernel Variables.
[[0;32m  OK  [0m] Started Load/Save Random Seed.
[[0;32m  OK  [0m] Started Monitoring of LVM2 mirrors,...ng dmeventd or progress polling.
[[0;32m  OK  [0m] Started Create Static Device Nodes in /dev.
[[0;32m  OK  [0m] Started Flush Journal to Persistent Storage.
         Starting udev Kernel Device Manager...
[[0;32m  OK  [0m] Started udev Coldplug all Devices.
[[0;32m  OK  [0m] Started udev Kernel Device Manager.
[[0;32m  OK  [0m] Reached target Local File Systems (Pre).
[[0;32m  OK  [0m] Reached target Local File Systems.
         Starting Set console font and keymap...
         Starting Initial cloud-init job (pre-networking)...
         Starting LSB: AppArmor initialization...
         Starting Create Volatile Files and Directories...
         Starting Commit a transient machine-id on disk...
         Starting Tell Plymouth To Write Out Runtime Data...
[[0;32m  OK  [0m] Started Dispatch Password Requests to Console Directory Watch.
[[0;32m  OK  [0m] Started Create Volatile Files and Directories.
[[0;32m  OK  [0m] Started Commit a transient machine-id on disk.
[[0;32m  OK  [0m] Started Tell Plymouth To Write Out Runtime Data.
         Starting Update UTMP about System Boot/Shutdown...
[[0;32m  OK  [0m] Started Update UTMP about System Boot/Shutdown.
[[0;32m  OK  [0m] Found device /dev/ttyS0.
[[0;32m  OK  [0m] Listening on Load/Save RF Kill Switch Status /dev/rfkill Watch.
[[0;32m  OK  [0m] Started Set console font and keymap.
[[0;32m  OK  [0m] Created slice system-getty.slice.
[[0;32m  OK  [0m] Started LSB: AppArmor initialization.
[   28.260666] cloud-init[472]: Cloud-init v. 18.3-9-g2e62cb8a-0ubuntu1~16.04.2 running 'init-local' at Tue, 06 Nov 2018 01:07:20 +0000. Up 27.01 seconds.
[[0;32m  OK  [0m] Started Initial cloud-init job (pre-networking).
[[0;32m  OK  [0m] Reached target Network (Pre).
         Starting Raise network interfaces...
[[0;32m  OK  [0m] Started Raise network interfaces.
[[0;32m  OK  [0m] Reached target Network.
         Starting Initial cloud-init job (metadata service crawler)...
[   36.506663] cloud-init[935]: Cloud-init v. 18.3-9-g2e62cb8a-0ubuntu1~16.04.2 running 'init' at Tue, 06 Nov 2018 01:07:24 +0000. Up 31.00 seconds.
[   36.550175] cloud-init[935]: ci-info: ++++++++++++++++++++++++++++++++++++++Net device info+++++++++++++++++++++++++++++++++++++++
[   36.566271] cloud-init[935]: ci-info: +--------+-------+----------------------------+---------------+--------+-------------------+
[   36.597826] cloud-init[935]: ci-info: | Device |   Up  |          Address           |      Mask     | Scope  |     Hw-Address    |
[   36.613022] cloud-init[935]: ci-info: +--------+-------+----------------------------+---------------+--------+-------------------+
[   36.683244] cloud-init[935]: ci-info: | enp0s3 |  True |         10.0.2.15          | 255.255.255.0 | global | 02:20:67:8c:d5:af |
[   36.710112] cloud-init[935]: ci-info: | enp0s3 |  True | fe80::20:67ff:fe8c:d5af/64 |       .       |  link  | 02:20:67:8c:d5:af |
[   36.718820] cloud-init[935]: ci-info: | enp0s8 | False |             .              |       .       |   .    | 08:00:27:1d:ad:3b |
[   36.766913] cloud-init[935]: ci-info: |   lo   |  True |         127.0.0.1          |   255.0.0.0   |  host  |         .         |
[   36.784022] cloud-init[935]: ci-info: |   lo   |  True |          ::1/128           |       .       |  host  |         .         |
[   36.793605] cloud-init[935]: ci-info: +--------+-------+----------------------------+---------------+--------+-------------------+
[   36.817117] cloud-init[935]: ci-info: +++++++++++++++++++++++++++Route IPv4 info++++++++++++++++++++++++++++
[   36.817809] cloud-init[935]: ci-info: +-------+-------------+----------+---------------+-----------+-------+
[   36.820092] cloud-init[935]: ci-info: | Route | Destination | Gateway  |    Genmask    | Interface | Flags |
[[0;32m  OK  [0m] Started Initial cloud-init job (metadata service crawler).
[   36.820841] [cloud-init[0;32m  OK  [0m[935]: ] ci-info: +-------+-------------+----------+---------------+-----------+-------+Reached target Cloud-config availability.

[   36.943769] [[0;32m  OK  [0m] Reached target Network is Online.
cloud-init[935]: ci-info: |   0   |   0.0.0.0   | 10.0.2.2 |    0.0.0.0    |   enp0s3  |   UG  |
[   37.097370]          Starting iSCSI initiator daemon (iscsid)...
[[0;32m  OK  [0m] Reached target System Initialization.
cloud-init[935]: ci-info: |   1   |   10.0.2.0  | 0.0.0.0  | 255.255.255.0 |   enp0s3  |   U   |
[   37.121467] [[0;32m  OK  [0m] Listening on ACPID Listen Socket.
[[0;32m  OK  [0m] Listening on UUID daemon activation socket.
cloud-init[935]: ci-info: +-------+-------------+----------+---------------+-----------+-------+
[   37.140437] [cloud-init[0;32m  OK  [0m[935]: ] ci-info: +++++++++++++++++++Route IPv6 info+++++++++++++++++++
Started Daily Cleanup of Temporary Directories.
         Starting Socket activation for snappy daemon.
[   37.142495] [[0;32m  OK  [0m] Listening on D-Bus System Message Bus Socket.
cloud-init[935]: ci-info: +-------+-------------+---------+-----------+-------+
[   37.193444] cloud-init[935]: ci-info: | Route | Destination | Gateway | Interface | Flags |
[   37.211018] cloud-init[935]: ci-info: +-------+-------------+---------+-----------+-------+
[   37.211959] cloud-init[935]: ci-info: |   0   |  fe80::/64  |    ::   |   enp0s3  |   U   |
[   37.214465] cloud-init[935]: ci-info: |   4   |   ff00::/8  |    ::   |   enp0s3  |   U   |
[[0;32m  OK  [0m] Started ACPI Events Check.
[   37.214957] cloud-init[935]: ci-info: +-------+-------------+---------+-----------+-------+
[   37.233154] cloud-init[935]: Generating public/private rsa key pair.
[   37.234078] cloud-init[935]: Your identification has been saved in /etc/ssh/ssh_host_rsa_key.
[   37.235173] cloud-init[935]: Your public key has been saved in /etc/ssh/ssh_host_rsa_key.pub.
[[0;32m  OK  [0m] Reached target Paths.
[   37.235909] cloud-init[935]: The key fingerprint is:
[   37.264975] cloud-init[935]: SHA256:fJcdbrQzfc+4ytwb8MIwcv//l9UHp2uqjT/fghU+Bss root@ubuntu-xenial
         [   37.295914] cloud-init[935]: The key's randomart image is:
[   37.297591] cloud-init[935]: +---[RSA 2048]----+
[   37.298054] cloud-init[935]: |                 |
Starting LXD - unix socket.
[   37.298561] cloud-init[935]: |                 |
[   37.428989] cloud-init[935]: |              o  |
[   37.430225] cloud-init[935]: |       .    .=o+.|
[[0;32m  OK  [0m] Started Daily apt download activities.
[   37.430955] cloud-init[935]: |        S =.++B=+|
[   37.441213] cloud-init[935]: |         + *E+*=*|
[[0;32m  OK  [0m] Started Daily apt upgrade and clean activities.
[   37.441679] cloud-init[935]: |            +++o*|
[   37.450971] cloud-init[935]: |           =o++=.|
[[0;32m  OK  [0m] Reached target Timers.
[   37.452366] cloud-init[935]: |          ooB**+*|
[   37.461385] cloud-init[935]: +----[SHA256]-----+
[   37.474851] cloud-init[935]: Generating public/private dsa key pair.
[   37.481072] cloud-init[935]: Your identification has been saved in /etc/ssh/ssh_host_dsa_key.
[   37.482117] cloud-init[935]: Your public key has been saved in /etc/ssh/ssh_host_dsa_key.pub.
[   37.482884] cloud-init[935]: The key fingerprint is:
[   37.483284] cloud-init[935]: SHA256:CRPbj8O5nazOciqTC6WvXNJxZ6rTq9ssKgoikkhywmU root@ubuntu-xenial
[   37.483663] cloud-init[935]: The key's randomart image is:
[   37.485671] cloud-init[935]: +---[DSA 1024]----+
[[0;32m  OK  [0m] Listening on Socket activation for snappy daemon.
[   37.492410] [[0;32m  OK  [0m] Listening on LXD - unix socket.
[[0;32m  OK  [0m] Started iSCSI initiator daemon (iscsid).
cloud-init[935]: |      .          |
[   37.556154] cloud-init[935]: |       +         |
[   37.594206]          Starting Login to default iSCSI targets...
cloud-init[935]: |   E  + .        |
[[0;32m  OK  [0m] Reached target Sockets.
[   37.597211] [[0;32m  OK  [0m] Reached target Basic System.
[cloud-init[0;32m  OK  [0m[935]: ] |. o    + =       |Started Unattended Upgrades Shutdown.

[   37.672348] cloud-init[935]: |oo. o . S .      |
[   37.678127] cloud-init[935]: |++ + o + = .     |
[   37.682846] [[0;32m  OK  [0m] Started ACPI event daemon.
cloud-init[935]: |B + oo. . +      |
         Starting /etc/rc.local Compatibility...
[   37.719134] cloud-init[935]: |*. =*+o...       |
[   37.744019] cloud-init[935]: |o.+o*O=*+        |
[[0;32m  OK  [0m] Started Deferred execution scheduler.
[   37.766065] cloud-init[935]: +----[SHA256]-----+
[   37.807958]          cloud-init[935]: Generating public/private ecdsa key pair.
Starting LXD - container startup/shutdown...
[   37.809458] cloud-init[935]: Your identification has been saved in /etc/ssh/ssh_host_ecdsa_key.
[   37.862683] cloud-init[935]: Your public key has been saved in /etc/ssh/ssh_host_ecdsa_key.pub.
[   37.884996]          Starting LSB: MD monitoring daemon...
cloud-init[935]: The key fingerprint is:
[   37.897593] cloud-init[935]: SHA256:dxIfcgO4w4vZujIbje6Lvxel8n8Gyf6eht2DGZ6KleE root@ubuntu-xenial[[0;32m  OK  [0m] Started FUSE filesystem for LXC.

[   37.936603] cloud-init         Starting System Logging Service...
[935]: The key's randomart image is:
[   37.968397] cloud-init[935]: +---[ECDSA 256]---+
[   37.981094] cloud-init[935]: |         ..      |
[   37.986929] cloud-init[935]: |        .  .     |[[0;32m  OK  [0m] Started Regular background program processing daemon.

[   37.998559] cloud-init[935]: |       . .o +    |
[   38.014330] cloud-init[935]: |        =  = o   |
[   38.027221] cloud-init[935]: |       BS+o o    |
[   38.034667] cloud-init[935]: |    .o=.*+.o     |
[   38.043851] cloud-init[935]: |    oo.+E= *     |
[   38.048386] cloud-init[935]: |   oo.+oo X.o    |
[   38.053355] cloud-init[935]: |  .oBBoooB+  .   |
[   38.065673] cloud-init[935]: +----[SHA256]-----+
[   38.075659] cloud-init[935]: Generating public/private ed25519 key pair.
[   38.085766] cloud-init[935]: Your identification has been saved in /etc/ssh/ssh_host_ed25519_key.
[   38.125297] cloud-init[935]: Your public key has been saved in /etc/ssh/ssh_host_ed25519_key.pub.
[   38.190178] cloud-init[935]: The key fingerprint is:
[   38.233923] cloud-init[935]: SHA256:uXZpLoa+g0nF39uolMNlhrH0zoFqutKFvcEgeKaz1DY root@ubuntu-xenial
[   38.278947] cloud-init[935]: The key's randomart image is:
         Starting Pollinate to seed the pseudo random number generator...
[   38.281153] cloud-init[935]: +--[ED25519 256]--+
[   38.316617] [[0;32m  OK  [0m] Started D-Bus System Message Bus.
cloud-init[935]: |                 |
[   38.356453] cloud-init[935]: |                 |
[   38.394381] cloud-init[935]: | .   .  o        |
[   38.413733] cloud-init[935]: |. + . o. B       |
[   38.437841] cloud-init[935]: | +.. * .S.*      |
[   38.457229] cloud-init[935]: |o. Eo =o.O.o     |
[   38.460604] cloud-init[935]: |.o.o.+o+B *+     |
[   38.462976] cloud-init[935]: |. . +o+oo=o .    |
[   38.465655] cloud-init[935]: |   .ooo+.o.      |
[   38.468676] cloud-init[935]: +----[SHA256]-----+
         Starting LSB: Record successful boot for GRUB...
         Starting Virtualbox guest utils...
         Starting Accounts Service...
         Starting Login Service...
         Starting Snappy daemon...
[[0;32m  OK  [0m] Started System Logging Service.
[[0;32m  OK  [0m] Started /etc/rc.local Compatibility.
[[0;32m  OK  [0m] Started Login to default iSCSI targets.
[[0;32m  OK  [0m] Reached target Remote File Systems (Pre).
[[0;32m  OK  [0m] Reached target Remote File Systems.
         Starting LSB: Set the CPU Frequency Scaling governor to "ondemand"...
         Starting LSB: daemon to balance interrupts for SMP systems...
         Starting Permit User Sessions...
         Starting LSB: automatic crash report generation...
[[0;32m  OK  [0m] Started LSB: MD monitoring daemon.
[[0;32m  OK  [0m] Started Login Service.
[[0;32m  OK  [0m] Started LSB: Set the CPU Frequency Scaling governor to "ondemand".
[[0;32m  OK  [0m] Started Permit User Sessions.
         Starting Hold until boot process finishes up...
         Starting Terminate Plymouth Boot Screen...
[[0;32m  OK  [0m] Started Hold until boot process finishes up.
[[0;32m  OK  [0m] Started Terminate Plymouth Boot Screen.
[[0;32m  OK  [0m] Started LSB: daemon to balance interrupts for SMP systems.
[[0;32m  OK  [0m] Started Getty on tty1.
         Starting Set console scheme...
[[0;32m  OK  [0m] Started Serial Getty on ttyS0.
[[0;32m  OK  [0m] Reached target Login Prompts.
[[0;32m  OK  [0m] Started Set console scheme.
[[0;32m  OK  [0m] Started LSB: automatic crash report generation.
[[0;32m  OK  [0m] Started LSB: Record successful boot for GRUB.
[[0;32m  OK  [0m] Started Virtualbox guest utils.
         Starting Authenticate and Authorize Users to Run Privileged Tasks...
[[0;32m  OK  [0m] Started Authenticate and Authorize Users to Run Privileged Tasks.
[[0;32m  OK  [0m] Started Accounts Service.
[[0;32m  OK  [0m] Started LXD - container startup/shutdown.
[[0;32m  OK  [0m] Started Snappy daemon.
         Starting Wait until snapd is fully seeded...

Ubuntu 16.04.5 LTS ubuntu-xenial ttyS0

ubuntu-xenial login: [   60.751170] cloud-init[1459]: Generating locales (this might take a while)...
[   64.580633] cloud-init[1459]:   en_US.UTF-8... done
[   64.581933] cloud-init[1459]: Generation complete.
[   68.836676] cloud-init[1459]: Cloud-init v. 18.3-9-g2e62cb8a-0ubuntu1~16.04.2 running 'modules:config' at Tue, 06 Nov 2018 01:07:52 +0000. Up 59.79 seconds.
ci-info: no authorized ssh keys fingerprints found for user ubuntu.
<14>Nov  6 01:08:04 ec2: 
<14>Nov  6 01:08:04 ec2: #############################################################
<14>Nov  6 01:08:04 ec2: -----BEGIN SSH HOST KEY FINGERPRINTS-----
<14>Nov  6 01:08:04 ec2: 1024 SHA256:CRPbj8O5nazOciqTC6WvXNJxZ6rTq9ssKgoikkhywmU root@ubuntu-xenial (DSA)
<14>Nov  6 01:08:04 ec2: 256 SHA256:dxIfcgO4w4vZujIbje6Lvxel8n8Gyf6eht2DGZ6KleE root@ubuntu-xenial (ECDSA)
<14>Nov  6 01:08:04 ec2: 256 SHA256:uXZpLoa+g0nF39uolMNlhrH0zoFqutKFvcEgeKaz1DY root@ubuntu-xenial (ED25519)
<14>Nov  6 01:08:04 ec2: 2048 SHA256:fJcdbrQzfc+4ytwb8MIwcv//l9UHp2uqjT/fghU+Bss root@ubuntu-xenial (RSA)
<14>Nov  6 01:08:04 ec2: -----END SSH HOST KEY FINGERPRINTS-----
<14>Nov  6 01:08:04 ec2: #############################################################
-----BEGIN SSH HOST KEY KEYS-----
ecdsa-sha2-nistp256 AAAAE2VjZHNhLXNoYTItbmlzdHAyNTYAAAAIbmlzdHAyNTYAAABBBHctY+yZQQLwVwH1NNw8rryQCXPaQxKWbVYvUvuo7wuarm0A1JDwH+NI7XSgxJI6l3lWoJwkQBlrWU3OKtcaLWQ= root@ubuntu-xenial
ssh-ed25519 AAAAC3NzaC1lZDI1NTE5AAAAIMzWXXpGN8OKAO3dTKHagiyqfGxE8dPvu88Pxy4DdcpI root@ubuntu-xenial
ssh-rsa AAAAB3NzaC1yc2EAAAADAQABAAABAQCn9cn7aQwROjIhyskGQdRlOSgA0cquezQBkd8voZEVxuTb8M3unjCv6IvDmb2AujuMq63F/rBiAYh5Wcv9jpSMc0Gdsp9FRDg5GMPpuI/aa0bK2UDRIytAAb/IydmBPqb+xeCex7Qemn+p00fhiqXRlVw+39qHayvs9iKsmRbS1bV+jpPvh3KJv3+Jan5PTHI16WjpXoAPCXRtdzKqXh8Ivq4bdzzDkDM4kDL0sRzzLKXObma4RS0J7wQprks8DzvH6hl2keBMwuXr8mpwSiPeN0gfRzbkw7x9TqNLL2zTMVuVPBe0lvB/YwldE0cZdVvVmIMxjBakKbWcwfgpVaYN root@ubuntu-xenial
-----END SSH HOST KEY KEYS-----
[   71.346307] cloud-init[1572]: Cloud-init v. 18.3-9-g2e62cb8a-0ubuntu1~16.04.2 running 'modules:final' at Tue, 06 Nov 2018 01:08:03 +0000. Up 70.41 seconds.
[   71.346832] cloud-init[1572]: ci-info: no authorized ssh keys fingerprints found for user ubuntu.
[   71.347229] cloud-init[1572]: Cloud-init v. 18.3-9-g2e62cb8a-0ubuntu1~16.04.2 finished at Tue, 06 Nov 2018 01:08:04 +0000. Datasource DataSourceNoCloud [seed=/dev/sdb][dsmode=net].  Up 71.31 seconds
